{'game_id': '11715-11715_game_1', 'team1_id': '606c6ac695907af3823ee6405c58ff1', 'team2_id': 'f4c4528c6981e104a11ea7548630c23', 'date': '2025-01-12 09:24:17', 'data_complete': 'partial', 'url': 'https://lpl.qq.com/es/stats.shtml?bmid=11715', 'league': 'LPL', 'year': '2025', 'split': 'Split 1', 'playoffs': False, 'game_in_series': 1, 'patch': '15.01'}
{'game_id': '11715-11715_game_2', 'team1_id': 'f4c4528c6981e104a11ea7548630c23', 'team2_id': '606c6ac695907af3823ee6405c58ff1', 'date': '2025-01-12 10:26:00', 'data_complete': 'partial', 'url': 'https://lpl.qq.com/es/stats.shtml?bmid=11715', 'league': 'LPL', 'year': '2025', 'split': 'Split 1', 'playoffs': False, 'game_in_series': 2, 'patch': '15.01'}
{'game_id': '11715-11715_game_3', 'team1_id': 'f4c4528c6981e104a11ea7548630c23', 'team2_id': '606c6ac695907af3823ee6405c58ff1', 'date': '2025-01-12 11:21:40', 'data_complete': 'partial', 'url': 'https://lpl.qq.com/es/stats.shtml?bmid=11715', 'league': 'LPL', 'year': '2025', 'split': 'Split 1', 'playoffs': False, 'game_in_series': 3, 'patch': '15.01'}
{'game_id': '11716-11716_game_1', 'team1_id': 'a9145b7711873f53e610fbba0493484', 'team2_id': 'df80f468a3f9a722df056fe9104f052', 'date': '2025-01-13 09:35:11', 'data_complete': 'partial', 'url': 'https://lpl.qq.com/es/stats.shtml?bmid=11716', 'league': 'LPL', 'year': '2025', 'split': 'Split 1', 'playoffs': False, 'game_in_series': 1, 'patch': '15.01'}
{'game_id': '11716-11716_game_2', 'team1_id': 'df80f468a3f9a722df056fe9104f052', 'team2_id': 'a9145b7711873f53e610fbba0493484', 'date': '2025-01-13 10:36:48', 'data_complete': 'partial', 'url': 'https://lpl.qq.com/es/stats.shtml?bmid=11716', 'league': 'LPL', 'year': '2025', 'split': 'Split 1', 'playoffs': False, 'game_in_series': 2, 'patch': '15.01'}
{'game_id': '11716-11716_game_3', 'team1_id': 'a9145b7711873f53e610fbba0493484', 'team2_id': 'df80f468a3f9a722df056fe9104f052', 'date': '2025-01-13 11:33:45', 'data_complete': 'partial', 'url': 'https://lpl.qq.com/es/stats.shtml?bmid=11716', 'league': 'LPL', 'year': '2025', 'split': 'Split 1', 'playoffs': False, 'game_in_series': 3, 'patch': '15.01'}
{'game_id': '11716-11716_game_4', 'team1_id': 'a9145b7711873f53e610fbba0493484', 'team2_id': 'df80f468a3f9a722df056fe9104f052', 'date': '2025-01-13 12:27:12', 'data_complete': 'partial', 'url': 'https://lpl.qq.com/es/stats.shtml?bmid=11716', 'league': 'LPL', 'year': '2025', 'split': 'Split 1', 'playoffs': False, 'game_in_series': 4, 'patch': '15.01'}
{'game_id': '11717-11717_game_1', 'team1_id': '73f3126d91d35faa5d5ce34abadb865', 'team2_id': '33d17f3717f58e12a3da80b377221fb', 'date': '2025-01-14 09:27:56', 'data_complete': 'partial', 'url': 'https://lpl.qq.com/es/stats.shtml?bmid=11717', 'league': 'LPL', 'year': '2025', 'split': 'Split 1', 'playoffs': False, 'game_in_series': 1, 'patch': '15.01'}
{'game_id': '11717-11717_game_2', 'team1_id': '73f3126d91d35faa5d5ce34abadb865', 'team2_id': '33d17f3717f58e12a3da80b377221fb', 'date': '2025-01-14 10:21:38', 'data_complete': 'partial', 'url': 'https://lpl.qq.com/es/stats.shtml?bmid=11717', 'league': 'LPL', 'year': '2025', 'split': 'Split 1', 'playoffs': False, 'game_in_series': 2, 'patch': '15.01'}
{'game_id': '11717-11717_game_3', 'team1_id': '33d17f3717f58e12a3da80b377221fb', 'team2_id': '73f3126d91d35faa5d5ce34abadb865', 'date': '2025-01-14 11:21:38', 'data_complete': 'partial', 'url': 'https://lpl.qq.com/es/stats.shtml?bmid=11717', 'league': 'LPL', 'year': '2025', 'split': 'Split 1', 'playoffs': False, 'game_in_series': 3, 'patch': '15.01'}
{'game_id': '11717-11717_game_4', 'team1_id': '33d17f3717f58e12a3da80b377221fb', 'team2_id': '73f3126d91d35faa5d5ce34abadb865', 'date': '2025-01-14 12:11:52', 'data_complete': 'partial', 'url': 'https://lpl.qq.com/es/stats.shtml?bmid=11717', 'league': 'LPL', 'year': '2025', 'split': 'Split 1', 'playoffs': False, 'game_in_series': 4, 'patch': '15.01'}
{'game_id': '11718-11718_game_1', 'team1_id': '8d09428f093dfbf3c488bce350af0b1', 'team2_id': '606c6ac695907af3823ee6405c58ff1', 'date': '2025-01-15 09:30:43', 'data_complete': 'partial', 'url': 'https://lpl.qq.com/es/stats.shtml?bmid=11718', 'league': 'LPL', 'year': '2025', 'split': 'Split 1', 'playoffs': False, 'game_in_series': 1, 'patch': '15.01'}
{'game_id': '11718-11718_game_2', 'team1_id': '8d09428f093dfbf3c488bce350af0b1', 'team2_id': '606c6ac695907af3823ee6405c58ff1', 'date': '2025-01-15 10:29:59', 'data_complete': 'partial', 'url': 'https://lpl.qq.com/es/stats.shtml?bmid=11718', 'league': 'LPL', 'year': '2025', 'split': 'Split 1', 'playoffs': False, 'game_in_series': 2, 'patch': '15.01'}
{'game_id': '11718-11718_game_3', 'team1_id': '606c6ac695907af3823ee6405c58ff1', 'team2_id': '8d09428f093dfbf3c488bce350af0b1', 'date': '2025-01-15 11:22:40', 'data_complete': 'partial', 'url': 'https://lpl.qq.com/es/stats.shtml?bmid=11718', 'league': 'LPL', 'year': '2025', 'split': 'Split 1', 'playoffs': False, 'game_in_series': 3, 'patch': '15.01'}
{'game_id': '11718-11718_game_4', 'team1_id': '8d09428f093dfbf3c488bce350af0b1', 'team2_id': '606c6ac695907af3823ee6405c58ff1', 'date': '2025-01-15 12:06:15', 'data_complete': 'partial', 'url': 'https://lpl.qq.com/es/stats.shtml?bmid=11718', 'league': 'LPL', 'year': '2025', 'split': 'Split 1', 'playoffs': False, 'game_in_series': 4, 'patch': '15.01'}
{'game_id': '11719-11719_game_1', 'team1_id': '5f401785b6b78326f9a46b3c6b206ed', 'team2_id': 'ed28f87f0cfdba0a2a8f183cebae73a', 'date': '2025-01-16 09:26:37', 'data_complete': 'partial', 'url': 'https://lpl.qq.com/es/stats.shtml?bmid=11719', 'league': 'LPL', 'year': '2025', 'split': 'Split 1', 'playoffs': False, 'game_in_series': 1, 'patch': '15.01'}
{'game_id': '11719-11719_game_2', 'team1_id': '5f401785b6b78326f9a46b3c6b206ed', 'team2_id': 'ed28f87f0cfdba0a2a8f183cebae73a', 'date': '2025-01-16 10:24:20', 'data_complete': 'partial', 'url': 'https://lpl.qq.com/es/stats.shtml?bmid=11719', 'league': 'LPL', 'year': '2025', 'split': 'Split 1', 'playoffs': False, 'game_in_series': 2, 'patch': '15.01'}
{'game_id': '11719-11719_game_3', 'team1_id': '5f401785b6b78326f9a46b3c6b206ed', 'team2_id': 'ed28f87f0cfdba0a2a8f183cebae73a', 'date': '2025-01-16 11:14:07', 'data_complete': 'partial', 'url': 'https://lpl.qq.com/es/stats.shtml?bmid=11719', 'league': 'LPL', 'year': '2025', 'split': 'Split 1', 'playoffs': False, 'game_in_series': 3, 'patch': '15.01'}
{'game_id': '11720-11720_game_1', 'team1_id': '056c3140a119e44a03d462e2c832f27', 'team2_id': 'd356a144644879dabb5f34cd99c886d', 'date': '2025-01-17 09:30:26', 'data_complete': 'partial', 'url': 'https://lpl.qq.com/es/stats.shtml?bmid=11720', 'league': 'LPL', 'year': '2025', 'split': 'Split 1', 'playoffs': False, 'game_in_series': 1, 'patch': '15.01'}
{'game_id': '11720-11720_game_2', 'team1_id': '056c3140a119e44a03d462e2c832f27', 'team2_id': 'd356a144644879dabb5f34cd99c886d', 'date': '2025-01-17 10:26:50', 'data_complete': 'partial', 'url': 'https://lpl.qq.com/es/stats.shtml?bmid=11720', 'league': 'LPL', 'year': '2025', 'split': 'Split 1', 'playoffs': False, 'game_in_series': 2, 'patch': '15.01'}
{'game_id': '11720-11720_game_3', 'team1_id': '056c3140a119e44a03d462e2c832f27', 'team2_id': 'd356a144644879dabb5f34cd99c886d', 'date': '2025-01-17 11:21:48', 'data_complete': 'partial', 'url': 'https://lpl.qq.com/es/stats.shtml?bmid=11720', 'league': 'LPL', 'year': '2025', 'split': 'Split 1', 'playoffs': False, 'game_in_series': 3, 'patch': '15.01'}
{'game_id': '11721-11721_game_1', 'team1_id': 'fcec508e780bbd1ad493852640f5b36', 'team2_id': '62c1cd9465dc63824593ee5046f5aa8', 'date': '2025-01-18 09:30:27', 'data_complete': 'partial', 'url': 'https://lpl.qq.com/es/stats.shtml?bmid=11721', 'league': 'LPL', 'year': '2025', 'split': 'Split 1', 'playoffs': False, 'game_in_series': 1, 'patch': '15.01'}
{'game_id': '11721-11721_game_2', 'team1_id': '62c1cd9465dc63824593ee5046f5aa8', 'team2_id': 'fcec508e780bbd1ad493852640f5b36', 'date': '2025-01-18 10:22:01', 'data_complete': 'partial', 'url': 'https://lpl.qq.com/es/stats.shtml?bmid=11721', 'league': 'LPL', 'year': '2025', 'split': 'Split 1', 'playoffs': False, 'game_in_series': 2, 'patch': '15.01'}
{'game_id': '11721-11721_game_3', 'team1_id': '62c1cd9465dc63824593ee5046f5aa8', 'team2_id': 'fcec508e780bbd1ad493852640f5b36', 'date': '2025-01-18 11:27:25', 'data_complete': 'partial', 'url': 'https://lpl.qq.com/es/stats.shtml?bmid=11721', 'league': 'LPL', 'year': '2025', 'split': 'Split 1', 'playoffs': False, 'game_in_series': 3, 'patch': '15.01'}
{'game_id': '11722-11722_game_1', 'team1_id': '53a258f289c26d94431c0496a54e151', 'team2_id': '48d7941ccbd5b89aca46c57b0c2f8fb', 'date': '2025-01-19 09:27:45', 'data_complete': 'partial', 'url': 'https://lpl.qq.com/es/stats.shtml?bmid=11722', 'league': 'LPL', 'year': '2025', 'split': 'Split 1', 'playoffs': False, 'game_in_series': 1, 'patch': '15.01'}
{'game_id': '11722-11722_game_2', 'team1_id': '48d7941ccbd5b89aca46c57b0c2f8fb', 'team2_id': '53a258f289c26d94431c0496a54e151', 'date': '2025-01-19 10:19:30', 'data_complete': 'partial', 'url': 'https://lpl.qq.com/es/stats.shtml?bmid=11722', 'league': 'LPL', 'year': '2025', 'split': 'Split 1', 'playoffs': False, 'game_in_series': 2, 'patch': '15.01'}
{'game_id': '11722-11722_game_3', 'team1_id': '53a258f289c26d94431c0496a54e151', 'team2_id': '48d7941ccbd5b89aca46c57b0c2f8fb', 'date': '2025-01-19 11:13:50', 'data_complete': 'partial', 'url': 'https://lpl.qq.com/es/stats.shtml?bmid=11722', 'league': 'LPL', 'year': '2025', 'split': 'Split 1', 'playoffs': False, 'game_in_series': 3, 'patch': '15.01'}
{'game_id': '11722-11722_game_4', 'team1_id': '53a258f289c26d94431c0496a54e151', 'team2_id': '48d7941ccbd5b89aca46c57b0c2f8fb', 'date': '2025-01-19 12:08:06', 'data_complete': 'partial', 'url': 'https://lpl.qq.com/es/stats.shtml?bmid=11722', 'league': 'LPL', 'year': '2025', 'split': 'Split 1', 'playoffs': False, 'game_in_series': 4, 'patch': '15.01'}
{'game_id': '11723-11723_game_1', 'team1_id': 'b42d0f31f2727621b963042276817c4', 'team2_id': '8d09428f093dfbf3c488bce350af0b1', 'date': '2025-01-20 09:29:51', 'data_complete': 'partial', 'url': 'https://lpl.qq.com/es/stats.shtml?bmid=11723', 'league': 'LPL', 'year': '2025', 'split': 'Split 1', 'playoffs': False, 'game_in_series': 1, 'patch': '15.01'}
{'game_id': '11723-11723_game_2', 'team1_id': '8d09428f093dfbf3c488bce350af0b1', 'team2_id': 'b42d0f31f2727621b963042276817c4', 'date': '2025-01-20 10:17:30', 'data_complete': 'partial', 'url': 'https://lpl.qq.com/es/stats.shtml?bmid=11723', 'league': 'LPL', 'year': '2025', 'split': 'Split 1', 'playoffs': False, 'game_in_series': 2, 'patch': '15.01'}
{'game_id': '11723-11723_game_3', 'team1_id': '8d09428f093dfbf3c488bce350af0b1', 'team2_id': 'b42d0f31f2727621b963042276817c4', 'date': '2025-01-20 11:16:40', 'data_complete': 'partial', 'url': 'https://lpl.qq.com/es/stats.shtml?bmid=11723', 'league': 'LPL', 'year': '2025', 'split': 'Split 1', 'playoffs': False, 'game_in_series': 3, 'patch': '15.01'}
{'game_id': '11724-11724_game_1', 'team1_id': '056c3140a119e44a03d462e2c832f27', 'team2_id': 'df80f468a3f9a722df056fe9104f052', 'date': '2025-01-21 09:22:17', 'data_complete': 'partial', 'url': 'https://lpl.qq.com/es/stats.shtml?bmid=11724', 'league': 'LPL', 'year': '2025', 'split': 'Split 1', 'playoffs': False, 'game_in_series': 1, 'patch': '15.01'}
{'game_id': '11724-11724_game_2', 'team1_id': 'df80f468a3f9a722df056fe9104f052', 'team2_id': '056c3140a119e44a03d462e2c832f27', 'date': '2025-01-21 10:23:14', 'data_complete': 'partial', 'url': 'https://lpl.qq.com/es/stats.shtml?bmid=11724', 'league': 'LPL', 'year': '2025', 'split': 'Split 1', 'playoffs': False, 'game_in_series': 2, 'patch': '15.01'}
{'game_id': '11724-11724_game_3', 'team1_id': '056c3140a119e44a03d462e2c832f27', 'team2_id': 'df80f468a3f9a722df056fe9104f052', 'date': '2025-01-21 11:16:15', 'data_complete': 'partial', 'url': 'https://lpl.qq.com/es/stats.shtml?bmid=11724', 'league': 'LPL', 'year': '2025', 'split': 'Split 1', 'playoffs': False, 'game_in_series': 3, 'patch': '15.01'}
{'game_id': '11724-11724_game_4', 'team1_id': '056c3140a119e44a03d462e2c832f27', 'team2_id': 'df80f468a3f9a722df056fe9104f052', 'date': '2025-01-21 12:11:42', 'data_complete': 'partial', 'url': 'https://lpl.qq.com/es/stats.shtml?bmid=11724', 'league': 'LPL', 'year': '2025', 'split': 'Split 1', 'playoffs': False, 'game_in_series': 4, 'patch': '15.01'}
{'game_id': '11725-11725_game_1', 'team1_id': '5f401785b6b78326f9a46b3c6b206ed', 'team2_id': '62c1cd9465dc63824593ee5046f5aa8', 'date': '2025-01-22 09:27:10', 'data_complete': 'partial', 'url': 'https://lpl.qq.com/es/stats.shtml?bmid=11725', 'league': 'LPL', 'year': '2025', 'split': 'Split 1', 'playoffs': False, 'game_in_series': 1, 'patch': '15.01'}
{'game_id': '11725-11725_game_2', 'team1_id': '62c1cd9465dc63824593ee5046f5aa8', 'team2_id': '5f401785b6b78326f9a46b3c6b206ed', 'date': '2025-01-22 10:24:03', 'data_complete': 'partial', 'url': 'https://lpl.qq.com/es/stats.shtml?bmid=11725', 'league': 'LPL', 'year': '2025', 'split': 'Split 1', 'playoffs': False, 'game_in_series': 2, 'patch': '15.01'}
{'game_id': '11725-11725_game_3', 'team1_id': '62c1cd9465dc63824593ee5046f5aa8', 'team2_id': '5f401785b6b78326f9a46b3c6b206ed', 'date': '2025-01-22 11:36:39', 'data_complete': 'partial', 'url': 'https://lpl.qq.com/es/stats.shtml?bmid=11725', 'league': 'LPL', 'year': '2025', 'split': 'Split 1', 'playoffs': False, 'game_in_series': 3, 'patch': '15.01'}
{'game_id': '11726-11726_game_1', 'team1_id': 'fcec508e780bbd1ad493852640f5b36', 'team2_id': 'ed28f87f0cfdba0a2a8f183cebae73a', 'date': '2025-01-24 09:34:15', 'data_complete': 'partial', 'url': 'https://lpl.qq.com/es/stats.shtml?bmid=11726', 'league': 'LPL', 'year': '2025', 'split': 'Split 1', 'playoffs': False, 'game_in_series': 1, 'patch': '15.02'}
{'game_id': '11726-11726_game_2', 'team1_id': 'fcec508e780bbd1ad493852640f5b36', 'team2_id': 'ed28f87f0cfdba0a2a8f183cebae73a', 'date': '2025-01-24 10:38:13', 'data_complete': 'partial', 'url': 'https://lpl.qq.com/es/stats.shtml?bmid=11726', 'league': 'LPL', 'year': '2025', 'split': 'Split 1', 'playoffs': False, 'game_in_series': 2, 'patch': '15.02'}
{'game_id': '11726-11726_game_3', 'team1_id': 'ed28f87f0cfdba0a2a8f183cebae73a', 'team2_id': 'fcec508e780bbd1ad493852640f5b36', 'date': '2025-01-24 11:45:17', 'data_complete': 'partial', 'url': 'https://lpl.qq.com/es/stats.shtml?bmid=11726', 'league': 'LPL', 'year': '2025', 'split': 'Split 1', 'playoffs': False, 'game_in_series': 3, 'patch': '15.02'}
{'game_id': '11726-11726_game_4', 'team1_id': 'fcec508e780bbd1ad493852640f5b36', 'team2_id': 'ed28f87f0cfdba0a2a8f183cebae73a', 'date': '2025-01-24 12:49:04', 'data_complete': 'partial', 'url': 'https://lpl.qq.com/es/stats.shtml?bmid=11726', 'league': 'LPL', 'year': '2025', 'split': 'Split 1', 'playoffs': False, 'game_in_series': 4, 'patch': '15.02'}
{'game_id': '11727-11727_game_1', 'team1_id': 'd356a144644879dabb5f34cd99c886d', 'team2_id': 'a9145b7711873f53e610fbba0493484', 'date': '2025-01-25 05:30:35', 'data_complete': 'partial', 'url': 'https://lpl.qq.com/es/stats.shtml?bmid=11727', 'league': 'LPL', 'year': '2025', 'split': 'Split 1', 'playoffs': False, 'game_in_series': 1, 'patch': '15.02'}
{'game_id': '11727-11727_game_2', 'team1_id': 'a9145b7711873f53e610fbba0493484', 'team2_id': 'd356a144644879dabb5f34cd99c886d', 'date': '2025-01-25 06:25:38', 'data_complete': 'partial', 'url': 'https://lpl.qq.com/es/stats.shtml?bmid=11727', 'league': 'LPL', 'year': '2025', 'split': 'Split 1', 'playoffs': False, 'game_in_series': 2, 'patch': '15.02'}
{'game_id': '11727-11727_game_3', 'team1_id': 'a9145b7711873f53e610fbba0493484', 'team2_id': 'd356a144644879dabb5f34cd99c886d', 'date': '2025-01-25 07:19:20', 'data_complete': 'partial', 'url': 'https://lpl.qq.com/es/stats.shtml?bmid=11727', 'league': 'LPL', 'year': '2025', 'split': 'Split 1', 'playoffs': False, 'game_in_series': 3, 'patch': '15.02'}
{'game_id': '11728-11728_game_1', 'team1_id': '53a258f289c26d94431c0496a54e151', 'team2_id': '73f3126d91d35faa5d5ce34abadb865', 'date': '2025-01-25 09:27:08', 'data_complete': 'partial', 'url': 'https://lpl.qq.com/es/stats.shtml?bmid=11728', 'league': 'LPL', 'year': '2025', 'split': 'Split 1', 'playoffs': False, 'game_in_series': 1, 'patch': '15.02'}
{'game_id': '11728-11728_game_2', 'team1_id': '53a258f289c26d94431c0496a54e151', 'team2_id': '73f3126d91d35faa5d5ce34abadb865', 'date': '2025-01-25 10:29:01', 'data_complete': 'partial', 'url': 'https://lpl.qq.com/es/stats.shtml?bmid=11728', 'league': 'LPL', 'year': '2025', 'split': 'Split 1', 'playoffs': False, 'game_in_series': 2, 'patch': '15.02'}
{'game_id': '11728-11728_game_3', 'team1_id': '73f3126d91d35faa5d5ce34abadb865', 'team2_id': '53a258f289c26d94431c0496a54e151', 'date': '2025-01-25 11:32:50', 'data_complete': 'partial', 'url': 'https://lpl.qq.com/es/stats.shtml?bmid=11728', 'league': 'LPL', 'year': '2025', 'split': 'Split 1', 'playoffs': False, 'game_in_series': 3, 'patch': '15.02'}
{'game_id': '11728-11728_game_4', 'team1_id': '53a258f289c26d94431c0496a54e151', 'team2_id': '73f3126d91d35faa5d5ce34abadb865', 'date': '2025-01-25 12:23:54', 'data_complete': 'partial', 'url': 'https://lpl.qq.com/es/stats.shtml?bmid=11728', 'league': 'LPL', 'year': '2025', 'split': 'Split 1', 'playoffs': False, 'game_in_series': 4, 'patch': '15.02'}
{'game_id': '11729-11729_game_1', 'team1_id': '48d7941ccbd5b89aca46c57b0c2f8fb', 'team2_id': '33d17f3717f58e12a3da80b377221fb', 'date': '2025-02-08 09:23:57', 'data_complete': 'partial', 'url': 'https://lpl.qq.com/es/stats.shtml?bmid=11729', 'league': 'LPL', 'year': '2025', 'split': 'Split 1', 'playoffs': False, 'game_in_series': 1, 'patch': '15.02'}
{'game_id': '11729-11729_game_2', 'team1_id': '33d17f3717f58e12a3da80b377221fb', 'team2_id': '48d7941ccbd5b89aca46c57b0c2f8fb', 'date': '2025-02-08 10:12:40', 'data_complete': 'partial', 'url': 'https://lpl.qq.com/es/stats.shtml?bmid=11729', 'league': 'LPL', 'year': '2025', 'split': 'Split 1', 'playoffs': False, 'game_in_series': 2, 'patch': '15.02'}
{'game_id': '11729-11729_game_3', 'team1_id': '33d17f3717f58e12a3da80b377221fb', 'team2_id': '48d7941ccbd5b89aca46c57b0c2f8fb', 'date': '2025-02-08 11:11:14', 'data_complete': 'partial', 'url': 'https://lpl.qq.com/es/stats.shtml?bmid=11729', 'league': 'LPL', 'year': '2025', 'split': 'Split 1', 'playoffs': False, 'game_in_series': 3, 'patch': '15.02'}
{'game_id': '11730-11730_game_1', 'team1_id': 'b42d0f31f2727621b963042276817c4', 'team2_id': '606c6ac695907af3823ee6405c58ff1', 'date': '2025-02-09 09:26:01', 'data_complete': 'partial', 'url': 'https://lpl.qq.com/es/stats.shtml?bmid=11730', 'league': 'LPL', 'year': '2025', 'split': 'Split 1', 'playoffs': False, 'game_in_series': 1, 'patch': '15.02'}
{'game_id': '11730-11730_game_2', 'team1_id': 'b42d0f31f2727621b963042276817c4', 'team2_id': '606c6ac695907af3823ee6405c58ff1', 'date': '2025-02-09 10:23:23', 'data_complete': 'partial', 'url': 'https://lpl.qq.com/es/stats.shtml?bmid=11730', 'league': 'LPL', 'year': '2025', 'split': 'Split 1', 'playoffs': False, 'game_in_series': 2, 'patch': '15.02'}
{'game_id': '11730-11730_game_3', 'team1_id': '606c6ac695907af3823ee6405c58ff1', 'team2_id': 'b42d0f31f2727621b963042276817c4', 'date': '2025-02-09 11:14:45', 'data_complete': 'partial', 'url': 'https://lpl.qq.com/es/stats.shtml?bmid=11730', 'league': 'LPL', 'year': '2025', 'split': 'Split 1', 'playoffs': False, 'game_in_series': 3, 'patch': '15.02'}
{'game_id': '11730-11730_game_4', 'team1_id': 'b42d0f31f2727621b963042276817c4', 'team2_id': '606c6ac695907af3823ee6405c58ff1', 'date': '2025-02-09 12:16:15', 'data_complete': 'partial', 'url': 'https://lpl.qq.com/es/stats.shtml?bmid=11730', 'league': 'LPL', 'year': '2025', 'split': 'Split 1', 'playoffs': False, 'game_in_series': 4, 'patch': '15.02'}
{'game_id': '11730-11730_game_5', 'team1_id': '606c6ac695907af3823ee6405c58ff1', 'team2_id': 'b42d0f31f2727621b963042276817c4', 'date': '2025-02-09 13:12:03', 'data_complete': 'partial', 'url': 'https://lpl.qq.com/es/stats.shtml?bmid=11730', 'league': 'LPL', 'year': '2025', 'split': 'Split 1', 'playoffs': False, 'game_in_series': 5, 'patch': '15.02'}
{'game_id': '11731-11731_game_1', 'team1_id': '62c1cd9465dc63824593ee5046f5aa8', 'team2_id': 'ed28f87f0cfdba0a2a8f183cebae73a', 'date': '2025-02-10 09:27:30', 'data_complete': 'partial', 'url': 'https://lpl.qq.com/es/stats.shtml?bmid=11731', 'league': 'LPL', 'year': '2025', 'split': 'Split 1', 'playoffs': False, 'game_in_series': 1, 'patch': '15.02'}
{'game_id': '11731-11731_game_2', 'team1_id': '62c1cd9465dc63824593ee5046f5aa8', 'team2_id': 'ed28f87f0cfdba0a2a8f183cebae73a', 'date': '2025-02-10 10:34:38', 'data_complete': 'partial', 'url': 'https://lpl.qq.com/es/stats.shtml?bmid=11731', 'league': 'LPL', 'year': '2025', 'split': 'Split 1', 'playoffs': False, 'game_in_series': 2, 'patch': '15.02'}
{'game_id': '11731-11731_game_3', 'team1_id': '62c1cd9465dc63824593ee5046f5aa8', 'team2_id': 'ed28f87f0cfdba0a2a8f183cebae73a', 'date': '2025-02-10 11:25:53', 'data_complete': 'partial', 'url': 'https://lpl.qq.com/es/stats.shtml?bmid=11731', 'league': 'LPL', 'year': '2025', 'split': 'Split 1', 'playoffs': False, 'game_in_series': 3, 'patch': '15.02'}
{'game_id': '11731-11731_game_4', 'team1_id': 'ed28f87f0cfdba0a2a8f183cebae73a', 'team2_id': '62c1cd9465dc63824593ee5046f5aa8', 'date': '2025-02-10 12:20:38', 'data_complete': 'partial', 'url': 'https://lpl.qq.com/es/stats.shtml?bmid=11731', 'league': 'LPL', 'year': '2025', 'split': 'Split 1', 'playoffs': False, 'game_in_series': 4, 'patch': '15.02'}
{'game_id': '11732-11732_game_1', 'team1_id': '056c3140a119e44a03d462e2c832f27', 'team2_id': 'a9145b7711873f53e610fbba0493484', 'date': '2025-02-11 09:23:13', 'data_complete': 'partial', 'url': 'https://lpl.qq.com/es/stats.shtml?bmid=11732', 'league': 'LPL', 'year': '2025', 'split': 'Split 1', 'playoffs': False, 'game_in_series': 1, 'patch': '15.02'}
{'game_id': '11732-11732_game_2', 'team1_id': 'a9145b7711873f53e610fbba0493484', 'team2_id': '056c3140a119e44a03d462e2c832f27', 'date': '2025-02-11 10:22:07', 'data_complete': 'partial', 'url': 'https://lpl.qq.com/es/stats.shtml?bmid=11732', 'league': 'LPL', 'year': '2025', 'split': 'Split 1', 'playoffs': False, 'game_in_series': 2, 'patch': '15.02'}
{'game_id': '11732-11732_game_3', 'team1_id': 'a9145b7711873f53e610fbba0493484', 'team2_id': '056c3140a119e44a03d462e2c832f27', 'date': '2025-02-11 11:20:26', 'data_complete': 'partial', 'url': 'https://lpl.qq.com/es/stats.shtml?bmid=11732', 'league': 'LPL', 'year': '2025', 'split': 'Split 1', 'playoffs': False, 'game_in_series': 3, 'patch': '15.02'}
{'game_id': '11733-11733_game_1', 'team1_id': '8d09428f093dfbf3c488bce350af0b1', 'team2_id': 'f4c4528c6981e104a11ea7548630c23', 'date': '2025-02-12 09:24:21', 'data_complete': 'partial', 'url': 'https://lpl.qq.com/es/stats.shtml?bmid=11733', 'league': 'LPL', 'year': '2025', 'split': 'Split 1', 'playoffs': False, 'game_in_series': 1, 'patch': '15.02'}
{'game_id': '11733-11733_game_2', 'team1_id': '8d09428f093dfbf3c488bce350af0b1', 'team2_id': 'f4c4528c6981e104a11ea7548630c23', 'date': '2025-02-12 10:19:49', 'data_complete': 'partial', 'url': 'https://lpl.qq.com/es/stats.shtml?bmid=11733', 'league': 'LPL', 'year': '2025', 'split': 'Split 1', 'playoffs': False, 'game_in_series': 2, 'patch': '15.02'}
{'game_id': '11733-11733_game_3', 'team1_id': 'f4c4528c6981e104a11ea7548630c23', 'team2_id': '8d09428f093dfbf3c488bce350af0b1', 'date': '2025-02-12 11:19:18', 'data_complete': 'partial', 'url': 'https://lpl.qq.com/es/stats.shtml?bmid=11733', 'league': 'LPL', 'year': '2025', 'split': 'Split 1', 'playoffs': False, 'game_in_series': 3, 'patch': '15.02'}
{'game_id': '11733-11733_game_4', 'team1_id': 'f4c4528c6981e104a11ea7548630c23', 'team2_id': '8d09428f093dfbf3c488bce350af0b1', 'date': '2025-02-12 12:18:08', 'data_complete': 'partial', 'url': 'https://lpl.qq.com/es/stats.shtml?bmid=11733', 'league': 'LPL', 'year': '2025', 'split': 'Split 1', 'playoffs': False, 'game_in_series': 4, 'patch': '15.02'}
{'game_id': '11733-11733_game_5', 'team1_id': '8d09428f093dfbf3c488bce350af0b1', 'team2_id': 'f4c4528c6981e104a11ea7548630c23', 'date': '2025-02-12 13:19:29', 'data_complete': 'partial', 'url': 'https://lpl.qq.com/es/stats.shtml?bmid=11733', 'league': 'LPL', 'year': '2025', 'split': 'Split 1', 'playoffs': False, 'game_in_series': 5, 'patch': '15.02'}
{'game_id': '11734-11734_game_1', 'team1_id': '73f3126d91d35faa5d5ce34abadb865', 'team2_id': '48d7941ccbd5b89aca46c57b0c2f8fb', 'date': '2025-02-13 09:22:51', 'data_complete': 'partial', 'url': 'https://lpl.qq.com/es/stats.shtml?bmid=11734', 'league': 'LPL', 'year': '2025', 'split': 'Split 1', 'playoffs': False, 'game_in_series': 1, 'patch': '15.02'}
{'game_id': '11734-11734_game_2', 'team1_id': '73f3126d91d35faa5d5ce34abadb865', 'team2_id': '48d7941ccbd5b89aca46c57b0c2f8fb', 'date': '2025-02-13 10:25:17', 'data_complete': 'partial', 'url': 'https://lpl.qq.com/es/stats.shtml?bmid=11734', 'league': 'LPL', 'year': '2025', 'split': 'Split 1', 'playoffs': False, 'game_in_series': 2, 'patch': '15.02'}
{'game_id': '11734-11734_game_3', 'team1_id': '48d7941ccbd5b89aca46c57b0c2f8fb', 'team2_id': '73f3126d91d35faa5d5ce34abadb865', 'date': '2025-02-13 11:15:59', 'data_complete': 'partial', 'url': 'https://lpl.qq.com/es/stats.shtml?bmid=11734', 'league': 'LPL', 'year': '2025', 'split': 'Split 1', 'playoffs': False, 'game_in_series': 3, 'patch': '15.02'}
{'game_id': '11735-11735_game_1', 'team1_id': 'd356a144644879dabb5f34cd99c886d', 'team2_id': 'df80f468a3f9a722df056fe9104f052', 'date': '2025-02-14 09:22:47', 'data_complete': 'partial', 'url': 'https://lpl.qq.com/es/stats.shtml?bmid=11735', 'league': 'LPL', 'year': '2025', 'split': 'Split 1', 'playoffs': False, 'game_in_series': 1, 'patch': '15.02'}
{'game_id': '11735-11735_game_2', 'team1_id': 'df80f468a3f9a722df056fe9104f052', 'team2_id': 'd356a144644879dabb5f34cd99c886d', 'date': '2025-02-14 10:16:55', 'data_complete': 'partial', 'url': 'https://lpl.qq.com/es/stats.shtml?bmid=11735', 'league': 'LPL', 'year': '2025', 'split': 'Split 1', 'playoffs': False, 'game_in_series': 2, 'patch': '15.02'}
{'game_id': '11735-11735_game_3', 'team1_id': 'd356a144644879dabb5f34cd99c886d', 'team2_id': 'df80f468a3f9a722df056fe9104f052', 'date': '2025-02-14 11:12:43', 'data_complete': 'partial', 'url': 'https://lpl.qq.com/es/stats.shtml?bmid=11735', 'league': 'LPL', 'year': '2025', 'split': 'Split 1', 'playoffs': False, 'game_in_series': 3, 'patch': '15.02'}
{'game_id': '11735-11735_game_4', 'team1_id': 'df80f468a3f9a722df056fe9104f052', 'team2_id': 'd356a144644879dabb5f34cd99c886d', 'date': '2025-02-14 12:03:07', 'data_complete': 'partial', 'url': 'https://lpl.qq.com/es/stats.shtml?bmid=11735', 'league': 'LPL', 'year': '2025', 'split': 'Split 1', 'playoffs': False, 'game_in_series': 4, 'patch': '15.02'}
{'game_id': '11735-11735_game_5', 'team1_id': 'df80f468a3f9a722df056fe9104f052', 'team2_id': 'd356a144644879dabb5f34cd99c886d', 'date': '2025-02-14 12:53:17', 'data_complete': 'partial', 'url': 'https://lpl.qq.com/es/stats.shtml?bmid=11735', 'league': 'LPL', 'year': '2025', 'split': 'Split 1', 'playoffs': False, 'game_in_series': 5, 'patch': '15.02'}
{'game_id': '11736-11736_game_1', 'team1_id': '33d17f3717f58e12a3da80b377221fb', 'team2_id': '53a258f289c26d94431c0496a54e151', 'date': '2025-02-15 09:25:33', 'data_complete': 'partial', 'url': 'https://lpl.qq.com/es/stats.shtml?bmid=11736', 'league': 'LPL', 'year': '2025', 'split': 'Split 1', 'playoffs': False, 'game_in_series': 1, 'patch': '15.02'}
{'game_id': '11736-11736_game_2', 'team1_id': '33d17f3717f58e12a3da80b377221fb', 'team2_id': '53a258f289c26d94431c0496a54e151', 'date': '2025-02-15 10:26:02', 'data_complete': 'partial', 'url': 'https://lpl.qq.com/es/stats.shtml?bmid=11736', 'league': 'LPL', 'year': '2025', 'split': 'Split 1', 'playoffs': False, 'game_in_series': 2, 'patch': '15.02'}
{'game_id': '11736-11736_game_3', 'team1_id': '33d17f3717f58e12a3da80b377221fb', 'team2_id': '53a258f289c26d94431c0496a54e151', 'date': '2025-02-15 11:09:37', 'data_complete': 'partial', 'url': 'https://lpl.qq.com/es/stats.shtml?bmid=11736', 'league': 'LPL', 'year': '2025', 'split': 'Split 1', 'playoffs': False, 'game_in_series': 3, 'patch': '15.02'}
{'game_id': '11737-11737_game_1', 'team1_id': 'fcec508e780bbd1ad493852640f5b36', 'team2_id': '5f401785b6b78326f9a46b3c6b206ed', 'date': '2025-02-16 09:24:17', 'data_complete': 'partial', 'url': 'https://lpl.qq.com/es/stats.shtml?bmid=11737', 'league': 'LPL', 'year': '2025', 'split': 'Split 1', 'playoffs': False, 'game_in_series': 1, 'patch': '15.02'}
{'game_id': '11737-11737_game_2', 'team1_id': '5f401785b6b78326f9a46b3c6b206ed', 'team2_id': 'fcec508e780bbd1ad493852640f5b36', 'date': '2025-02-16 10:21:45', 'data_complete': 'partial', 'url': 'https://lpl.qq.com/es/stats.shtml?bmid=11737', 'league': 'LPL', 'year': '2025', 'split': 'Split 1', 'playoffs': False, 'game_in_series': 2, 'patch': '15.02'}
{'game_id': '11737-11737_game_3', 'team1_id': '5f401785b6b78326f9a46b3c6b206ed', 'team2_id': 'fcec508e780bbd1ad493852640f5b36', 'date': '2025-02-16 11:10:52', 'data_complete': 'partial', 'url': 'https://lpl.qq.com/es/stats.shtml?bmid=11737', 'league': 'LPL', 'year': '2025', 'split': 'Split 1', 'playoffs': False, 'game_in_series': 3, 'patch': '15.02'}
{'game_id': '11738-11738_game_1', 'team1_id': 'f4c4528c6981e104a11ea7548630c23', 'team2_id': 'b42d0f31f2727621b963042276817c4', 'date': '2025-01-23 09:23:46', 'data_complete': 'partial', 'url': 'https://lpl.qq.com/es/stats.shtml?bmid=11738', 'league': 'LPL', 'year': '2025', 'split': 'Split 1', 'playoffs': False, 'game_in_series': 1, 'patch': '15.01'}
{'game_id': '11738-11738_game_2', 'team1_id': 'b42d0f31f2727621b963042276817c4', 'team2_id': 'f4c4528c6981e104a11ea7548630c23', 'date': '2025-01-23 10:20:54', 'data_complete': 'partial', 'url': 'https://lpl.qq.com/es/stats.shtml?bmid=11738', 'league': 'LPL', 'year': '2025', 'split': 'Split 1', 'playoffs': False, 'game_in_series': 2, 'patch': '15.01'}
{'game_id': '11738-11738_game_3', 'team1_id': 'f4c4528c6981e104a11ea7548630c23', 'team2_id': 'b42d0f31f2727621b963042276817c4', 'date': '2025-01-23 11:11:52', 'data_complete': 'partial', 'url': 'https://lpl.qq.com/es/stats.shtml?bmid=11738', 'league': 'LPL', 'year': '2025', 'split': 'Split 1', 'playoffs': False, 'game_in_series': 3, 'patch': '15.01'}
{'game_id': '11738-11738_game_4', 'team1_id': 'b42d0f31f2727621b963042276817c4', 'team2_id': 'f4c4528c6981e104a11ea7548630c23', 'date': '2025-01-23 12:12:51', 'data_complete': 'partial', 'url': 'https://lpl.qq.com/es/stats.shtml?bmid=11738', 'league': 'LPL', 'year': '2025', 'split': 'Split 1', 'playoffs': False, 'game_in_series': 4, 'patch': '15.01'}
{'game_id': '11738-11738_game_5', 'team1_id': 'f4c4528c6981e104a11ea7548630c23', 'team2_id': 'b42d0f31f2727621b963042276817c4', 'date': '2025-01-23 12:57:38', 'data_complete': 'partial', 'url': 'https://lpl.qq.com/es/stats.shtml?bmid=11738', 'league': 'LPL', 'year': '2025', 'split': 'Split 1', 'playoffs': False, 'game_in_series': 5, 'patch': '15.01'}
{'game_id': 'LOLTMNT01_189225', 'team1_id': '692bccdba8ec7050f5aeb916815439e', 'team2_id': '6c41c4480bff43bc71e870013760b38', 'date': '2025-01-18 14:32:40', 'data_complete': 'complete', 'url': None, 'league': 'LCP', 'year': '2025', 'split': 'Split 1', 'playoffs': False, 'game_in_series': 2, 'patch': '15.01'}
{'game_id': 'LOLTMNT01_189281', 'team1_id': 'fe099196385a285d6d6edde504dc1f6', 'team2_id': '9cae7677cd0dbcc1cd86653870b73c2', 'date': '2025-01-19 11:42:16', 'data_complete': 'complete', 'url': None, 'league': 'LCP', 'year': '2025', 'split': 'Split 1', 'playoffs': False, 'game_in_series': 2, 'patch': '15.01'}
{'game_id': 'LOLTMNT01_189290', 'team1_id': 'd8ca3fc1f0827ec76369af7b70d43e3', 'team2_id': '0916b3c324c8577b0c6344f3e067f62', 'date': '2025-01-19 13:25:52', 'data_complete': 'complete', 'url': None, 'league': 'LCP', 'year': '2025', 'split': 'Split 1', 'playoffs': False, 'game_in_series': 1, 'patch': '15.01'}
{'game_id': 'LOLTMNT01_189291', 'team1_id': 'd8ca3fc1f0827ec76369af7b70d43e3', 'team2_id': '0916b3c324c8577b0c6344f3e067f62', 'date': '2025-01-19 14:29:13', 'data_complete': 'complete', 'url': None, 'league': 'LCP', 'year': '2025', 'split': 'Split 1', 'playoffs': False, 'game_in_series': 2, 'patch': '15.01'}
{'game_id': 'LOLTMNT01_189329', 'team1_id': '4410ecf1b88f1316b6e6c110120c896', 'team2_id': 'd932b52fb3a9d5fad174728a969ee14', 'date': '2025-01-21 14:10:53', 'data_complete': 'complete', 'url': None, 'league': 'HLL', 'year': '2025', 'split': 'Winter', 'playoffs': False, 'game_in_series': 1, 'patch': '15.01'}
{'game_id': 'LOLTMNT01_189338', 'team1_id': '9bd7ce113c5d4ff95b1c75205356a3f', 'team2_id': '3a96025b8db516e2c44dbb3c0b31996', 'date': '2025-01-21 15:53:46', 'data_complete': 'complete', 'url': None, 'league': 'HLL', 'year': '2025', 'split': 'Winter', 'playoffs': False, 'game_in_series': 1, 'patch': '15.01'}
{'game_id': 'LOLTMNT01_189428', 'team1_id': 'd932b52fb3a9d5fad174728a969ee14', 'team2_id': '6a68fff9fc521e2fbcab2fc19978d24', 'date': '2025-01-22 17:08:39', 'data_complete': 'complete', 'url': None, 'league': 'HLL', 'year': '2025', 'split': 'Winter', 'playoffs': False, 'game_in_series': 1, 'patch': '15.01'}
{'game_id': 'LOLTMNT01_189496', 'team1_id': '03e2d2e3168da8b4e8f381342cb59cb', 'team2_id': 'b19ab22267512e77945cd498106dcf1', 'date': '2025-01-23 14:06:42', 'data_complete': 'complete', 'url': None, 'league': 'HLL', 'year': '2025', 'split': 'Winter', 'playoffs': False, 'game_in_series': 1, 'patch': '15.01'}
{'game_id': 'LOLTMNT01_189502', 'team1_id': '9bd7ce113c5d4ff95b1c75205356a3f', 'team2_id': 'd932b52fb3a9d5fad174728a969ee14', 'date': '2025-01-23 14:57:00', 'data_complete': 'complete', 'url': None, 'league': 'HLL', 'year': '2025', 'split': 'Winter', 'playoffs': False, 'game_in_series': 1, 'patch': '15.01'}
{'game_id': 'LOLTMNT01_189522', 'team1_id': '4410ecf1b88f1316b6e6c110120c896', 'team2_id': '6a68fff9fc521e2fbcab2fc19978d24', 'date': '2025-01-23 16:03:38', 'data_complete': 'complete', 'url': None, 'league': 'HLL', 'year': '2025', 'split': 'Winter', 'playoffs': False, 'game_in_series': 1, 'patch': '15.01'}
{'game_id': 'LOLTMNT01_189523', 'team1_id': '8065dbb2f6c7eb09df70a55bea52136', 'team2_id': None, 'date': '2025-01-23 16:22:48', 'data_complete': 'complete', 'url': None, 'league': 'HW', 'year': '2025', 'split': None, 'playoffs': False, 'game_in_series': 1, 'patch': '15.01'}
{'game_id': 'LOLTMNT01_189529', 'team1_id': '75a4d34e4afac036d164b0f1a580486', 'team2_id': '3a96025b8db516e2c44dbb3c0b31996', 'date': '2025-01-23 17:01:27', 'data_complete': 'complete', 'url': None, 'league': 'HLL', 'year': '2025', 'split': 'Winter', 'playoffs': False, 'game_in_series': 1, 'patch': '15.01'}
{'game_id': 'LOLTMNT01_190147', 'team1_id': '740de582f50775c516c77ed7b923fd5', 'team2_id': 'e435aa3ecb82a89e60544f5f5857a81', 'date': '2025-01-18 10:26:59', 'data_complete': 'complete', 'url': None, 'league': 'LCP', 'year': '2025', 'split': 'Split 1', 'playoffs': False, 'game_in_series': 1, 'patch': '15.01'}
{'game_id': 'LOLTMNT01_190170', 'team1_id': 'e435aa3ecb82a89e60544f5f5857a81', 'team2_id': '740de582f50775c516c77ed7b923fd5', 'date': '2025-01-18 11:21:08', 'data_complete': 'complete', 'url': None, 'league': 'LCP', 'year': '2025', 'split': 'Split 1', 'playoffs': False, 'game_in_series': 2, 'patch': '15.01'}
{'game_id': 'LOLTMNT01_190206', 'team1_id': '6c41c4480bff43bc71e870013760b38', 'team2_id': '692bccdba8ec7050f5aeb916815439e', 'date': '2025-01-18 13:28:20', 'data_complete': 'complete', 'url': None, 'league': 'LCP', 'year': '2025', 'split': 'Split 1', 'playoffs': False, 'game_in_series': 1, 'patch': '15.01'}
{'game_id': 'LOLTMNT01_190269', 'team1_id': '9cae7677cd0dbcc1cd86653870b73c2', 'team2_id': 'fe099196385a285d6d6edde504dc1f6', 'date': '2025-01-19 10:37:27', 'data_complete': 'complete', 'url': None, 'league': 'LCP', 'year': '2025', 'split': 'Split 1', 'playoffs': False, 'game_in_series': 1, 'patch': '15.01'}
{'game_id': 'LOLTMNT01_190305', 'team1_id': '6a68fff9fc521e2fbcab2fc19978d24', 'team2_id': 'b19ab22267512e77945cd498106dcf1', 'date': '2025-01-21 14:58:09', 'data_complete': 'complete', 'url': None, 'league': 'HLL', 'year': '2025', 'split': 'Winter', 'playoffs': False, 'game_in_series': 1, 'patch': '15.01'}
{'game_id': 'LOLTMNT01_190317', 'team1_id': '03e2d2e3168da8b4e8f381342cb59cb', 'team2_id': '75a4d34e4afac036d164b0f1a580486', 'date': '2025-01-21 16:53:53', 'data_complete': 'complete', 'url': None, 'league': 'HLL', 'year': '2025', 'split': 'Winter', 'playoffs': False, 'game_in_series': 1, 'patch': '15.01'}
{'game_id': 'LOLTMNT01_190386', 'team1_id': '3a96025b8db516e2c44dbb3c0b31996', 'team2_id': '03e2d2e3168da8b4e8f381342cb59cb', 'date': '2025-01-22 14:27:57', 'data_complete': 'complete', 'url': None, 'league': 'HLL', 'year': '2025', 'split': 'Winter', 'playoffs': False, 'game_in_series': 1, 'patch': '15.01'}
{'game_id': 'LOLTMNT01_190394', 'team1_id': '75a4d34e4afac036d164b0f1a580486', 'team2_id': '4410ecf1b88f1316b6e6c110120c896', 'date': '2025-01-22 15:10:37', 'data_complete': 'complete', 'url': None, 'league': 'HLL', 'year': '2025', 'split': 'Winter', 'playoffs': False, 'game_in_series': 1, 'patch': '15.01'}
{'game_id': 'LOLTMNT01_190396', 'team1_id': 'b19ab22267512e77945cd498106dcf1', 'team2_id': '9bd7ce113c5d4ff95b1c75205356a3f', 'date': '2025-01-22 16:18:42', 'data_complete': 'complete', 'url': None, 'league': 'HLL', 'year': '2025', 'split': 'Winter', 'playoffs': False, 'game_in_series': 1, 'patch': '15.01'}
{'game_id': 'LOLTMNT01_190509', 'team1_id': None, 'team2_id': '8065dbb2f6c7eb09df70a55bea52136', 'date': '2025-01-23 17:26:04', 'data_complete': 'complete', 'url': None, 'league': 'HW', 'year': '2025', 'split': None, 'playoffs': False, 'game_in_series': 2, 'patch': '15.01'}
{'game_id': 'LOLTMNT01_191260', 'team1_id': None, 'team2_id': None, 'date': '2025-01-24 18:07:33', 'data_complete': 'complete', 'url': None, 'league': 'HW', 'year': '2025', 'split': None, 'playoffs': False, 'game_in_series': 3, 'patch': '15.02'}
{'game_id': 'LOLTMNT01_191298', 'team1_id': None, 'team2_id': '6ec5a2c4ca3b81f6c486a6f0e7fc54d', 'date': '2025-01-24 19:54:48', 'data_complete': 'complete', 'url': None, 'league': 'HW', 'year': '2025', 'split': None, 'playoffs': False, 'game_in_series': 2, 'patch': '15.02'}
{'game_id': 'LOLTMNT01_191475', 'team1_id': None, 'team2_id': None, 'date': '2025-01-25 08:15:43', 'data_complete': 'complete', 'url': None, 'league': 'LJL', 'year': '2025', 'split': 'Forge', 'playoffs': False, 'game_in_series': 1, 'patch': '15.02'}
{'game_id': 'LOLTMNT01_191488', 'team1_id': None, 'team2_id': None, 'date': '2025-01-25 08:32:04', 'data_complete': 'complete', 'url': None, 'league': 'LJL', 'year': '2025', 'split': 'Forge', 'playoffs': False, 'game_in_series': 1, 'patch': '15.02'}
{'game_id': 'LOLTMNT01_191492', 'team1_id': None, 'team2_id': None, 'date': '2025-01-25 09:18:23', 'data_complete': 'complete', 'url': None, 'league': 'LJL', 'year': '2025', 'split': 'Forge', 'playoffs': False, 'game_in_series': 1, 'patch': '15.02'}
{'game_id': 'LOLTMNT01_191513', 'team1_id': 'd8ca3fc1f0827ec76369af7b70d43e3', 'team2_id': 'fe099196385a285d6d6edde504dc1f6', 'date': '2025-01-25 10:23:08', 'data_complete': 'complete', 'url': None, 'league': 'LCP', 'year': '2025', 'split': 'Split 1', 'playoffs': False, 'game_in_series': 1, 'patch': '15.02'}
{'game_id': 'LOLTMNT01_191514', 'team1_id': None, 'team2_id': None, 'date': '2025-01-25 10:38:21', 'data_complete': 'complete', 'url': None, 'league': 'LJL', 'year': '2025', 'split': 'Forge', 'playoffs': False, 'game_in_series': 1, 'patch': '15.02'}
{'game_id': 'LOLTMNT01_191597', 'team1_id': '658a021a796aa5501503220adb38cf4', 'team2_id': '61450737f7b683db4da7b3e0bf0dced', 'date': '2025-01-25 16:17:11', 'data_complete': 'complete', 'url': None, 'league': 'LTA S', 'year': '2025', 'split': 'Split 1', 'playoffs': False, 'game_in_series': 1, 'patch': '15.02'}
{'game_id': 'LOLTMNT01_191624', 'team1_id': '61450737f7b683db4da7b3e0bf0dced', 'team2_id': '658a021a796aa5501503220adb38cf4', 'date': '2025-01-25 17:33:08', 'data_complete': 'complete', 'url': None, 'league': 'LTA S', 'year': '2025', 'split': 'Split 1', 'playoffs': False, 'game_in_series': 2, 'patch': '15.02'}
{'game_id': 'LOLTMNT01_191692', 'team1_id': 'b9e44c69c1a70fb35df9be96f9eafea', 'team2_id': '53ef3d5a3ac5d88bc000eff7d87aeb3', 'date': '2025-01-25 20:33:15', 'data_complete': 'complete', 'url': None, 'league': 'LTA S', 'year': '2025', 'split': 'Split 1', 'playoffs': False, 'game_in_series': 2, 'patch': '15.02'}
{'game_id': 'LOLTMNT01_191712', 'team1_id': 'b360f1d729b0a8e0f29a5243c4200fa', 'team2_id': '2e66da41dc460dd378e3bcc57042d31', 'date': '2025-01-25 21:14:31', 'data_complete': 'complete', 'url': None, 'league': 'LTA N', 'year': '2025', 'split': 'Split 1', 'playoffs': False, 'game_in_series': 1, 'patch': '15.02'}
{'game_id': 'LOLTMNT01_191715', 'team1_id': '53ef3d5a3ac5d88bc000eff7d87aeb3', 'team2_id': 'b9e44c69c1a70fb35df9be96f9eafea', 'date': '2025-01-25 21:17:56', 'data_complete': 'complete', 'url': None, 'league': 'LTA S', 'year': '2025', 'split': 'Split 1', 'playoffs': False, 'game_in_series': 3, 'patch': '15.02'}
{'game_id': 'LOLTMNT01_191718', 'team1_id': 'b360f1d729b0a8e0f29a5243c4200fa', 'team2_id': '2e66da41dc460dd378e3bcc57042d31', 'date': '2025-01-25 22:01:01', 'data_complete': 'complete', 'url': None, 'league': 'LTA N', 'year': '2025', 'split': 'Split 1', 'playoffs': False, 'game_in_series': 2, 'patch': '15.02'}
{'game_id': 'LOLTMNT01_191805', 'team1_id': None, 'team2_id': None, 'date': '2025-01-26 06:08:05', 'data_complete': 'complete', 'url': None, 'league': 'LJL', 'year': '2025', 'split': 'Forge', 'playoffs': False, 'game_in_series': 1, 'patch': '15.02'}
{'game_id': 'LOLTMNT01_191806', 'team1_id': None, 'team2_id': None, 'date': '2025-01-26 06:09:11', 'data_complete': 'complete', 'url': None, 'league': 'LJL', 'year': '2025', 'split': 'Forge', 'playoffs': False, 'game_in_series': 1, 'patch': '15.02'}
{'game_id': 'LOLTMNT01_191831', 'team1_id': None, 'team2_id': None, 'date': '2025-01-26 07:09:57', 'data_complete': 'complete', 'url': None, 'league': 'LJL', 'year': '2025', 'split': 'Forge', 'playoffs': False, 'game_in_series': 1, 'patch': '15.02'}
{'game_id': 'LOLTMNT01_191839', 'team1_id': None, 'team2_id': None, 'date': '2025-01-26 07:06:51', 'data_complete': 'complete', 'url': None, 'league': 'LJL', 'year': '2025', 'split': 'Forge', 'playoffs': False, 'game_in_series': 1, 'patch': '15.02'}
{'game_id': 'LOLTMNT01_191840', 'team1_id': None, 'team2_id': None, 'date': '2025-01-26 07:11:48', 'data_complete': 'complete', 'url': None, 'league': 'LJL', 'year': '2025', 'split': 'Forge', 'playoffs': False, 'game_in_series': 1, 'patch': '15.02'}
{'game_id': 'LOLTMNT01_191841', 'team1_id': None, 'team2_id': None, 'date': '2025-01-26 07:15:06', 'data_complete': 'complete', 'url': None, 'league': 'LJL', 'year': '2025', 'split': 'Forge', 'playoffs': False, 'game_in_series': 1, 'patch': '15.02'}
{'game_id': 'LOLTMNT01_191848', 'team1_id': None, 'team2_id': None, 'date': '2025-01-26 08:10:14', 'data_complete': 'complete', 'url': None, 'league': 'LJL', 'year': '2025', 'split': 'Forge', 'playoffs': False, 'game_in_series': 1, 'patch': '15.02'}
{'game_id': 'LOLTMNT01_191851', 'team1_id': None, 'team2_id': None, 'date': '2025-01-26 08:13:03', 'data_complete': 'complete', 'url': None, 'league': 'LJL', 'year': '2025', 'split': 'Forge', 'playoffs': False, 'game_in_series': 1, 'patch': '15.02'}
{'game_id': 'LOLTMNT01_191853', 'team1_id': None, 'team2_id': None, 'date': '2025-01-26 08:17:42', 'data_complete': 'complete', 'url': None, 'league': 'LJL', 'year': '2025', 'split': 'Forge', 'playoffs': False, 'game_in_series': 1, 'patch': '15.02'}
{'game_id': 'LOLTMNT01_191863', 'team1_id': None, 'team2_id': None, 'date': '2025-01-26 09:31:08', 'data_complete': 'complete', 'url': None, 'league': 'LJL', 'year': '2025', 'split': 'Forge', 'playoffs': False, 'game_in_series': 1, 'patch': '15.02'}
{'game_id': 'LOLTMNT01_191865', 'team1_id': None, 'team2_id': None, 'date': '2025-01-26 09:25:34', 'data_complete': 'complete', 'url': None, 'league': 'LJL', 'year': '2025', 'split': 'Forge', 'playoffs': False, 'game_in_series': 1, 'patch': '15.02'}
{'game_id': 'LOLTMNT01_191882', 'team1_id': '692bccdba8ec7050f5aeb916815439e', 'team2_id': '740de582f50775c516c77ed7b923fd5', 'date': '2025-01-26 10:18:28', 'data_complete': 'complete', 'url': None, 'league': 'LCP', 'year': '2025', 'split': 'Split 1', 'playoffs': False, 'game_in_series': 1, 'patch': '15.02'}
{'game_id': 'LOLTMNT01_191887', 'team1_id': '692bccdba8ec7050f5aeb916815439e', 'team2_id': '740de582f50775c516c77ed7b923fd5', 'date': '2025-01-26 11:11:07', 'data_complete': 'complete', 'url': None, 'league': 'LCP', 'year': '2025', 'split': 'Split 1', 'playoffs': False, 'game_in_series': 2, 'patch': '15.02'}
{'game_id': 'LOLTMNT01_192226', 'team1_id': None, 'team2_id': None, 'date': '2025-01-24 16:17:55', 'data_complete': 'complete', 'url': None, 'league': 'HW', 'year': '2025', 'split': None, 'playoffs': False, 'game_in_series': 1, 'patch': '15.02'}
{'game_id': 'LOLTMNT01_192236', 'team1_id': None, 'team2_id': None, 'date': '2025-01-24 17:11:31', 'data_complete': 'complete', 'url': None, 'league': 'HW', 'year': '2025', 'split': None, 'playoffs': False, 'game_in_series': 2, 'patch': '15.02'}
{'game_id': 'LOLTMNT01_192294', 'team1_id': None, 'team2_id': '6ec5a2c4ca3b81f6c486a6f0e7fc54d', 'date': '2025-01-24 19:03:15', 'data_complete': 'complete', 'url': None, 'league': 'HW', 'year': '2025', 'split': None, 'playoffs': False, 'game_in_series': 1, 'patch': '15.02'}
{'game_id': 'LOLTMNT01_192462', 'team1_id': '59b228d9fec9b88833bfe5d812ed8ad', 'team2_id': None, 'date': '2025-01-25 07:09:13', 'data_complete': 'complete', 'url': None, 'league': 'LJL', 'year': '2025', 'split': 'Forge', 'playoffs': False, 'game_in_series': 1, 'patch': '15.02'}
{'game_id': 'LOLTMNT01_192465', 'team1_id': None, 'team2_id': None, 'date': '2025-01-25 07:12:38', 'data_complete': 'complete', 'url': None, 'league': 'LJL', 'year': '2025', 'split': 'Forge', 'playoffs': False, 'game_in_series': 1, 'patch': '15.02'}
{'game_id': 'LOLTMNT01_192507', 'team1_id': None, 'team2_id': None, 'date': '2025-01-25 08:08:25', 'data_complete': 'complete', 'url': None, 'league': 'LJL', 'year': '2025', 'split': 'Forge', 'playoffs': False, 'game_in_series': 1, 'patch': '15.02'}
{'game_id': 'LOLTMNT01_192508', 'team1_id': None, 'team2_id': None, 'date': '2025-01-25 08:07:31', 'data_complete': 'complete', 'url': None, 'league': 'LJL', 'year': '2025', 'split': 'Forge', 'playoffs': False, 'game_in_series': 1, 'patch': '15.02'}
{'game_id': 'LOLTMNT01_192511', 'team1_id': None, 'team2_id': None, 'date': '2025-01-25 08:18:25', 'data_complete': 'complete', 'url': None, 'league': 'LJL', 'year': '2025', 'split': 'Forge', 'playoffs': False, 'game_in_series': 1, 'patch': '15.02'}
{'game_id': 'LOLTMNT01_192517', 'team1_id': None, 'team2_id': '59b228d9fec9b88833bfe5d812ed8ad', 'date': '2025-01-25 08:18:57', 'data_complete': 'complete', 'url': None, 'league': 'LJL', 'year': '2025', 'split': 'Forge', 'playoffs': False, 'game_in_series': 1, 'patch': '15.02'}
{'game_id': 'LOLTMNT01_192522', 'team1_id': None, 'team2_id': None, 'date': '2025-01-25 09:19:06', 'data_complete': 'complete', 'url': None, 'league': 'LJL', 'year': '2025', 'split': 'Forge', 'playoffs': False, 'game_in_series': 1, 'patch': '15.02'}
{'game_id': 'LOLTMNT01_192524', 'team1_id': None, 'team2_id': None, 'date': '2025-01-25 09:27:30', 'data_complete': 'complete', 'url': None, 'league': 'LJL', 'year': '2025', 'split': 'Forge', 'playoffs': False, 'game_in_series': 1, 'patch': '15.02'}
{'game_id': 'LOLTMNT01_192526', 'team1_id': None, 'team2_id': None, 'date': '2025-01-25 09:24:06', 'data_complete': 'complete', 'url': None, 'league': 'LJL', 'year': '2025', 'split': 'Forge', 'playoffs': False, 'game_in_series': 1, 'patch': '15.02'}
{'game_id': 'LOLTMNT01_192528', 'team1_id': None, 'team2_id': None, 'date': '2025-01-25 09:30:11', 'data_complete': 'complete', 'url': None, 'league': 'LJL', 'year': '2025', 'split': 'Forge', 'playoffs': False, 'game_in_series': 1, 'patch': '15.02'}
{'game_id': 'LOLTMNT01_192530', 'team1_id': '59b228d9fec9b88833bfe5d812ed8ad', 'team2_id': None, 'date': '2025-01-25 09:31:55', 'data_complete': 'complete', 'url': None, 'league': 'LJL', 'year': '2025', 'split': 'Forge', 'playoffs': False, 'game_in_series': 1, 'patch': '15.02'}
{'game_id': 'LOLTMNT01_192554', 'team1_id': 'd8ca3fc1f0827ec76369af7b70d43e3', 'team2_id': 'fe099196385a285d6d6edde504dc1f6', 'date': '2025-01-25 11:12:38', 'data_complete': 'complete', 'url': None, 'league': 'LCP', 'year': '2025', 'split': 'Split 1', 'playoffs': False, 'game_in_series': 2, 'patch': '15.02'}
{'game_id': 'LOLTMNT01_192618', 'team1_id': '0916b3c324c8577b0c6344f3e067f62', 'team2_id': '9cae7677cd0dbcc1cd86653870b73c2', 'date': '2025-01-25 14:53:39', 'data_complete': 'complete', 'url': None, 'league': 'LCP', 'year': '2025', 'split': 'Split 1', 'playoffs': False, 'game_in_series': 3, 'patch': '15.02'}
{'game_id': 'LOLTMNT01_192707', 'team1_id': '658a021a796aa5501503220adb38cf4', 'team2_id': '61450737f7b683db4da7b3e0bf0dced', 'date': '2025-01-25 18:40:09', 'data_complete': 'complete', 'url': None, 'league': 'LTA S', 'year': '2025', 'split': 'Split 1', 'playoffs': False, 'game_in_series': 3, 'patch': '15.02'}
{'game_id': 'LOLTMNT01_192721', 'team1_id': 'b9e44c69c1a70fb35df9be96f9eafea', 'team2_id': '53ef3d5a3ac5d88bc000eff7d87aeb3', 'date': '2025-01-25 19:47:21', 'data_complete': 'complete', 'url': None, 'league': 'LTA S', 'year': '2025', 'split': 'Split 1', 'playoffs': False, 'game_in_series': 1, 'patch': '15.02'}
{'game_id': 'LOLTMNT01_192790', 'team1_id': 'da1143bf9a245b78a8dc86417de85b3', 'team2_id': 'fc8e90107dabb9a35c490b0d86adea0', 'date': '2025-01-25 23:04:54', 'data_complete': 'complete', 'url': None, 'league': 'LTA N', 'year': '2025', 'split': 'Split 1', 'playoffs': False, 'game_in_series': 1, 'patch': '15.02'}
{'game_id': 'LOLTMNT01_192797', 'team1_id': 'da1143bf9a245b78a8dc86417de85b3', 'team2_id': 'fc8e90107dabb9a35c490b0d86adea0', 'date': '2025-01-25 23:52:59', 'data_complete': 'complete', 'url': None, 'league': 'LTA N', 'year': '2025', 'split': 'Split 1', 'playoffs': False, 'game_in_series': 2, 'patch': '15.02'}
{'game_id': 'LOLTMNT01_192856', 'team1_id': None, 'team2_id': None, 'date': '2025-01-26 06:09:49', 'data_complete': 'complete', 'url': None, 'league': 'LJL', 'year': '2025', 'split': 'Forge', 'playoffs': False, 'game_in_series': 1, 'patch': '15.02'}
{'game_id': 'LOLTMNT01_192882', 'team1_id': None, 'team2_id': None, 'date': '2025-01-26 07:14:03', 'data_complete': 'complete', 'url': None, 'league': 'LJL', 'year': '2025', 'split': 'Forge', 'playoffs': False, 'game_in_series': 1, 'patch': '15.02'}
{'game_id': 'LOLTMNT01_192883', 'team1_id': None, 'team2_id': '59b228d9fec9b88833bfe5d812ed8ad', 'date': '2025-01-26 07:18:39', 'data_complete': 'complete', 'url': None, 'league': 'LJL', 'year': '2025', 'split': 'Forge', 'playoffs': False, 'game_in_series': 1, 'patch': '15.02'}
{'game_id': 'LOLTMNT01_192888', 'team1_id': None, 'team2_id': '59b228d9fec9b88833bfe5d812ed8ad', 'date': '2025-01-26 08:10:07', 'data_complete': 'complete', 'url': None, 'league': 'LJL', 'year': '2025', 'split': 'Forge', 'playoffs': False, 'game_in_series': 1, 'patch': '15.02'}
{'game_id': 'LOLTMNT01_192890', 'team1_id': None, 'team2_id': None, 'date': '2025-01-26 08:14:03', 'data_complete': 'complete', 'url': None, 'league': 'LJL', 'year': '2025', 'split': 'Forge', 'playoffs': False, 'game_in_series': 1, 'patch': '15.02'}
{'game_id': 'LOLTMNT01_192891', 'team1_id': None, 'team2_id': None, 'date': '2025-01-26 08:13:36', 'data_complete': 'complete', 'url': None, 'league': 'LJL', 'year': '2025', 'split': 'Forge', 'playoffs': False, 'game_in_series': 1, 'patch': '15.02'}
{'game_id': 'LOLTMNT01_192897', 'team1_id': '59b228d9fec9b88833bfe5d812ed8ad', 'team2_id': None, 'date': '2025-01-26 09:06:46', 'data_complete': 'complete', 'url': None, 'league': 'LJL', 'year': '2025', 'split': 'Forge', 'playoffs': False, 'game_in_series': 1, 'patch': '15.02'}
{'game_id': 'LOLTMNT01_192900', 'team1_id': None, 'team2_id': None, 'date': '2025-01-26 09:06:39', 'data_complete': 'complete', 'url': None, 'league': 'LJL', 'year': '2025', 'split': 'Forge', 'playoffs': False, 'game_in_series': 1, 'patch': '15.02'}
{'game_id': 'LOLTMNT01_192901', 'team1_id': None, 'team2_id': None, 'date': '2025-01-26 09:08:32', 'data_complete': 'complete', 'url': None, 'league': 'LJL', 'year': '2025', 'split': 'Forge', 'playoffs': False, 'game_in_series': 1, 'patch': '15.02'}
{'game_id': 'LOLTMNT01_192903', 'team1_id': None, 'team2_id': None, 'date': '2025-01-26 09:35:07', 'data_complete': 'complete', 'url': None, 'league': 'LJL', 'year': '2025', 'split': 'Forge', 'playoffs': False, 'game_in_series': 1, 'patch': '15.02'}
{'game_id': 'LOLTMNT01_192954', 'team1_id': '6c41c4480bff43bc71e870013760b38', 'team2_id': 'e435aa3ecb82a89e60544f5f5857a81', 'date': '2025-01-26 12:46:08', 'data_complete': 'complete', 'url': None, 'league': 'LCP', 'year': '2025', 'split': 'Split 1', 'playoffs': False, 'game_in_series': 1, 'patch': '15.02'}
{'game_id': 'LOLTMNT01_192973', 'team1_id': 'e435aa3ecb82a89e60544f5f5857a81', 'team2_id': '6c41c4480bff43bc71e870013760b38', 'date': '2025-01-26 13:46:57', 'data_complete': 'complete', 'url': None, 'league': 'LCP', 'year': '2025', 'split': 'Split 1', 'playoffs': False, 'game_in_series': 2, 'patch': '15.02'}
{'game_id': 'LOLTMNT01_193039', 'team1_id': 'ea57e93bc73880655acdc795361215b', 'team2_id': '87e3e1e75839f75a10bbc66e894d806', 'date': '2025-01-26 16:16:45', 'data_complete': 'complete', 'url': None, 'league': 'LTA S', 'year': '2025', 'split': 'Split 1', 'playoffs': False, 'game_in_series': 1, 'patch': '15.02'}
{'game_id': 'LOLTMNT01_193073', 'team1_id': 'ea57e93bc73880655acdc795361215b', 'team2_id': '87e3e1e75839f75a10bbc66e894d806', 'date': '2025-01-26 17:59:30', 'data_complete': 'complete', 'url': None, 'league': 'LTA S', 'year': '2025', 'split': 'Split 1', 'playoffs': False, 'game_in_series': 3, 'patch': '15.02'}
{'game_id': 'LOLTMNT01_193083', 'team1_id': '67169969ecc058b307edfa9c6b7a3c0', 'team2_id': '45c362a0cfc4b81f597b5ab89250df5', 'date': '2025-01-26 18:56:45', 'data_complete': 'complete', 'url': None, 'league': 'LTA S', 'year': '2025', 'split': 'Split 1', 'playoffs': False, 'game_in_series': 1, 'patch': '15.02'}
{'game_id': 'LOLTMNT01_193134', 'team1_id': '0dbb780176ecad18f17292d1f5653af', 'team2_id': '8eb884e168f28402ce685bedebb5250', 'date': '2025-01-26 23:00:44', 'data_complete': 'complete', 'url': None, 'league': 'LTA N', 'year': '2025', 'split': 'Split 1', 'playoffs': False, 'game_in_series': 1, 'patch': '15.02'}
{'game_id': 'LOLTMNT01_193140', 'team1_id': '0dbb780176ecad18f17292d1f5653af', 'team2_id': '8eb884e168f28402ce685bedebb5250', 'date': '2025-01-26 23:52:28', 'data_complete': 'complete', 'url': None, 'league': 'LTA N', 'year': '2025', 'split': 'Split 1', 'playoffs': False, 'game_in_series': 2, 'patch': '15.02'}
{'game_id': 'LOLTMNT01_193541', 'team1_id': '6a68fff9fc521e2fbcab2fc19978d24', 'team2_id': '9bd7ce113c5d4ff95b1c75205356a3f', 'date': '2025-01-28 14:19:10', 'data_complete': 'complete', 'url': None, 'league': 'HLL', 'year': '2025', 'split': 'Winter', 'playoffs': False, 'game_in_series': 1, 'patch': '15.02'}
{'game_id': 'LOLTMNT01_193617', 'team1_id': 'dbe0589e5cff81fa6b163d9f30ffeee', 'team2_id': '125fc4d6b0dc1b21596f4f06a207d62', 'date': '2025-01-28 16:27:53', 'data_complete': 'complete', 'url': None, 'league': 'RL', 'year': '2025', 'split': 'Winter', 'playoffs': False, 'game_in_series': 1, 'patch': '15.02'}
{'game_id': 'LOLTMNT01_193651', 'team1_id': 'd17ce7a4192b52f8e1daf94c381c75f', 'team2_id': '91c35185025768de7d8aa448933f56c', 'date': '2025-01-28 17:13:50', 'data_complete': 'complete', 'url': None, 'league': 'LVP SL', 'year': '2025', 'split': 'Winter', 'playoffs': False, 'game_in_series': 1, 'patch': '15.02'}
{'game_id': 'LOLTMNT01_193701', 'team1_id': None, 'team2_id': '3ab1da3e7d4f6beb00abafe38746ebd', 'date': '2025-01-28 18:14:17', 'data_complete': 'complete', 'url': None, 'league': 'HW', 'year': '2025', 'split': None, 'playoffs': False, 'game_in_series': 3, 'patch': '15.02'}
{'game_id': 'LOLTMNT01_193731', 'team1_id': None, 'team2_id': None, 'date': '2025-01-28 19:15:39', 'data_complete': 'complete', 'url': None, 'league': 'HW', 'year': '2025', 'split': None, 'playoffs': False, 'game_in_series': 1, 'patch': '15.02'}
{'game_id': 'LOLTMNT01_193749', 'team1_id': '2d1b8a518ba70fe8352fb0fdd8aec1a', 'team2_id': '86dbb7cea91eaf08738bdc93a8442ce', 'date': '2025-01-28 19:54:58', 'data_complete': 'complete', 'url': None, 'league': 'LVP SL', 'year': '2025', 'split': 'Winter', 'playoffs': False, 'game_in_series': 1, 'patch': '15.02'}
{'game_id': 'LOLTMNT01_193769', 'team1_id': '9cb395c39a75579af94c93876a42e9b', 'team2_id': '746e6715fc4295c54954be5efc385af', 'date': '2025-01-28 20:45:06', 'data_complete': 'complete', 'url': None, 'league': 'LVP SL', 'year': '2025', 'split': 'Winter', 'playoffs': False, 'game_in_series': 1, 'patch': '15.02'}
{'game_id': 'LOLTMNT01_194013', 'team1_id': '87e3e1e75839f75a10bbc66e894d806', 'team2_id': 'ea57e93bc73880655acdc795361215b', 'date': '2025-01-26 17:13:23', 'data_complete': 'complete', 'url': None, 'league': 'LTA S', 'year': '2025', 'split': 'Split 1', 'playoffs': False, 'game_in_series': 2, 'patch': '15.02'}
{'game_id': 'LOLTMNT01_194060', 'team1_id': '45c362a0cfc4b81f597b5ab89250df5', 'team2_id': '67169969ecc058b307edfa9c6b7a3c0', 'date': '2025-01-26 19:53:56', 'data_complete': 'complete', 'url': None, 'league': 'LTA S', 'year': '2025', 'split': 'Split 1', 'playoffs': False, 'game_in_series': 2, 'patch': '15.02'}
{'game_id': 'LOLTMNT01_194069', 'team1_id': '289284911fb6f41c0ccaecc3a0c2891', 'team2_id': '4bd1751425ef6a9bc9d4d8e9385b4a6', 'date': '2025-01-26 21:13:44', 'data_complete': 'complete', 'url': None, 'league': 'LTA N', 'year': '2025', 'split': 'Split 1', 'playoffs': False, 'game_in_series': 1, 'patch': '15.02'}
{'game_id': 'LOLTMNT01_194092', 'team1_id': '289284911fb6f41c0ccaecc3a0c2891', 'team2_id': '4bd1751425ef6a9bc9d4d8e9385b4a6', 'date': '2025-01-26 22:01:48', 'data_complete': 'complete', 'url': None, 'league': 'LTA N', 'year': '2025', 'split': 'Split 1', 'playoffs': False, 'game_in_series': 2, 'patch': '15.02'}
{'game_id': 'LOLTMNT01_194511', 'team1_id': 'b19ab22267512e77945cd498106dcf1', 'team2_id': '75a4d34e4afac036d164b0f1a580486', 'date': '2025-01-28 15:27:24', 'data_complete': 'complete', 'url': None, 'league': 'HLL', 'year': '2025', 'split': 'Winter', 'playoffs': False, 'game_in_series': 1, 'patch': '15.02'}
{'game_id': 'LOLTMNT01_194534', 'team1_id': None, 'team2_id': '3ab1da3e7d4f6beb00abafe38746ebd', 'date': '2025-01-28 16:10:58', 'data_complete': 'complete', 'url': None, 'league': 'HW', 'year': '2025', 'split': None, 'playoffs': False, 'game_in_series': 1, 'patch': '15.02'}
{'game_id': 'LOLTMNT01_194545', 'team1_id': 'd932b52fb3a9d5fad174728a969ee14', 'team2_id': '03e2d2e3168da8b4e8f381342cb59cb', 'date': '2025-01-28 16:39:22', 'data_complete': 'complete', 'url': None, 'league': 'HLL', 'year': '2025', 'split': 'Winter', 'playoffs': False, 'game_in_series': 1, 'patch': '15.02'}
{'game_id': 'LOLTMNT01_194562', 'team1_id': 'dbe0589e5cff81fa6b163d9f30ffeee', 'team2_id': '125fc4d6b0dc1b21596f4f06a207d62', 'date': '2025-01-28 17:19:19', 'data_complete': 'complete', 'url': None, 'league': 'RL', 'year': '2025', 'split': 'Winter', 'playoffs': False, 'game_in_series': 2, 'patch': '15.02'}
{'game_id': 'LOLTMNT01_194565', 'team1_id': '3ab1da3e7d4f6beb00abafe38746ebd', 'team2_id': None, 'date': '2025-01-28 17:15:24', 'data_complete': 'complete', 'url': None, 'league': 'HW', 'year': '2025', 'split': None, 'playoffs': False, 'game_in_series': 2, 'patch': '15.02'}
{'game_id': 'LOLTMNT01_194596', 'team1_id': '50c26816bdd3bb2a02def8e11a5cd5a', 'team2_id': '1027c6e0b1984a79fdd7be04072b547', 'date': '2025-01-28 18:04:36', 'data_complete': 'complete', 'url': None, 'league': 'LVP SL', 'year': '2025', 'split': 'Winter', 'playoffs': False, 'game_in_series': 1, 'patch': '15.02'}
{'game_id': 'LOLTMNT01_194621', 'team1_id': 'dbe0589e5cff81fa6b163d9f30ffeee', 'team2_id': '125fc4d6b0dc1b21596f4f06a207d62', 'date': '2025-01-28 18:23:54', 'data_complete': 'complete', 'url': None, 'league': 'RL', 'year': '2025', 'split': 'Winter', 'playoffs': False, 'game_in_series': 3, 'patch': '15.02'}
{'game_id': 'LOLTMNT01_194638', 'team1_id': '374ab80ad8c28c38cd170e188e4aca8', 'team2_id': 'bae5c5b458ee21472c7f6f270990bfe', 'date': '2025-01-28 18:54:18', 'data_complete': 'complete', 'url': None, 'league': 'LVP SL', 'year': '2025', 'split': 'Winter', 'playoffs': False, 'game_in_series': 1, 'patch': '15.02'}
{'game_id': 'LOLTMNT01_194670', 'team1_id': None, 'team2_id': None, 'date': '2025-01-28 20:07:29', 'data_complete': 'complete', 'url': None, 'league': 'HW', 'year': '2025', 'split': None, 'playoffs': False, 'game_in_series': 2, 'patch': '15.02'}
{'game_id': 'LOLTMNT01_194910', 'team1_id': '4410ecf1b88f1316b6e6c110120c896', 'team2_id': '9bd7ce113c5d4ff95b1c75205356a3f', 'date': '2025-01-29 14:37:40', 'data_complete': 'complete', 'url': None, 'league': 'HLL', 'year': '2025', 'split': 'Winter', 'playoffs': False, 'game_in_series': 1, 'patch': '15.02'}
{'game_id': 'LOLTMNT01_194968', 'team1_id': 'f4e28ce02dea2124a77a47a70ac961f', 'team2_id': 'a97c52541b1a643ca45c42720f7e2de', 'date': '2025-01-29 16:21:37', 'data_complete': 'complete', 'url': None, 'league': 'RL', 'year': '2025', 'split': 'Winter', 'playoffs': False, 'game_in_series': 1, 'patch': '15.02'}
{'game_id': 'LOLTMNT01_194969', 'team1_id': None, 'team2_id': '6ec5a2c4ca3b81f6c486a6f0e7fc54d', 'date': '2025-01-29 16:14:02', 'data_complete': 'complete', 'url': None, 'league': 'HW', 'year': '2025', 'split': None, 'playoffs': False, 'game_in_series': 1, 'patch': '15.02'}
{'game_id': 'LOLTMNT01_194983', 'team1_id': '75a4d34e4afac036d164b0f1a580486', 'team2_id': 'd932b52fb3a9d5fad174728a969ee14', 'date': '2025-01-29 16:36:28', 'data_complete': 'complete', 'url': None, 'league': 'HLL', 'year': '2025', 'split': 'Winter', 'playoffs': False, 'game_in_series': 1, 'patch': '15.02'}
{'game_id': 'LOLTMNT01_194998', 'team1_id': 'a97c52541b1a643ca45c42720f7e2de', 'team2_id': 'f4e28ce02dea2124a77a47a70ac961f', 'date': '2025-01-29 17:21:57', 'data_complete': 'complete', 'url': None, 'league': 'RL', 'year': '2025', 'split': 'Winter', 'playoffs': False, 'game_in_series': 2, 'patch': '15.02'}
{'game_id': 'LOLTMNT01_195023', 'team1_id': '03e2d2e3168da8b4e8f381342cb59cb', 'team2_id': '6a68fff9fc521e2fbcab2fc19978d24', 'date': '2025-01-29 15:38:10', 'data_complete': 'complete', 'url': None, 'league': 'HLL', 'year': '2025', 'split': 'Winter', 'playoffs': False, 'game_in_series': 1, 'patch': '15.02'}
{'game_id': 'LOLTMNT01_195065', 'team1_id': '9cb395c39a75579af94c93876a42e9b', 'team2_id': '50c26816bdd3bb2a02def8e11a5cd5a', 'date': '2025-01-29 17:06:57', 'data_complete': 'complete', 'url': None, 'league': 'LVP SL', 'year': '2025', 'split': 'Winter', 'playoffs': False, 'game_in_series': 1, 'patch': '15.02'}
{'game_id': 'LOLTMNT01_195079', 'team1_id': '3a96025b8db516e2c44dbb3c0b31996', 'team2_id': 'b19ab22267512e77945cd498106dcf1', 'date': '2025-01-29 17:23:03', 'data_complete': 'complete', 'url': None, 'league': 'HLL', 'year': '2025', 'split': 'Winter', 'playoffs': False, 'game_in_series': 1, 'patch': '15.02'}
{'game_id': 'LOLTMNT01_195094', 'team1_id': '91c35185025768de7d8aa448933f56c', 'team2_id': '2d1b8a518ba70fe8352fb0fdd8aec1a', 'date': '2025-01-29 17:49:33', 'data_complete': 'complete', 'url': None, 'league': 'LVP SL', 'year': '2025', 'split': 'Winter', 'playoffs': False, 'game_in_series': 1, 'patch': '15.02'}
{'game_id': 'LOLTMNT01_195149', 'team1_id': 'c5819326ccf3b14446406bd7ac066c3', 'team2_id': '8065dbb2f6c7eb09df70a55bea52136', 'date': '2025-01-29 18:42:39', 'data_complete': 'complete', 'url': None, 'league': 'HW', 'year': '2025', 'split': None, 'playoffs': False, 'game_in_series': 1, 'patch': '15.02'}
{'game_id': 'LOLTMNT01_195182', 'team1_id': '6d98739f80c37e5b5c2431950983a05', 'team2_id': 'f9f16e15a84c85d050aa09b4a21c757', 'date': '2025-01-29 19:30:24', 'data_complete': 'complete', 'url': None, 'league': 'RL', 'year': '2025', 'split': 'Winter', 'playoffs': False, 'game_in_series': 2, 'patch': '15.02'}
{'game_id': 'LOLTMNT01_195188', 'team1_id': '1027c6e0b1984a79fdd7be04072b547', 'team2_id': 'd17ce7a4192b52f8e1daf94c381c75f', 'date': '2025-01-29 19:39:21', 'data_complete': 'complete', 'url': None, 'league': 'LVP SL', 'year': '2025', 'split': 'Winter', 'playoffs': False, 'game_in_series': 1, 'patch': '15.02'}
{'game_id': 'LOLTMNT01_195191', 'team1_id': 'c5819326ccf3b14446406bd7ac066c3', 'team2_id': '8065dbb2f6c7eb09df70a55bea52136', 'date': '2025-01-29 19:41:44', 'data_complete': 'complete', 'url': None, 'league': 'HW', 'year': '2025', 'split': None, 'playoffs': False, 'game_in_series': 2, 'patch': '15.02'}
{'game_id': 'LOLTMNT01_195208', 'team1_id': 'f9f16e15a84c85d050aa09b4a21c757', 'team2_id': '6d98739f80c37e5b5c2431950983a05', 'date': '2025-01-29 20:32:30', 'data_complete': 'complete', 'url': None, 'league': 'RL', 'year': '2025', 'split': 'Winter', 'playoffs': False, 'game_in_series': 3, 'patch': '15.02'}
{'game_id': 'LOLTMNT01_195330', 'team1_id': '73c73a123b43e071470729f74ef2022', 'team2_id': None, 'date': '2025-01-30 09:10:10', 'data_complete': 'complete', 'url': None, 'league': 'LJL', 'year': '2025', 'split': 'Forge', 'playoffs': False, 'game_in_series': 1, 'patch': '15.02'}
{'game_id': 'LOLTMNT01_195345', 'team1_id': None, 'team2_id': None, 'date': '2025-01-30 10:10:25', 'data_complete': 'complete', 'url': None, 'league': 'LJL', 'year': '2025', 'split': 'Forge', 'playoffs': False, 'game_in_series': 1, 'patch': '15.02'}
{'game_id': 'LOLTMNT01_195389', 'team1_id': None, 'team2_id': None, 'date': '2025-01-30 11:30:49', 'data_complete': 'complete', 'url': None, 'league': 'LJL', 'year': '2025', 'split': 'Forge', 'playoffs': False, 'game_in_series': 1, 'patch': '15.02'}
{'game_id': 'LOLTMNT01_195424', 'team1_id': '59b228d9fec9b88833bfe5d812ed8ad', 'team2_id': None, 'date': '2025-01-30 12:41:29', 'data_complete': 'complete', 'url': None, 'league': 'LJL', 'year': '2025', 'split': 'Forge', 'playoffs': False, 'game_in_series': 1, 'patch': '15.02'}
{'game_id': 'LOLTMNT01_195482', 'team1_id': 'b19ab22267512e77945cd498106dcf1', 'team2_id': '4410ecf1b88f1316b6e6c110120c896', 'date': '2025-01-30 15:48:08', 'data_complete': 'complete', 'url': None, 'league': 'HLL', 'year': '2025', 'split': 'Winter', 'playoffs': False, 'game_in_series': 1, 'patch': '15.02'}
{'game_id': 'LOLTMNT01_195516', 'team1_id': '50c26816bdd3bb2a02def8e11a5cd5a', 'team2_id': '746e6715fc4295c54954be5efc385af', 'date': '2025-01-30 17:04:39', 'data_complete': 'complete', 'url': None, 'league': 'LVP SL', 'year': '2025', 'split': 'Winter', 'playoffs': False, 'game_in_series': 1, 'patch': '15.02'}
{'game_id': 'LOLTMNT01_195517', 'team1_id': None, 'team2_id': 'c5819326ccf3b14446406bd7ac066c3', 'date': '2025-01-30 17:09:33', 'data_complete': 'complete', 'url': None, 'league': 'HW', 'year': '2025', 'split': None, 'playoffs': False, 'game_in_series': 2, 'patch': '15.02'}
{'game_id': 'LOLTMNT01_195606', 'team1_id': 'd17ce7a4192b52f8e1daf94c381c75f', 'team2_id': '9cb395c39a75579af94c93876a42e9b', 'date': '2025-01-30 19:19:56', 'data_complete': 'complete', 'url': None, 'league': 'LVP SL', 'year': '2025', 'split': 'Winter', 'playoffs': False, 'game_in_series': 1, 'patch': '15.02'}
{'game_id': 'LOLTMNT01_195629', 'team1_id': '86dbb7cea91eaf08738bdc93a8442ce', 'team2_id': '374ab80ad8c28c38cd170e188e4aca8', 'date': '2025-01-30 20:05:06', 'data_complete': 'complete', 'url': None, 'league': 'LVP SL', 'year': '2025', 'split': 'Winter', 'playoffs': False, 'game_in_series': 1, 'patch': '15.02'}
{'game_id': 'LOLTMNT01_195652', 'team1_id': None, 'team2_id': None, 'date': '2025-01-30 21:09:24', 'data_complete': 'complete', 'url': None, 'league': 'HW', 'year': '2025', 'split': None, 'playoffs': False, 'game_in_series': 3, 'patch': '15.02'}
{'game_id': 'LOLTMNT01_195821', 'team1_id': 'd723992568441c6bafa2658129eade7', 'team2_id': 'b05347770d44de27f5e7a25c8cfcbb2', 'date': '2025-01-31 08:53:26', 'data_complete': 'complete', 'url': None, 'league': 'LCK', 'year': '2025', 'split': 'Cup', 'playoffs': False, 'game_in_series': 2, 'patch': '15.02'}
{'game_id': 'LOLTMNT01_195885', 'team1_id': '101f8589e58c724c1dcd5a9c1555277', 'team2_id': '3a1d18f46bcb3716ebcfcf4ef068934', 'date': '2025-01-31 11:08:35', 'data_complete': 'complete', 'url': None, 'league': 'LCK', 'year': '2025', 'split': 'Cup', 'playoffs': False, 'game_in_series': 1, 'patch': '15.02'}
{'game_id': 'LOLTMNT01_195897', 'team1_id': '101f8589e58c724c1dcd5a9c1555277', 'team2_id': '3a1d18f46bcb3716ebcfcf4ef068934', 'date': '2025-01-31 12:00:21', 'data_complete': 'complete', 'url': None, 'league': 'LCK', 'year': '2025', 'split': 'Cup', 'playoffs': False, 'game_in_series': 2, 'patch': '15.02'}
{'game_id': 'LOLTMNT01_195973', 'team1_id': '75a4d34e4afac036d164b0f1a580486', 'team2_id': '9bd7ce113c5d4ff95b1c75205356a3f', 'date': '2025-01-31 14:06:05', 'data_complete': 'complete', 'url': None, 'league': 'HLL', 'year': '2025', 'split': 'Winter', 'playoffs': False, 'game_in_series': 1, 'patch': '15.02'}
{'game_id': 'LOLTMNT01_196019', 'team1_id': None, 'team2_id': '6ec5a2c4ca3b81f6c486a6f0e7fc54d', 'date': '2025-01-29 17:45:15', 'data_complete': 'complete', 'url': None, 'league': 'HW', 'year': '2025', 'split': None, 'playoffs': False, 'game_in_series': 2, 'patch': '15.02'}
{'game_id': 'LOLTMNT01_196077', 'team1_id': '6d98739f80c37e5b5c2431950983a05', 'team2_id': 'f9f16e15a84c85d050aa09b4a21c757', 'date': '2025-01-29 18:31:34', 'data_complete': 'complete', 'url': None, 'league': 'RL', 'year': '2025', 'split': 'Winter', 'playoffs': False, 'game_in_series': 1, 'patch': '15.02'}
{'game_id': 'LOLTMNT01_196083', 'team1_id': '86dbb7cea91eaf08738bdc93a8442ce', 'team2_id': 'bae5c5b458ee21472c7f6f270990bfe', 'date': '2025-01-29 18:40:19', 'data_complete': 'complete', 'url': None, 'league': 'LVP SL', 'year': '2025', 'split': 'Winter', 'playoffs': False, 'game_in_series': 1, 'patch': '15.02'}
{'game_id': 'LOLTMNT01_196131', 'team1_id': '746e6715fc4295c54954be5efc385af', 'team2_id': '374ab80ad8c28c38cd170e188e4aca8', 'date': '2025-01-29 20:23:48', 'data_complete': 'complete', 'url': None, 'league': 'LVP SL', 'year': '2025', 'split': 'Winter', 'playoffs': False, 'game_in_series': 1, 'patch': '15.02'}
{'game_id': 'LOLTMNT01_196369', 'team1_id': '6a68fff9fc521e2fbcab2fc19978d24', 'team2_id': '75a4d34e4afac036d164b0f1a580486', 'date': '2025-01-30 14:12:01', 'data_complete': 'complete', 'url': None, 'league': 'HLL', 'year': '2025', 'split': 'Winter', 'playoffs': False, 'game_in_series': 1, 'patch': '15.02'}
{'game_id': 'LOLTMNT01_196409', 'team1_id': 'd932b52fb3a9d5fad174728a969ee14', 'team2_id': '3a96025b8db516e2c44dbb3c0b31996', 'date': '2025-01-30 15:00:58', 'data_complete': 'complete', 'url': None, 'league': 'HLL', 'year': '2025', 'split': 'Winter', 'playoffs': False, 'game_in_series': 1, 'patch': '15.02'}
{'game_id': 'LOLTMNT01_196434', 'team1_id': None, 'team2_id': 'c5819326ccf3b14446406bd7ac066c3', 'date': '2025-01-30 16:12:12', 'data_complete': 'complete', 'url': None, 'league': 'HW', 'year': '2025', 'split': None, 'playoffs': False, 'game_in_series': 1, 'patch': '15.02'}
{'game_id': 'LOLTMNT01_196450', 'team1_id': '9bd7ce113c5d4ff95b1c75205356a3f', 'team2_id': '03e2d2e3168da8b4e8f381342cb59cb', 'date': '2025-01-30 16:58:35', 'data_complete': 'complete', 'url': None, 'league': 'HLL', 'year': '2025', 'split': 'Winter', 'playoffs': False, 'game_in_series': 1, 'patch': '15.02'}
{'game_id': 'LOLTMNT01_196477', 'team1_id': 'bae5c5b458ee21472c7f6f270990bfe', 'team2_id': '91c35185025768de7d8aa448933f56c', 'date': '2025-01-30 17:45:26', 'data_complete': 'complete', 'url': None, 'league': 'LVP SL', 'year': '2025', 'split': 'Winter', 'playoffs': False, 'game_in_series': 1, 'patch': '15.02'}
{'game_id': 'LOLTMNT01_196499', 'team1_id': 'c5819326ccf3b14446406bd7ac066c3', 'team2_id': None, 'date': '2025-01-30 18:06:29', 'data_complete': 'complete', 'url': None, 'league': 'HW', 'year': '2025', 'split': None, 'playoffs': False, 'game_in_series': 3, 'patch': '15.02'}
{'game_id': 'LOLTMNT01_196517', 'team1_id': '2d1b8a518ba70fe8352fb0fdd8aec1a', 'team2_id': '1027c6e0b1984a79fdd7be04072b547', 'date': '2025-01-30 18:34:05', 'data_complete': 'complete', 'url': None, 'league': 'LVP SL', 'year': '2025', 'split': 'Winter', 'playoffs': False, 'game_in_series': 1, 'patch': '15.02'}
{'game_id': 'LOLTMNT01_196538', 'team1_id': None, 'team2_id': None, 'date': '2025-01-30 19:11:06', 'data_complete': 'complete', 'url': None, 'league': 'HW', 'year': '2025', 'split': None, 'playoffs': False, 'game_in_series': 1, 'patch': '15.02'}
{'game_id': 'LOLTMNT01_196570', 'team1_id': None, 'team2_id': None, 'date': '2025-01-30 20:09:06', 'data_complete': 'complete', 'url': None, 'league': 'HW', 'year': '2025', 'split': None, 'playoffs': False, 'game_in_series': 2, 'patch': '15.02'}
{'game_id': 'LOLTMNT01_196721', 'team1_id': 'b05347770d44de27f5e7a25c8cfcbb2', 'team2_id': 'd723992568441c6bafa2658129eade7', 'date': '2025-01-31 08:03:18', 'data_complete': 'complete', 'url': None, 'league': 'LCK', 'year': '2025', 'split': 'Cup', 'playoffs': False, 'game_in_series': 1, 'patch': '15.02'}
{'game_id': 'LOLTMNT01_196736', 'team1_id': None, 'team2_id': None, 'date': '2025-01-31 09:12:02', 'data_complete': 'complete', 'url': None, 'league': 'LJL', 'year': '2025', 'split': 'Forge', 'playoffs': False, 'game_in_series': 1, 'patch': '15.02'}
{'game_id': 'LOLTMNT01_196743', 'team1_id': 'b05347770d44de27f5e7a25c8cfcbb2', 'team2_id': 'd723992568441c6bafa2658129eade7', 'date': '2025-01-31 09:44:17', 'data_complete': 'complete', 'url': None, 'league': 'LCK', 'year': '2025', 'split': 'Cup', 'playoffs': False, 'game_in_series': 3, 'patch': '15.02'}
{'game_id': 'LOLTMNT01_196798', 'team1_id': None, 'team2_id': None, 'date': '2025-01-31 11:07:01', 'data_complete': 'complete', 'url': None, 'league': 'LJL', 'year': '2025', 'split': 'Forge', 'playoffs': False, 'game_in_series': 1, 'patch': '15.02'}
{'game_id': 'LOLTMNT01_196821', 'team1_id': '845f7165c7cdaad9d2a2d764375d0df', 'team2_id': None, 'date': '2025-01-31 12:11:07', 'data_complete': 'complete', 'url': None, 'league': 'LJL', 'year': '2025', 'split': 'Forge', 'playoffs': False, 'game_in_series': 1, 'patch': '15.02'}
{'game_id': 'LOLTMNT01_196904', 'team1_id': '4410ecf1b88f1316b6e6c110120c896', 'team2_id': '03e2d2e3168da8b4e8f381342cb59cb', 'date': '2025-01-31 15:00:57', 'data_complete': 'complete', 'url': None, 'league': 'HLL', 'year': '2025', 'split': 'Winter', 'playoffs': False, 'game_in_series': 1, 'patch': '15.02'}
{'game_id': 'LOLTMNT01_196941', 'team1_id': '8065dbb2f6c7eb09df70a55bea52136', 'team2_id': '3ab1da3e7d4f6beb00abafe38746ebd', 'date': '2025-01-31 16:08:52', 'data_complete': 'complete', 'url': None, 'league': 'HW', 'year': '2025', 'split': None, 'playoffs': False, 'game_in_series': 1, 'patch': '15.02'}
{'game_id': 'LOLTMNT01_197039', 'team1_id': '3a96025b8db516e2c44dbb3c0b31996', 'team2_id': '6a68fff9fc521e2fbcab2fc19978d24', 'date': '2025-01-31 15:52:20', 'data_complete': 'complete', 'url': None, 'league': 'HLL', 'year': '2025', 'split': 'Winter', 'playoffs': False, 'game_in_series': 1, 'patch': '15.02'}
{'game_id': 'LOLTMNT01_197070', 'team1_id': 'b19ab22267512e77945cd498106dcf1', 'team2_id': 'd932b52fb3a9d5fad174728a969ee14', 'date': '2025-01-31 16:41:19', 'data_complete': 'complete', 'url': None, 'league': 'HLL', 'year': '2025', 'split': 'Winter', 'playoffs': False, 'game_in_series': 1, 'patch': '15.02'}
{'game_id': 'LOLTMNT01_197087', 'team1_id': '3ab1da3e7d4f6beb00abafe38746ebd', 'team2_id': '8065dbb2f6c7eb09df70a55bea52136', 'date': '2025-01-31 17:07:32', 'data_complete': 'complete', 'url': None, 'league': 'HW', 'year': '2025', 'split': None, 'playoffs': False, 'game_in_series': 2, 'patch': '15.02'}
{'game_id': 'LOLTMNT01_197628', 'team1_id': None, 'team2_id': None, 'date': '2025-02-01 09:16:09', 'data_complete': 'complete', 'url': None, 'league': 'LJL', 'year': '2025', 'split': 'Forge', 'playoffs': False, 'game_in_series': 1, 'patch': '15.02'}
{'game_id': 'LOLTMNT01_197638', 'team1_id': '66eccb6faca7fd5e3cdf4ccf903385c', 'team2_id': '2a247555001e6364757f171f158f997', 'date': '2025-02-01 09:15:19', 'data_complete': 'complete', 'url': None, 'league': 'LCK', 'year': '2025', 'split': 'Cup', 'playoffs': False, 'game_in_series': 1, 'patch': '15.02'}
{'game_id': 'LOLTMNT01_197663', 'team1_id': '2a247555001e6364757f171f158f997', 'team2_id': '66eccb6faca7fd5e3cdf4ccf903385c', 'date': '2025-02-01 10:06:23', 'data_complete': 'complete', 'url': None, 'league': 'LCK', 'year': '2025', 'split': 'Cup', 'playoffs': False, 'game_in_series': 2, 'patch': '15.02'}
{'game_id': 'LOLTMNT01_197673', 'team1_id': None, 'team2_id': 'af4b23d4634c4e6ecb5659fb1e689e9', 'date': '2025-02-01 10:10:56', 'data_complete': 'complete', 'url': None, 'league': 'LJL', 'year': '2025', 'split': 'Forge', 'playoffs': False, 'game_in_series': 1, 'patch': '15.02'}
{'game_id': 'LOLTMNT01_197690', 'team1_id': '66eccb6faca7fd5e3cdf4ccf903385c', 'team2_id': '2a247555001e6364757f171f158f997', 'date': '2025-02-01 10:54:40', 'data_complete': 'complete', 'url': None, 'league': 'LCK', 'year': '2025', 'split': 'Cup', 'playoffs': False, 'game_in_series': 3, 'patch': '15.02'}
{'game_id': 'LOLTMNT01_197735', 'team1_id': '845f7165c7cdaad9d2a2d764375d0df', 'team2_id': '73c73a123b43e071470729f74ef2022', 'date': '2025-02-01 12:05:54', 'data_complete': 'complete', 'url': None, 'league': 'LJL', 'year': '2025', 'split': 'Forge', 'playoffs': False, 'game_in_series': 1, 'patch': '15.02'}
{'game_id': 'LOLTMNT01_197761', 'team1_id': 'f9f16e15a84c85d050aa09b4a21c757', 'team2_id': 'f4e28ce02dea2124a77a47a70ac961f', 'date': '2025-02-01 12:37:49', 'data_complete': 'complete', 'url': None, 'league': 'RL', 'year': '2025', 'split': 'Winter', 'playoffs': False, 'game_in_series': 1, 'patch': '15.02'}
{'game_id': 'LOLTMNT01_197798', 'team1_id': 'f4e28ce02dea2124a77a47a70ac961f', 'team2_id': 'f9f16e15a84c85d050aa09b4a21c757', 'date': '2025-02-01 13:42:15', 'data_complete': 'complete', 'url': None, 'league': 'RL', 'year': '2025', 'split': 'Winter', 'playoffs': False, 'game_in_series': 2, 'patch': '15.02'}
{'game_id': 'LOLTMNT01_197837', 'team1_id': 'f9f16e15a84c85d050aa09b4a21c757', 'team2_id': 'f4e28ce02dea2124a77a47a70ac961f', 'date': '2025-02-01 14:44:54', 'data_complete': 'complete', 'url': None, 'league': 'RL', 'year': '2025', 'split': 'Winter', 'playoffs': False, 'game_in_series': 3, 'patch': '15.02'}
{'game_id': 'LOLTMNT01_197947', 'team1_id': '658a021a796aa5501503220adb38cf4', 'team2_id': 'b9e44c69c1a70fb35df9be96f9eafea', 'date': '2025-02-01 17:11:32', 'data_complete': 'complete', 'url': None, 'league': 'LTA S', 'year': '2025', 'split': 'Split 1', 'playoffs': False, 'game_in_series': 2, 'patch': '15.02'}
{'game_id': 'LOLTMNT01_198025', 'team1_id': '8065dbb2f6c7eb09df70a55bea52136', 'team2_id': '3ab1da3e7d4f6beb00abafe38746ebd', 'date': '2025-01-31 18:06:14', 'data_complete': 'complete', 'url': None, 'league': 'HW', 'year': '2025', 'split': None, 'playoffs': False, 'game_in_series': 3, 'patch': '15.02'}
{'game_id': 'LOLTMNT01_198062', 'team1_id': '6ec5a2c4ca3b81f6c486a6f0e7fc54d', 'team2_id': None, 'date': '2025-01-31 18:57:27', 'data_complete': 'complete', 'url': None, 'league': 'HW', 'year': '2025', 'split': None, 'playoffs': False, 'game_in_series': 1, 'patch': '15.02'}
{'game_id': 'LOLTMNT01_198095', 'team1_id': None, 'team2_id': '6ec5a2c4ca3b81f6c486a6f0e7fc54d', 'date': '2025-01-31 19:52:17', 'data_complete': 'complete', 'url': None, 'league': 'HW', 'year': '2025', 'split': None, 'playoffs': False, 'game_in_series': 2, 'patch': '15.02'}
{'game_id': 'LOLTMNT01_198268', 'team1_id': 'ce499dea30cfce118f4fe85da0227e8', 'team2_id': '50f58982d91a36557ec8aec52ab014f', 'date': '2025-02-01 06:04:25', 'data_complete': 'complete', 'url': None, 'league': 'LCK', 'year': '2025', 'split': 'Cup', 'playoffs': False, 'game_in_series': 1, 'patch': '15.02'}
{'game_id': 'LOLTMNT01_198283', 'team1_id': '50f58982d91a36557ec8aec52ab014f', 'team2_id': 'ce499dea30cfce118f4fe85da0227e8', 'date': '2025-02-01 06:57:56', 'data_complete': 'complete', 'url': None, 'league': 'LCK', 'year': '2025', 'split': 'Cup', 'playoffs': False, 'game_in_series': 2, 'patch': '15.02'}
{'game_id': 'LOLTMNT01_198303', 'team1_id': 'ce499dea30cfce118f4fe85da0227e8', 'team2_id': '50f58982d91a36557ec8aec52ab014f', 'date': '2025-02-01 07:51:42', 'data_complete': 'complete', 'url': None, 'league': 'LCK', 'year': '2025', 'split': 'Cup', 'playoffs': False, 'game_in_series': 3, 'patch': '15.02'}
{'game_id': 'LOLTMNT01_198379', 'team1_id': None, 'team2_id': '59b228d9fec9b88833bfe5d812ed8ad', 'date': '2025-02-01 11:09:25', 'data_complete': 'complete', 'url': None, 'league': 'LJL', 'year': '2025', 'split': 'Forge', 'playoffs': False, 'game_in_series': 1, 'patch': '15.02'}
{'game_id': 'LOLTMNT01_198399', 'team1_id': '302fced4d92a9b83cb5784fd6f3b548', 'team2_id': '343268a42863e8fc2767e02e4042de8', 'date': '2025-02-01 12:07:13', 'data_complete': 'complete', 'url': None, 'league': 'LFL2', 'year': '2025', 'split': 'Winter', 'playoffs': False, 'game_in_series': 1, 'patch': '15.02'}
{'game_id': 'LOLTMNT01_198544', 'team1_id': '658a021a796aa5501503220adb38cf4', 'team2_id': 'b9e44c69c1a70fb35df9be96f9eafea', 'date': '2025-02-01 16:18:39', 'data_complete': 'complete', 'url': None, 'league': 'LTA S', 'year': '2025', 'split': 'Split 1', 'playoffs': False, 'game_in_series': 1, 'patch': '15.02'}
{'game_id': 'LOLTMNT01_198607', 'team1_id': 'b9e44c69c1a70fb35df9be96f9eafea', 'team2_id': '658a021a796aa5501503220adb38cf4', 'date': '2025-02-01 18:11:06', 'data_complete': 'complete', 'url': None, 'league': 'LTA S', 'year': '2025', 'split': 'Split 1', 'playoffs': False, 'game_in_series': 3, 'patch': '15.02'}
{'game_id': 'LOLTMNT01_198625', 'team1_id': '45c362a0cfc4b81f597b5ab89250df5', 'team2_id': '87e3e1e75839f75a10bbc66e894d806', 'date': '2025-02-01 19:18:20', 'data_complete': 'complete', 'url': None, 'league': 'LTA S', 'year': '2025', 'split': 'Split 1', 'playoffs': False, 'game_in_series': 1, 'patch': '15.02'}
{'game_id': 'LOLTMNT01_198654', 'team1_id': '45c362a0cfc4b81f597b5ab89250df5', 'team2_id': '87e3e1e75839f75a10bbc66e894d806', 'date': '2025-02-01 20:06:18', 'data_complete': 'complete', 'url': None, 'league': 'LTA S', 'year': '2025', 'split': 'Split 1', 'playoffs': False, 'game_in_series': 2, 'patch': '15.02'}
{'game_id': 'LOLTMNT01_198719', 'team1_id': 'b360f1d729b0a8e0f29a5243c4200fa', 'team2_id': 'da1143bf9a245b78a8dc86417de85b3', 'date': '2025-02-01 21:59:47', 'data_complete': 'complete', 'url': None, 'league': 'LTA N', 'year': '2025', 'split': 'Split 1', 'playoffs': False, 'game_in_series': 2, 'patch': '15.02'}
{'game_id': 'LOLTMNT01_198743', 'team1_id': '289284911fb6f41c0ccaecc3a0c2891', 'team2_id': '0dbb780176ecad18f17292d1f5653af', 'date': '2025-02-01 23:49:32', 'data_complete': 'complete', 'url': None, 'league': 'LTA N', 'year': '2025', 'split': 'Split 1', 'playoffs': False, 'game_in_series': 1, 'patch': '15.02'}
{'game_id': 'LOLTMNT01_198801', 'team1_id': '5cd2cd09ec94296f605dd13a2924d6c', 'team2_id': '5c2e7e9ea8dfcba0150d9a5619baecf', 'date': '2025-02-02 06:06:34', 'data_complete': 'complete', 'url': None, 'league': 'LCK', 'year': '2025', 'split': 'Cup', 'playoffs': False, 'game_in_series': 1, 'patch': '15.02'}
{'game_id': 'LOLTMNT01_198810', 'team1_id': '5c2e7e9ea8dfcba0150d9a5619baecf', 'team2_id': '5cd2cd09ec94296f605dd13a2924d6c', 'date': '2025-02-02 06:55:43', 'data_complete': 'complete', 'url': None, 'league': 'LCK', 'year': '2025', 'split': 'Cup', 'playoffs': False, 'game_in_series': 2, 'patch': '15.02'}
{'game_id': 'LOLTMNT01_198873', 'team1_id': None, 'team2_id': None, 'date': '2025-02-02 10:20:46', 'data_complete': 'complete', 'url': None, 'league': 'LJL', 'year': '2025', 'split': 'Forge', 'playoffs': False, 'game_in_series': 1, 'patch': '15.02'}
{'game_id': 'LOLTMNT01_198901', 'team1_id': None, 'team2_id': None, 'date': '2025-02-02 11:41:45', 'data_complete': 'complete', 'url': None, 'league': 'LJL', 'year': '2025', 'split': 'Forge', 'playoffs': False, 'game_in_series': 1, 'patch': '15.02'}
{'game_id': 'LOLTMNT01_198907', 'team1_id': '302fced4d92a9b83cb5784fd6f3b548', 'team2_id': 'f9d5cf621532c5ac51e0947d7098b7f', 'date': '2025-02-02 11:58:10', 'data_complete': 'complete', 'url': None, 'league': 'LFL2', 'year': '2025', 'split': 'Winter', 'playoffs': False, 'game_in_series': 1, 'patch': '15.02'}
{'game_id': 'LOLTMNT01_199069', 'team1_id': 'da1143bf9a245b78a8dc86417de85b3', 'team2_id': 'b360f1d729b0a8e0f29a5243c4200fa', 'date': '2025-02-01 21:06:58', 'data_complete': 'complete', 'url': None, 'league': 'LTA N', 'year': '2025', 'split': 'Split 1', 'playoffs': False, 'game_in_series': 1, 'patch': '15.02'}
{'game_id': 'LOLTMNT01_199106', 'team1_id': 'da1143bf9a245b78a8dc86417de85b3', 'team2_id': 'b360f1d729b0a8e0f29a5243c4200fa', 'date': '2025-02-01 22:48:32', 'data_complete': 'complete', 'url': None, 'league': 'LTA N', 'year': '2025', 'split': 'Split 1', 'playoffs': False, 'game_in_series': 3, 'patch': '15.02'}
{'game_id': 'LOLTMNT01_199126', 'team1_id': '0dbb780176ecad18f17292d1f5653af', 'team2_id': '289284911fb6f41c0ccaecc3a0c2891', 'date': '2025-02-02 00:38:41', 'data_complete': 'complete', 'url': None, 'league': 'LTA N', 'year': '2025', 'split': 'Split 1', 'playoffs': False, 'game_in_series': 2, 'patch': '15.02'}
{'game_id': 'LOLTMNT01_199134', 'team1_id': '289284911fb6f41c0ccaecc3a0c2891', 'team2_id': '0dbb780176ecad18f17292d1f5653af', 'date': '2025-02-02 01:34:49', 'data_complete': 'complete', 'url': None, 'league': 'LTA N', 'year': '2025', 'split': 'Split 1', 'playoffs': False, 'game_in_series': 3, 'patch': '15.02'}
{'game_id': 'LOLTMNT01_199207', 'team1_id': None, 'team2_id': None, 'date': '2025-02-02 09:09:06', 'data_complete': 'complete', 'url': None, 'league': 'LJL', 'year': '2025', 'split': 'Forge', 'playoffs': False, 'game_in_series': 1, 'patch': '15.02'}
{'game_id': 'LOLTMNT01_199311', 'team1_id': 'dbe0589e5cff81fa6b163d9f30ffeee', 'team2_id': '9e12a15ab90a0a26c7e4e5308d3924c', 'date': '2025-02-02 12:49:22', 'data_complete': 'complete', 'url': None, 'league': 'RL', 'year': '2025', 'split': 'Winter', 'playoffs': False, 'game_in_series': 1, 'patch': '15.02'}
{'game_id': 'LOLTMNT01_199344', 'team1_id': 'dbe0589e5cff81fa6b163d9f30ffeee', 'team2_id': '9e12a15ab90a0a26c7e4e5308d3924c', 'date': '2025-02-02 13:57:04', 'data_complete': 'complete', 'url': None, 'league': 'RL', 'year': '2025', 'split': 'Winter', 'playoffs': False, 'game_in_series': 2, 'patch': '15.02'}
{'game_id': 'LOLTMNT01_199445', 'team1_id': 'ea57e93bc73880655acdc795361215b', 'team2_id': '67169969ecc058b307edfa9c6b7a3c0', 'date': '2025-02-02 16:09:37', 'data_complete': 'complete', 'url': None, 'league': 'LTA S', 'year': '2025', 'split': 'Split 1', 'playoffs': False, 'game_in_series': 1, 'patch': '15.02'}
{'game_id': 'LOLTMNT01_199518', 'team1_id': '67169969ecc058b307edfa9c6b7a3c0', 'team2_id': 'ea57e93bc73880655acdc795361215b', 'date': '2025-02-02 18:16:46', 'data_complete': 'complete', 'url': None, 'league': 'LTA S', 'year': '2025', 'split': 'Split 1', 'playoffs': False, 'game_in_series': 3, 'patch': '15.02'}
{'game_id': 'LOLTMNT01_199567', 'team1_id': '61450737f7b683db4da7b3e0bf0dced', 'team2_id': '53ef3d5a3ac5d88bc000eff7d87aeb3', 'date': '2025-02-02 20:14:24', 'data_complete': 'complete', 'url': None, 'league': 'LTA S', 'year': '2025', 'split': 'Split 1', 'playoffs': False, 'game_in_series': 2, 'patch': '15.02'}
{'game_id': 'LOLTMNT01_199589', 'team1_id': '8eb884e168f28402ce685bedebb5250', 'team2_id': '4bd1751425ef6a9bc9d4d8e9385b4a6', 'date': '2025-02-02 21:12:08', 'data_complete': 'complete', 'url': None, 'league': 'LTA N', 'year': '2025', 'split': 'Split 1', 'playoffs': False, 'game_in_series': 1, 'patch': '15.02'}
{'game_id': 'LOLTMNT01_199596', 'team1_id': '53ef3d5a3ac5d88bc000eff7d87aeb3', 'team2_id': '61450737f7b683db4da7b3e0bf0dced', 'date': '2025-02-02 21:15:10', 'data_complete': 'complete', 'url': None, 'league': 'LTA S', 'year': '2025', 'split': 'Split 1', 'playoffs': False, 'game_in_series': 3, 'patch': '15.02'}
{'game_id': 'LOLTMNT01_199614', 'team1_id': '8eb884e168f28402ce685bedebb5250', 'team2_id': '4bd1751425ef6a9bc9d4d8e9385b4a6', 'date': '2025-02-02 22:05:09', 'data_complete': 'complete', 'url': None, 'league': 'LTA N', 'year': '2025', 'split': 'Split 1', 'playoffs': False, 'game_in_series': 2, 'patch': '15.02'}
{'game_id': 'LOLTMNT01_199618', 'team1_id': '4bd1751425ef6a9bc9d4d8e9385b4a6', 'team2_id': '8eb884e168f28402ce685bedebb5250', 'date': '2025-02-02 23:06:46', 'data_complete': 'complete', 'url': None, 'league': 'LTA N', 'year': '2025', 'split': 'Split 1', 'playoffs': False, 'game_in_series': 3, 'patch': '15.02'}
{'game_id': 'LOLTMNT01_199622', 'team1_id': '2e66da41dc460dd378e3bcc57042d31', 'team2_id': 'fc8e90107dabb9a35c490b0d86adea0', 'date': '2025-02-03 00:15:46', 'data_complete': 'complete', 'url': None, 'league': 'LTA N', 'year': '2025', 'split': 'Split 1', 'playoffs': False, 'game_in_series': 1, 'patch': '15.02'}
{'game_id': 'LOLTMNT01_199637', 'team1_id': '2e66da41dc460dd378e3bcc57042d31', 'team2_id': 'fc8e90107dabb9a35c490b0d86adea0', 'date': '2025-02-03 02:02:05', 'data_complete': 'complete', 'url': None, 'league': 'LTA N', 'year': '2025', 'split': 'Split 1', 'playoffs': False, 'game_in_series': 3, 'patch': '15.02'}
{'game_id': 'LOLTMNT01_199640', 'team1_id': '4bd1751425ef6a9bc9d4d8e9385b4a6', 'team2_id': 'fc8e90107dabb9a35c490b0d86adea0', 'date': '2025-02-03 02:54:42', 'data_complete': 'complete', 'url': None, 'league': 'LTA N', 'year': '2025', 'split': 'Split 1', 'playoffs': False, 'game_in_series': 1, 'patch': '15.02'}
{'game_id': 'LOLTMNT01_199664', 'team1_id': '2a5e5fceaa40b335ebc6b49359abf62', 'team2_id': '731b7a9fd004cdbe2bcb3da795bce47', 'date': '2025-02-03 05:09:24', 'data_complete': 'complete', 'url': None, 'league': 'LCKC', 'year': '2025', 'split': 'Kickoff', 'playoffs': False, 'game_in_series': 1, 'patch': '15.02'}
{'game_id': 'LOLTMNT01_199677', 'team1_id': '2a5e5fceaa40b335ebc6b49359abf62', 'team2_id': '731b7a9fd004cdbe2bcb3da795bce47', 'date': '2025-02-03 06:02:19', 'data_complete': 'complete', 'url': None, 'league': 'LCKC', 'year': '2025', 'split': 'Kickoff', 'playoffs': False, 'game_in_series': 2, 'patch': '15.02'}
{'game_id': 'LOLTMNT01_199706', 'team1_id': '2d26f8190f9d5cd2e0cb2232d9b7481', 'team2_id': '55b3d6b2c940afa4e24978c55dfea27', 'date': '2025-02-03 07:38:39', 'data_complete': 'complete', 'url': None, 'league': 'LCKC', 'year': '2025', 'split': 'Kickoff', 'playoffs': False, 'game_in_series': 1, 'patch': '15.02'}
{'game_id': 'LOLTMNT01_199711', 'team1_id': '2d26f8190f9d5cd2e0cb2232d9b7481', 'team2_id': '55b3d6b2c940afa4e24978c55dfea27', 'date': '2025-02-03 08:30:37', 'data_complete': 'complete', 'url': None, 'league': 'LCKC', 'year': '2025', 'split': 'Kickoff', 'playoffs': False, 'game_in_series': 2, 'patch': '15.02'}
{'game_id': 'LOLTMNT01_199725', 'team1_id': '55b3d6b2c940afa4e24978c55dfea27', 'team2_id': '2d26f8190f9d5cd2e0cb2232d9b7481', 'date': '2025-02-03 09:26:59', 'data_complete': 'complete', 'url': None, 'league': 'LCKC', 'year': '2025', 'split': 'Kickoff', 'playoffs': False, 'game_in_series': 3, 'patch': '15.02'}
{'game_id': 'LOLTMNT01_199739', 'team1_id': '7c64febcd5ccff13dcd035dc6867a00', 'team2_id': 'b9733b8e8aa341319bbaf1035198a28', 'date': '2025-02-03 10:28:17', 'data_complete': 'complete', 'url': None, 'league': 'LCKC', 'year': '2025', 'split': 'Kickoff', 'playoffs': False, 'game_in_series': 1, 'patch': '15.02'}
{'game_id': 'LOLTMNT01_199758', 'team1_id': '7c64febcd5ccff13dcd035dc6867a00', 'team2_id': 'b9733b8e8aa341319bbaf1035198a28', 'date': '2025-02-03 11:17:18', 'data_complete': 'complete', 'url': None, 'league': 'LCKC', 'year': '2025', 'split': 'Kickoff', 'playoffs': False, 'game_in_series': 2, 'patch': '15.02'}
{'game_id': 'LOLTMNT01_199956', 'team1_id': '2bcca6d95dbad6ed6d3e7479522e19d', 'team2_id': '1ea3ba0a6fe2a84009902077124947c', 'date': '2025-02-03 17:17:15', 'data_complete': 'complete', 'url': None, 'league': 'NEXO', 'year': '2025', 'split': 'Split 2', 'playoffs': False, 'game_in_series': 1, 'patch': '15.02'}
{'game_id': 'LOLTMNT01_200010', 'team1_id': '9e12a15ab90a0a26c7e4e5308d3924c', 'team2_id': 'dbe0589e5cff81fa6b163d9f30ffeee', 'date': '2025-02-02 14:50:22', 'data_complete': 'complete', 'url': None, 'league': 'RL', 'year': '2025', 'split': 'Winter', 'playoffs': False, 'game_in_series': 3, 'patch': '15.02'}
{'game_id': 'LOLTMNT01_200090', 'team1_id': 'ea57e93bc73880655acdc795361215b', 'team2_id': '67169969ecc058b307edfa9c6b7a3c0', 'date': '2025-02-02 17:09:22', 'data_complete': 'complete', 'url': None, 'league': 'LTA S', 'year': '2025', 'split': 'Split 1', 'playoffs': False, 'game_in_series': 2, 'patch': '15.02'}
{'game_id': 'LOLTMNT01_200132', 'team1_id': '61450737f7b683db4da7b3e0bf0dced', 'team2_id': '53ef3d5a3ac5d88bc000eff7d87aeb3', 'date': '2025-02-02 19:09:43', 'data_complete': 'complete', 'url': None, 'league': 'LTA S', 'year': '2025', 'split': 'Split 1', 'playoffs': False, 'game_in_series': 1, 'patch': '15.02'}
{'game_id': 'LOLTMNT01_200198', 'team1_id': '53ef3d5a3ac5d88bc000eff7d87aeb3', 'team2_id': 'ea57e93bc73880655acdc795361215b', 'date': '2025-02-02 22:13:27', 'data_complete': 'complete', 'url': None, 'league': 'LTA S', 'year': '2025', 'split': 'Split 1', 'playoffs': False, 'game_in_series': 1, 'patch': '15.02'}
{'game_id': 'LOLTMNT01_200234', 'team1_id': 'fc8e90107dabb9a35c490b0d86adea0', 'team2_id': '2e66da41dc460dd378e3bcc57042d31', 'date': '2025-02-03 01:16:17', 'data_complete': 'complete', 'url': None, 'league': 'LTA N', 'year': '2025', 'split': 'Split 1', 'playoffs': False, 'game_in_series': 2, 'patch': '15.02'}
{'game_id': 'LOLTMNT01_200554', 'team1_id': '50074114f4e5791ba2bda471c1baa3c', 'team2_id': 'a599bf4fe20c6be57044f7319b04e3d', 'date': '2025-02-03 17:06:54', 'data_complete': 'complete', 'url': None, 'league': 'NEXO', 'year': '2025', 'split': 'Split 2', 'playoffs': False, 'game_in_series': 1, 'patch': '15.02'}
{'game_id': 'LOLTMNT01_200818', 'team1_id': '9ae84c5a47d011e5bac67ed9c901bfc', 'team2_id': '4c9dd0212552afe76315b616b7891f5', 'date': '2025-02-04 08:05:04', 'data_complete': 'complete', 'url': None, 'league': 'LCKC', 'year': '2025', 'split': 'Kickoff', 'playoffs': False, 'game_in_series': 1, 'patch': '15.02'}
{'game_id': 'LOLTMNT01_200864', 'team1_id': '20edec57649c30e1ed81e4b42634ac1', 'team2_id': '5d069a5aeb88f79b4b92dfa2b9f2a3c', 'date': '2025-02-04 11:24:12', 'data_complete': 'complete', 'url': None, 'league': 'LCKC', 'year': '2025', 'split': 'Kickoff', 'playoffs': False, 'game_in_series': 2, 'patch': '15.02'}
{'game_id': 'LOLTMNT01_200986', 'team1_id': 'c5819326ccf3b14446406bd7ac066c3', 'team2_id': None, 'date': '2025-02-04 16:13:13', 'data_complete': 'complete', 'url': None, 'league': 'HW', 'year': '2025', 'split': None, 'playoffs': False, 'game_in_series': 1, 'patch': '15.02'}
{'game_id': 'LOLTMNT01_201001', 'team1_id': '9c47b9a7c8357263dafdcfb72b1fc11', 'team2_id': '94223abdc94b7506183935d070fa35d', 'date': '2025-02-03 18:07:03', 'data_complete': 'complete', 'url': None, 'league': 'NEXO', 'year': '2025', 'split': 'Split 2', 'playoffs': False, 'game_in_series': 1, 'patch': '15.02'}
{'game_id': 'LOLTMNT01_201016', 'team1_id': '7937668325b3c4ee54f8e52256479bb', 'team2_id': 'f559203c4bdf14dbfb2e440de75d53e', 'date': '2025-02-03 18:20:29', 'data_complete': 'complete', 'url': None, 'league': 'NEXO', 'year': '2025', 'split': 'Split 2', 'playoffs': False, 'game_in_series': 1, 'patch': '15.02'}
{'game_id': 'LOLTMNT01_201034', 'team1_id': 'd58a84867e710510653aaecb2723984', 'team2_id': 'f33930460c641ba8c7ffe11342c08ef', 'date': '2025-02-03 19:10:07', 'data_complete': 'complete', 'url': None, 'league': 'NEXO', 'year': '2025', 'split': 'Split 2', 'playoffs': False, 'game_in_series': 1, 'patch': '15.02'}
{'game_id': 'LOLTMNT01_201039', 'team1_id': '2d02ba0b874367692a25110f0e321f6', 'team2_id': '8eb9a212591f919a353abfac0c0a52a', 'date': '2025-02-03 19:20:44', 'data_complete': 'complete', 'url': None, 'league': 'NEXO', 'year': '2025', 'split': 'Split 2', 'playoffs': False, 'game_in_series': 1, 'patch': '15.02'}
{'game_id': 'LOLTMNT01_201204', 'team1_id': '4c9dd0212552afe76315b616b7891f5', 'team2_id': '9ae84c5a47d011e5bac67ed9c901bfc', 'date': '2025-02-04 09:15:16', 'data_complete': 'complete', 'url': None, 'league': 'LCKC', 'year': '2025', 'split': 'Kickoff', 'playoffs': False, 'game_in_series': 2, 'patch': '15.02'}
{'game_id': 'LOLTMNT01_201218', 'team1_id': '5d069a5aeb88f79b4b92dfa2b9f2a3c', 'team2_id': '20edec57649c30e1ed81e4b42634ac1', 'date': '2025-02-04 10:32:56', 'data_complete': 'complete', 'url': None, 'league': 'LCKC', 'year': '2025', 'split': 'Kickoff', 'playoffs': False, 'game_in_series': 1, 'patch': '15.02'}
{'game_id': 'LOLTMNT01_201245', 'team1_id': '5d069a5aeb88f79b4b92dfa2b9f2a3c', 'team2_id': '20edec57649c30e1ed81e4b42634ac1', 'date': '2025-02-04 12:15:29', 'data_complete': 'complete', 'url': None, 'league': 'LCKC', 'year': '2025', 'split': 'Kickoff', 'playoffs': False, 'game_in_series': 3, 'patch': '15.02'}
{'game_id': 'LOLTMNT01_202033', 'team1_id': '6d98739f80c37e5b5c2431950983a05', 'team2_id': 'f4e28ce02dea2124a77a47a70ac961f', 'date': '2025-02-04 16:07:56', 'data_complete': 'complete', 'url': None, 'league': 'RL', 'year': '2025', 'split': 'Winter', 'playoffs': False, 'game_in_series': 1, 'patch': '15.02'}
{'game_id': 'LOLTMNT01_202062', 'team1_id': 'c5819326ccf3b14446406bd7ac066c3', 'team2_id': None, 'date': '2025-02-04 17:10:17', 'data_complete': 'complete', 'url': None, 'league': 'HW', 'year': '2025', 'split': None, 'playoffs': False, 'game_in_series': 2, 'patch': '15.02'}
{'game_id': 'LOLTMNT01_202089', 'team1_id': None, 'team2_id': 'c5819326ccf3b14446406bd7ac066c3', 'date': '2025-02-04 18:00:52', 'data_complete': 'complete', 'url': None, 'league': 'HW', 'year': '2025', 'split': None, 'playoffs': False, 'game_in_series': 3, 'patch': '15.02'}
{'game_id': 'LOLTMNT01_202102', 'team1_id': 'a97c52541b1a643ca45c42720f7e2de', 'team2_id': '544b70d08c7df83ccb74d08a677b902', 'date': '2025-02-04 18:21:49', 'data_complete': 'complete', 'url': None, 'league': 'RL', 'year': '2025', 'split': 'Winter', 'playoffs': False, 'game_in_series': 1, 'patch': '15.02'}
{'game_id': 'LOLTMNT01_202451', 'team1_id': '3a96025b8db516e2c44dbb3c0b31996', 'team2_id': '9bd7ce113c5d4ff95b1c75205356a3f', 'date': '2025-02-05 16:02:10', 'data_complete': 'complete', 'url': None, 'league': 'HLL', 'year': '2025', 'split': 'Winter', 'playoffs': False, 'game_in_series': 1, 'patch': '15.02'}
{'game_id': 'LOLTMNT01_202464', 'team1_id': '3ab1da3e7d4f6beb00abafe38746ebd', 'team2_id': None, 'date': '2025-02-05 16:12:09', 'data_complete': 'complete', 'url': None, 'league': 'HW', 'year': '2025', 'split': None, 'playoffs': False, 'game_in_series': 1, 'patch': '15.02'}
{'game_id': 'LOLTMNT01_202479', 'team1_id': 'dbe0589e5cff81fa6b163d9f30ffeee', 'team2_id': 'f9f16e15a84c85d050aa09b4a21c757', 'date': '2025-02-05 17:08:49', 'data_complete': 'complete', 'url': None, 'league': 'RL', 'year': '2025', 'split': 'Winter', 'playoffs': False, 'game_in_series': 2, 'patch': '15.02'}
{'game_id': 'LOLTMNT01_202493', 'team1_id': None, 'team2_id': '3ab1da3e7d4f6beb00abafe38746ebd', 'date': '2025-02-05 17:51:36', 'data_complete': 'complete', 'url': None, 'league': 'HW', 'year': '2025', 'split': None, 'playoffs': False, 'game_in_series': 3, 'patch': '15.02'}
{'game_id': 'LOLTMNT01_202632', 'team1_id': '0916b3c324c8577b0c6344f3e067f62', 'team2_id': 'e435aa3ecb82a89e60544f5f5857a81', 'date': '2025-02-06 10:21:50', 'data_complete': 'complete', 'url': None, 'league': 'LCP', 'year': '2025', 'split': 'Split 1', 'playoffs': False, 'game_in_series': 1, 'patch': '15.02'}
{'game_id': 'LOLTMNT01_202642', 'team1_id': 'e435aa3ecb82a89e60544f5f5857a81', 'team2_id': '0916b3c324c8577b0c6344f3e067f62', 'date': '2025-02-06 11:13:20', 'data_complete': 'complete', 'url': None, 'league': 'LCP', 'year': '2025', 'split': 'Split 1', 'playoffs': False, 'game_in_series': 2, 'patch': '15.02'}
{'game_id': 'LOLTMNT01_202660', 'team1_id': 'fe099196385a285d6d6edde504dc1f6', 'team2_id': '740de582f50775c516c77ed7b923fd5', 'date': '2025-02-06 12:17:43', 'data_complete': 'complete', 'url': None, 'league': 'LCP', 'year': '2025', 'split': 'Split 1', 'playoffs': False, 'game_in_series': 1, 'patch': '15.02'}
{'game_id': 'LOLTMNT01_202679', 'team1_id': '740de582f50775c516c77ed7b923fd5', 'team2_id': 'fe099196385a285d6d6edde504dc1f6', 'date': '2025-02-06 13:23:44', 'data_complete': 'complete', 'url': None, 'league': 'LCP', 'year': '2025', 'split': 'Split 1', 'playoffs': False, 'game_in_series': 2, 'patch': '15.02'}
{'game_id': 'LOLTMNT01_202707', 'team1_id': '4410ecf1b88f1316b6e6c110120c896', 'team2_id': '75a4d34e4afac036d164b0f1a580486', 'date': '2025-02-06 15:05:04', 'data_complete': 'complete', 'url': None, 'league': 'HLL', 'year': '2025', 'split': 'Winter', 'playoffs': False, 'game_in_series': 1, 'patch': '15.02'}
{'game_id': 'LOLTMNT01_202740', 'team1_id': 'd17ce7a4192b52f8e1daf94c381c75f', 'team2_id': '746e6715fc4295c54954be5efc385af', 'date': '2025-02-06 17:06:35', 'data_complete': 'complete', 'url': None, 'league': 'LVP SL', 'year': '2025', 'split': 'Winter', 'playoffs': False, 'game_in_series': 1, 'patch': '15.02'}
{'game_id': 'LOLTMNT01_202788', 'team1_id': '86dbb7cea91eaf08738bdc93a8442ce', 'team2_id': 'bae5c5b458ee21472c7f6f270990bfe', 'date': '2025-02-06 18:56:40', 'data_complete': 'complete', 'url': None, 'league': 'LVP SL', 'year': '2025', 'split': 'Winter', 'playoffs': False, 'game_in_series': 1, 'patch': '15.02'}
{'game_id': 'LOLTMNT01_202875', 'team1_id': '101f8589e58c724c1dcd5a9c1555277', 'team2_id': 'b05347770d44de27f5e7a25c8cfcbb2', 'date': '2025-02-07 08:05:24', 'data_complete': 'complete', 'url': None, 'league': 'LCK', 'year': '2025', 'split': 'Cup', 'playoffs': False, 'game_in_series': 1, 'patch': '15.02'}
{'game_id': 'LOLTMNT01_202877', 'team1_id': 'b05347770d44de27f5e7a25c8cfcbb2', 'team2_id': '101f8589e58c724c1dcd5a9c1555277', 'date': '2025-02-07 09:00:30', 'data_complete': 'complete', 'url': None, 'league': 'LCK', 'year': '2025', 'split': 'Cup', 'playoffs': False, 'game_in_series': 2, 'patch': '15.02'}
{'game_id': 'LOLTMNT01_202919', 'team1_id': 'd8ca3fc1f0827ec76369af7b70d43e3', 'team2_id': '6c41c4480bff43bc71e870013760b38', 'date': '2025-02-07 10:25:02', 'data_complete': 'complete', 'url': None, 'league': 'LCP', 'year': '2025', 'split': 'Split 1', 'playoffs': False, 'game_in_series': 1, 'patch': '15.02'}
{'game_id': 'LOLTMNT01_203013', 'team1_id': 'f4e28ce02dea2124a77a47a70ac961f', 'team2_id': '6d98739f80c37e5b5c2431950983a05', 'date': '2025-02-04 17:10:24', 'data_complete': 'complete', 'url': None, 'league': 'RL', 'year': '2025', 'split': 'Winter', 'playoffs': False, 'game_in_series': 2, 'patch': '15.02'}
{'game_id': 'LOLTMNT01_203107', 'team1_id': 'a97c52541b1a643ca45c42720f7e2de', 'team2_id': '544b70d08c7df83ccb74d08a677b902', 'date': '2025-02-04 19:24:54', 'data_complete': 'complete', 'url': None, 'league': 'RL', 'year': '2025', 'split': 'Winter', 'playoffs': False, 'game_in_series': 2, 'patch': '15.02'}
{'game_id': 'LOLTMNT01_203330', 'team1_id': 'd932b52fb3a9d5fad174728a969ee14', 'team2_id': '4410ecf1b88f1316b6e6c110120c896', 'date': '2025-02-05 14:11:01', 'data_complete': 'complete', 'url': None, 'league': 'HLL', 'year': '2025', 'split': 'Winter', 'playoffs': False, 'game_in_series': 1, 'patch': '15.02'}
{'game_id': 'LOLTMNT01_203357', 'team1_id': 'b19ab22267512e77945cd498106dcf1', 'team2_id': '6a68fff9fc521e2fbcab2fc19978d24', 'date': '2025-02-05 15:05:13', 'data_complete': 'complete', 'url': None, 'league': 'HLL', 'year': '2025', 'split': 'Winter', 'playoffs': False, 'game_in_series': 1, 'patch': '15.02'}
{'game_id': 'LOLTMNT01_203387', 'team1_id': 'dbe0589e5cff81fa6b163d9f30ffeee', 'team2_id': 'f9f16e15a84c85d050aa09b4a21c757', 'date': '2025-02-05 16:08:14', 'data_complete': 'complete', 'url': None, 'league': 'RL', 'year': '2025', 'split': 'Winter', 'playoffs': False, 'game_in_series': 1, 'patch': '15.02'}
{'game_id': 'LOLTMNT01_203408', 'team1_id': '75a4d34e4afac036d164b0f1a580486', 'team2_id': '03e2d2e3168da8b4e8f381342cb59cb', 'date': '2025-02-05 17:04:07', 'data_complete': 'complete', 'url': None, 'league': 'HLL', 'year': '2025', 'split': 'Winter', 'playoffs': False, 'game_in_series': 1, 'patch': '15.02'}
{'game_id': 'LOLTMNT01_203412', 'team1_id': '3ab1da3e7d4f6beb00abafe38746ebd', 'team2_id': None, 'date': '2025-02-05 17:07:40', 'data_complete': 'complete', 'url': None, 'league': 'HW', 'year': '2025', 'split': None, 'playoffs': False, 'game_in_series': 2, 'patch': '15.02'}
{'game_id': 'LOLTMNT01_203441', 'team1_id': '125fc4d6b0dc1b21596f4f06a207d62', 'team2_id': '9e12a15ab90a0a26c7e4e5308d3924c', 'date': '2025-02-05 18:09:13', 'data_complete': 'complete', 'url': None, 'league': 'RL', 'year': '2025', 'split': 'Winter', 'playoffs': False, 'game_in_series': 1, 'patch': '15.02'}
{'game_id': 'LOLTMNT01_203452', 'team1_id': '9e12a15ab90a0a26c7e4e5308d3924c', 'team2_id': '125fc4d6b0dc1b21596f4f06a207d62', 'date': '2025-02-05 19:10:01', 'data_complete': 'complete', 'url': None, 'league': 'RL', 'year': '2025', 'split': 'Winter', 'playoffs': False, 'game_in_series': 2, 'patch': '15.02'}
{'game_id': 'LOLTMNT01_203469', 'team1_id': '125fc4d6b0dc1b21596f4f06a207d62', 'team2_id': '9e12a15ab90a0a26c7e4e5308d3924c', 'date': '2025-02-05 20:08:47', 'data_complete': 'complete', 'url': None, 'league': 'RL', 'year': '2025', 'split': 'Winter', 'playoffs': False, 'game_in_series': 3, 'patch': '15.02'}
{'game_id': 'LOLTMNT01_203640', 'team1_id': '03e2d2e3168da8b4e8f381342cb59cb', 'team2_id': '3a96025b8db516e2c44dbb3c0b31996', 'date': '2025-02-06 14:11:15', 'data_complete': 'complete', 'url': None, 'league': 'HLL', 'year': '2025', 'split': 'Winter', 'playoffs': False, 'game_in_series': 1, 'patch': '15.02'}
{'game_id': 'LOLTMNT01_203683', 'team1_id': '9bd7ce113c5d4ff95b1c75205356a3f', 'team2_id': 'b19ab22267512e77945cd498106dcf1', 'date': '2025-02-06 15:58:37', 'data_complete': 'complete', 'url': None, 'league': 'HLL', 'year': '2025', 'split': 'Winter', 'playoffs': False, 'game_in_series': 1, 'patch': '15.02'}
{'game_id': 'LOLTMNT01_203705', 'team1_id': '6a68fff9fc521e2fbcab2fc19978d24', 'team2_id': 'd932b52fb3a9d5fad174728a969ee14', 'date': '2025-02-06 16:52:07', 'data_complete': 'complete', 'url': None, 'league': 'HLL', 'year': '2025', 'split': 'Winter', 'playoffs': False, 'game_in_series': 1, 'patch': '15.02'}
{'game_id': 'LOLTMNT01_203733', 'team1_id': '374ab80ad8c28c38cd170e188e4aca8', 'team2_id': '1027c6e0b1984a79fdd7be04072b547', 'date': '2025-02-06 17:58:33', 'data_complete': 'complete', 'url': None, 'league': 'LVP SL', 'year': '2025', 'split': 'Winter', 'playoffs': False, 'game_in_series': 1, 'patch': '15.02'}
{'game_id': 'LOLTMNT01_203763', 'team1_id': '9cb395c39a75579af94c93876a42e9b', 'team2_id': '2d1b8a518ba70fe8352fb0fdd8aec1a', 'date': '2025-02-06 20:03:29', 'data_complete': 'complete', 'url': None, 'league': 'LVP SL', 'year': '2025', 'split': 'Winter', 'playoffs': False, 'game_in_series': 1, 'patch': '15.02'}
{'game_id': 'LOLTMNT01_203863', 'team1_id': '5cd2cd09ec94296f605dd13a2924d6c', 'team2_id': '66eccb6faca7fd5e3cdf4ccf903385c', 'date': '2025-02-07 10:33:44', 'data_complete': 'complete', 'url': None, 'league': 'LCK', 'year': '2025', 'split': 'Cup', 'playoffs': False, 'game_in_series': 1, 'patch': '15.02'}
{'game_id': 'LOLTMNT01_203870', 'team1_id': 'd8ca3fc1f0827ec76369af7b70d43e3', 'team2_id': '6c41c4480bff43bc71e870013760b38', 'date': '2025-02-07 11:15:38', 'data_complete': 'complete', 'url': None, 'league': 'LCP', 'year': '2025', 'split': 'Split 1', 'playoffs': False, 'game_in_series': 2, 'patch': '15.02'}
{'game_id': 'LOLTMNT01_203871', 'team1_id': '66eccb6faca7fd5e3cdf4ccf903385c', 'team2_id': '5cd2cd09ec94296f605dd13a2924d6c', 'date': '2025-02-07 11:27:17', 'data_complete': 'complete', 'url': None, 'league': 'LCK', 'year': '2025', 'split': 'Cup', 'playoffs': False, 'game_in_series': 2, 'patch': '15.02'}
{'game_id': 'LOLTMNT01_203901', 'team1_id': '692bccdba8ec7050f5aeb916815439e', 'team2_id': '9cae7677cd0dbcc1cd86653870b73c2', 'date': '2025-02-07 13:16:59', 'data_complete': 'complete', 'url': None, 'league': 'LCP', 'year': '2025', 'split': 'Split 1', 'playoffs': False, 'game_in_series': 2, 'patch': '15.02'}
{'game_id': 'LOLTMNT01_203908', 'team1_id': 'b19ab22267512e77945cd498106dcf1', 'team2_id': '03e2d2e3168da8b4e8f381342cb59cb', 'date': '2025-02-07 14:07:18', 'data_complete': 'complete', 'url': None, 'league': 'HLL', 'year': '2025', 'split': 'Winter', 'playoffs': False, 'game_in_series': 1, 'patch': '15.02'}
{'game_id': 'LOLTMNT01_203931', 'team1_id': 'd932b52fb3a9d5fad174728a969ee14', 'team2_id': '9bd7ce113c5d4ff95b1c75205356a3f', 'date': '2025-02-07 15:07:16', 'data_complete': 'complete', 'url': None, 'league': 'HLL', 'year': '2025', 'split': 'Winter', 'playoffs': False, 'game_in_series': 1, 'patch': '15.02'}
{'game_id': 'LOLTMNT01_203956', 'team1_id': '6a68fff9fc521e2fbcab2fc19978d24', 'team2_id': '4410ecf1b88f1316b6e6c110120c896', 'date': '2025-02-07 16:08:35', 'data_complete': 'complete', 'url': None, 'league': 'HLL', 'year': '2025', 'split': 'Winter', 'playoffs': False, 'game_in_series': 1, 'patch': '15.02'}
{'game_id': 'LOLTMNT01_203968', 'team1_id': '3a96025b8db516e2c44dbb3c0b31996', 'team2_id': '75a4d34e4afac036d164b0f1a580486', 'date': '2025-02-07 17:02:12', 'data_complete': 'complete', 'url': None, 'league': 'HLL', 'year': '2025', 'split': 'Winter', 'playoffs': False, 'game_in_series': 1, 'patch': '15.02'}
{'game_id': 'LOLTMNT01_204096', 'team1_id': 'ce499dea30cfce118f4fe85da0227e8', 'team2_id': '5cd2cd09ec94296f605dd13a2924d6c', 'date': '2025-02-08 06:05:33', 'data_complete': 'complete', 'url': None, 'league': 'LCK', 'year': '2025', 'split': 'Cup', 'playoffs': False, 'game_in_series': 1, 'patch': '15.02'}
{'game_id': 'LOLTMNT01_204112', 'team1_id': '3a1d18f46bcb3716ebcfcf4ef068934', 'team2_id': '101f8589e58c724c1dcd5a9c1555277', 'date': '2025-02-08 08:35:01', 'data_complete': 'complete', 'url': None, 'league': 'LCK', 'year': '2025', 'split': 'Cup', 'playoffs': False, 'game_in_series': 1, 'patch': '15.02'}
{'game_id': 'LOLTMNT01_204114', 'team1_id': '101f8589e58c724c1dcd5a9c1555277', 'team2_id': '3a1d18f46bcb3716ebcfcf4ef068934', 'date': '2025-02-08 09:30:18', 'data_complete': 'complete', 'url': None, 'league': 'LCK', 'year': '2025', 'split': 'Cup', 'playoffs': False, 'game_in_series': 2, 'patch': '15.02'}
{'game_id': 'LOLTMNT01_204165', 'team1_id': '6e322bda09963acbe90845ce95e76f4', 'team2_id': 'ef2dd1b1ee2468704103b42eb8af1ac', 'date': '2025-02-08 12:14:13', 'data_complete': 'complete', 'url': None, 'league': 'HW', 'year': '2025', 'split': None, 'playoffs': False, 'game_in_series': 1, 'patch': '15.02'}
{'game_id': 'LOLTMNT01_204189', 'team1_id': '5e86e312935ad545ee215e67adcee9c', 'team2_id': 'd7b1c568f7a023c10d7ad7778b48cc7', 'date': '2025-02-08 14:02:41', 'data_complete': 'complete', 'url': None, 'league': 'HW', 'year': '2025', 'split': None, 'playoffs': False, 'game_in_series': 1, 'patch': '15.02'}
{'game_id': 'LOLTMNT01_204197', 'team1_id': '8065dbb2f6c7eb09df70a55bea52136', 'team2_id': '3faefd9245a4ef6ba347fbcf2a51515', 'date': '2025-02-08 14:52:07', 'data_complete': 'complete', 'url': None, 'league': 'HW', 'year': '2025', 'split': None, 'playoffs': False, 'game_in_series': 1, 'patch': '15.02'}
{'game_id': 'LOLTMNT01_204227', 'team1_id': 'c5819326ccf3b14446406bd7ac066c3', 'team2_id': '06554c70cfe8a6be14b004b3c18abe6', 'date': '2025-02-08 18:34:49', 'data_complete': 'complete', 'url': None, 'league': 'HW', 'year': '2025', 'split': None, 'playoffs': False, 'game_in_series': 1, 'patch': '15.02'}
{'game_id': 'LOLTMNT01_204232', 'team1_id': 'e3f89acb10ecd65327fa954ff2ec047', 'team2_id': 'dba2e551039e079ceae513ba7386109', 'date': '2025-02-08 19:37:30', 'data_complete': 'complete', 'url': None, 'league': 'HW', 'year': '2025', 'split': None, 'playoffs': False, 'game_in_series': 1, 'patch': '15.02'}
{'game_id': 'LOLTMNT01_204273', 'team1_id': '101f8589e58c724c1dcd5a9c1555277', 'team2_id': '5cd2cd09ec94296f605dd13a2924d6c', 'date': '2025-02-09 06:04:31', 'data_complete': 'complete', 'url': None, 'league': 'LCK', 'year': '2025', 'split': 'Cup', 'playoffs': False, 'game_in_series': 1, 'patch': '15.02'}
{'game_id': 'LOLTMNT01_204280', 'team1_id': '5cd2cd09ec94296f605dd13a2924d6c', 'team2_id': '101f8589e58c724c1dcd5a9c1555277', 'date': '2025-02-09 07:52:48', 'data_complete': 'complete', 'url': None, 'league': 'LCK', 'year': '2025', 'split': 'Cup', 'playoffs': False, 'game_in_series': 3, 'patch': '15.02'}
{'game_id': 'LOLTMNT01_204281', 'team1_id': '101f8589e58c724c1dcd5a9c1555277', 'team2_id': '5cd2cd09ec94296f605dd13a2924d6c', 'date': '2025-02-09 08:41:47', 'data_complete': 'complete', 'url': None, 'league': 'LCK', 'year': '2025', 'split': 'Cup', 'playoffs': False, 'game_in_series': 4, 'patch': '15.02'}
{'game_id': 'LOLTMNT01_204310', 'team1_id': 'c2bd1dd17a070dbbb8df9aefb634a41', 'team2_id': '8065dbb2f6c7eb09df70a55bea52136', 'date': '2025-02-09 12:11:34', 'data_complete': 'complete', 'url': None, 'league': 'HW', 'year': '2025', 'split': None, 'playoffs': False, 'game_in_series': 1, 'patch': '15.02'}
{'game_id': 'LOLTMNT01_204323', 'team1_id': 'ef2dd1b1ee2468704103b42eb8af1ac', 'team2_id': 'dba2e551039e079ceae513ba7386109', 'date': '2025-02-09 12:59:00', 'data_complete': 'complete', 'url': None, 'league': 'HW', 'year': '2025', 'split': None, 'playoffs': False, 'game_in_series': 1, 'patch': '15.02'}
{'game_id': 'LOLTMNT01_204333', 'team1_id': 'c5819326ccf3b14446406bd7ac066c3', 'team2_id': 'd7b1c568f7a023c10d7ad7778b48cc7', 'date': '2025-02-09 14:05:14', 'data_complete': 'complete', 'url': None, 'league': 'HW', 'year': '2025', 'split': None, 'playoffs': False, 'game_in_series': 1, 'patch': '15.02'}
{'game_id': 'LOLTMNT01_204380', 'team1_id': 'e3f89acb10ecd65327fa954ff2ec047', 'team2_id': '6e322bda09963acbe90845ce95e76f4', 'date': '2025-02-09 17:59:56', 'data_complete': 'complete', 'url': None, 'league': 'HW', 'year': '2025', 'split': None, 'playoffs': False, 'game_in_series': 1, 'patch': '15.02'}
{'game_id': 'LOLTMNT01_204389', 'team1_id': '5e86e312935ad545ee215e67adcee9c', 'team2_id': 'ddb6aa775eebeffd5cc41ba5c35c6a1', 'date': '2025-02-09 19:05:46', 'data_complete': 'complete', 'url': None, 'league': 'HW', 'year': '2025', 'split': None, 'playoffs': False, 'game_in_series': 1, 'patch': '15.02'}
{'game_id': 'LOLTMNT01_204429', 'team1_id': '2a5e5fceaa40b335ebc6b49359abf62', 'team2_id': '5d069a5aeb88f79b4b92dfa2b9f2a3c', 'date': '2025-02-10 08:05:55', 'data_complete': 'complete', 'url': None, 'league': 'LCKC', 'year': '2025', 'split': 'Kickoff', 'playoffs': False, 'game_in_series': 1, 'patch': '15.02'}
{'game_id': 'LOLTMNT01_204430', 'team1_id': '2a5e5fceaa40b335ebc6b49359abf62', 'team2_id': '5d069a5aeb88f79b4b92dfa2b9f2a3c', 'date': '2025-02-10 09:04:22', 'data_complete': 'complete', 'url': None, 'league': 'LCKC', 'year': '2025', 'split': 'Kickoff', 'playoffs': False, 'game_in_series': 2, 'patch': '15.02'}
{'game_id': 'LOLTMNT01_204441', 'team1_id': '7c64febcd5ccff13dcd035dc6867a00', 'team2_id': '4c9dd0212552afe76315b616b7891f5', 'date': '2025-02-10 10:33:29', 'data_complete': 'complete', 'url': None, 'league': 'LCKC', 'year': '2025', 'split': 'Kickoff', 'playoffs': False, 'game_in_series': 1, 'patch': '15.02'}
{'game_id': 'LOLTMNT01_204444', 'team1_id': '7c64febcd5ccff13dcd035dc6867a00', 'team2_id': '4c9dd0212552afe76315b616b7891f5', 'date': '2025-02-10 12:12:38', 'data_complete': 'complete', 'url': None, 'league': 'LCKC', 'year': '2025', 'split': 'Kickoff', 'playoffs': False, 'game_in_series': 3, 'patch': '15.02'}
{'game_id': 'LOLTMNT01_204475', 'team1_id': 'a599bf4fe20c6be57044f7319b04e3d', 'team2_id': 'd58a84867e710510653aaecb2723984', 'date': '2025-02-10 17:04:25', 'data_complete': 'complete', 'url': None, 'league': 'NEXO', 'year': '2025', 'split': 'Split 2', 'playoffs': False, 'game_in_series': 1, 'patch': '15.02'}
{'game_id': 'LOLTMNT01_204499', 'team1_id': 'f559203c4bdf14dbfb2e440de75d53e', 'team2_id': 'f33930460c641ba8c7ffe11342c08ef', 'date': '2025-02-10 19:04:38', 'data_complete': 'complete', 'url': None, 'league': 'NEXO', 'year': '2025', 'split': 'Split 2', 'playoffs': False, 'game_in_series': 1, 'patch': '15.02'}
{'game_id': 'LOLTMNT01_204500', 'team1_id': '9c47b9a7c8357263dafdcfb72b1fc11', 'team2_id': '50074114f4e5791ba2bda471c1baa3c', 'date': '2025-02-10 19:02:31', 'data_complete': 'complete', 'url': None, 'league': 'NEXO', 'year': '2025', 'split': 'Split 2', 'playoffs': False, 'game_in_series': 1, 'patch': '15.02'}
{'game_id': 'LOLTMNT01_204537', 'team1_id': '731b7a9fd004cdbe2bcb3da795bce47', 'team2_id': '4c9dd0212552afe76315b616b7891f5', 'date': '2025-02-11 09:50:49', 'data_complete': 'complete', 'url': None, 'league': 'LCKC', 'year': '2025', 'split': 'Kickoff', 'playoffs': False, 'game_in_series': 3, 'patch': '15.02'}
{'game_id': 'LOLTMNT01_204549', 'team1_id': '20edec57649c30e1ed81e4b42634ac1', 'team2_id': '5d069a5aeb88f79b4b92dfa2b9f2a3c', 'date': '2025-02-11 11:48:54', 'data_complete': 'complete', 'url': None, 'league': 'LCKC', 'year': '2025', 'split': 'Kickoff', 'playoffs': False, 'game_in_series': 2, 'patch': '15.02'}
{'game_id': 'LOLTMNT01_204649', 'team1_id': '3faefd9245a4ef6ba347fbcf2a51515', 'team2_id': '785213aebf3ebc4bf4e9aeef665d698', 'date': '2025-02-12 16:14:49', 'data_complete': 'complete', 'url': None, 'league': 'HW', 'year': '2025', 'split': None, 'playoffs': False, 'game_in_series': 1, 'patch': '15.02'}
{'game_id': 'LOLTMNT01_204663', 'team1_id': 'e3f89acb10ecd65327fa954ff2ec047', 'team2_id': 'ddb6aa775eebeffd5cc41ba5c35c6a1', 'date': '2025-02-12 18:11:25', 'data_complete': 'complete', 'url': None, 'league': 'HW', 'year': '2025', 'split': None, 'playoffs': False, 'game_in_series': 1, 'patch': '15.02'}
{'game_id': 'LOLTMNT01_204674', 'team1_id': 'e3f89acb10ecd65327fa954ff2ec047', 'team2_id': 'ddb6aa775eebeffd5cc41ba5c35c6a1', 'date': '2025-02-12 19:14:28', 'data_complete': 'complete', 'url': None, 'league': 'HW', 'year': '2025', 'split': None, 'playoffs': False, 'game_in_series': 2, 'patch': '15.02'}
{'game_id': 'LOLTMNT01_205030', 'team1_id': '5cd2cd09ec94296f605dd13a2924d6c', 'team2_id': 'ce499dea30cfce118f4fe85da0227e8', 'date': '2025-02-08 06:59:21', 'data_complete': 'complete', 'url': None, 'league': 'LCK', 'year': '2025', 'split': 'Cup', 'playoffs': False, 'game_in_series': 2, 'patch': '15.02'}
{'game_id': 'LOLTMNT01_205091', 'team1_id': '785213aebf3ebc4bf4e9aeef665d698', 'team2_id': 'c2bd1dd17a070dbbb8df9aefb634a41', 'date': '2025-02-08 13:08:25', 'data_complete': 'complete', 'url': None, 'league': 'HW', 'year': '2025', 'split': None, 'playoffs': False, 'game_in_series': 1, 'patch': '15.02'}
{'game_id': 'LOLTMNT01_205110', 'team1_id': '0a7053bdd5648d8ffb85d0847224110', 'team2_id': 'ddb6aa775eebeffd5cc41ba5c35c6a1', 'date': '2025-02-08 16:03:31', 'data_complete': 'complete', 'url': None, 'league': 'HW', 'year': '2025', 'split': None, 'playoffs': False, 'game_in_series': 1, 'patch': '15.02'}
{'game_id': 'LOLTMNT01_205157', 'team1_id': '101f8589e58c724c1dcd5a9c1555277', 'team2_id': '5cd2cd09ec94296f605dd13a2924d6c', 'date': '2025-02-09 06:53:50', 'data_complete': 'complete', 'url': None, 'league': 'LCK', 'year': '2025', 'split': 'Cup', 'playoffs': False, 'game_in_series': 2, 'patch': '15.02'}
{'game_id': 'LOLTMNT01_205238', 'team1_id': 'a1f7a79516b418bae38cd4d5b46903e', 'team2_id': '0a7053bdd5648d8ffb85d0847224110', 'date': '2025-02-09 15:04:38', 'data_complete': 'complete', 'url': None, 'league': 'HW', 'year': '2025', 'split': None, 'playoffs': False, 'game_in_series': 1, 'patch': '15.02'}
{'game_id': 'LOLTMNT01_205252', 'team1_id': '785213aebf3ebc4bf4e9aeef665d698', 'team2_id': '3ab1da3e7d4f6beb00abafe38746ebd', 'date': '2025-02-09 16:03:56', 'data_complete': 'complete', 'url': None, 'league': 'HW', 'year': '2025', 'split': None, 'playoffs': False, 'game_in_series': 1, 'patch': '15.02'}
{'game_id': 'LOLTMNT01_205260', 'team1_id': '06554c70cfe8a6be14b004b3c18abe6', 'team2_id': '3faefd9245a4ef6ba347fbcf2a51515', 'date': '2025-02-09 17:03:35', 'data_complete': 'complete', 'url': None, 'league': 'HW', 'year': '2025', 'split': None, 'playoffs': False, 'game_in_series': 1, 'patch': '15.02'}
{'game_id': 'LOLTMNT01_205323', 'team1_id': '4c9dd0212552afe76315b616b7891f5', 'team2_id': '7c64febcd5ccff13dcd035dc6867a00', 'date': '2025-02-10 11:26:18', 'data_complete': 'complete', 'url': None, 'league': 'LCKC', 'year': '2025', 'split': 'Kickoff', 'playoffs': False, 'game_in_series': 2, 'patch': '15.02'}
{'game_id': 'LOLTMNT01_205363', 'team1_id': '2d02ba0b874367692a25110f0e321f6', 'team2_id': '1ea3ba0a6fe2a84009902077124947c', 'date': '2025-02-10 17:08:45', 'data_complete': 'complete', 'url': None, 'league': 'NEXO', 'year': '2025', 'split': 'Split 2', 'playoffs': False, 'game_in_series': 1, 'patch': '15.02'}
{'game_id': 'LOLTMNT01_205377', 'team1_id': '7937668325b3c4ee54f8e52256479bb', 'team2_id': '8eb9a212591f919a353abfac0c0a52a', 'date': '2025-02-10 18:02:03', 'data_complete': 'complete', 'url': None, 'league': 'NEXO', 'year': '2025', 'split': 'Split 2', 'playoffs': False, 'game_in_series': 1, 'patch': '15.02'}
{'game_id': 'LOLTMNT01_205378', 'team1_id': '2bcca6d95dbad6ed6d3e7479522e19d', 'team2_id': '94223abdc94b7506183935d070fa35d', 'date': '2025-02-10 18:02:11', 'data_complete': 'complete', 'url': None, 'league': 'NEXO', 'year': '2025', 'split': 'Split 2', 'playoffs': False, 'game_in_series': 1, 'patch': '15.02'}
{'game_id': 'LOLTMNT01_205418', 'team1_id': '731b7a9fd004cdbe2bcb3da795bce47', 'team2_id': '4c9dd0212552afe76315b616b7891f5', 'date': '2025-02-11 08:04:49', 'data_complete': 'complete', 'url': None, 'league': 'LCKC', 'year': '2025', 'split': 'Kickoff', 'playoffs': False, 'game_in_series': 1, 'patch': '15.02'}
{'game_id': 'LOLTMNT01_205419', 'team1_id': '4c9dd0212552afe76315b616b7891f5', 'team2_id': '731b7a9fd004cdbe2bcb3da795bce47', 'date': '2025-02-11 08:58:58', 'data_complete': 'complete', 'url': None, 'league': 'LCKC', 'year': '2025', 'split': 'Kickoff', 'playoffs': False, 'game_in_series': 2, 'patch': '15.02'}
{'game_id': 'LOLTMNT01_205434', 'team1_id': '20edec57649c30e1ed81e4b42634ac1', 'team2_id': '5d069a5aeb88f79b4b92dfa2b9f2a3c', 'date': '2025-02-11 10:56:41', 'data_complete': 'complete', 'url': None, 'league': 'LCKC', 'year': '2025', 'split': 'Kickoff', 'playoffs': False, 'game_in_series': 1, 'patch': '15.02'}
{'game_id': 'LOLTMNT01_205538', 'team1_id': '785213aebf3ebc4bf4e9aeef665d698', 'team2_id': '3faefd9245a4ef6ba347fbcf2a51515', 'date': '2025-02-12 17:11:04', 'data_complete': 'complete', 'url': None, 'league': 'HW', 'year': '2025', 'split': None, 'playoffs': False, 'game_in_series': 2, 'patch': '15.02'}
{'game_id': 'LOLTMNT01_205594', 'team1_id': '6e322bda09963acbe90845ce95e76f4', 'team2_id': '5e86e312935ad545ee215e67adcee9c', 'date': '2025-02-13 19:12:56', 'data_complete': 'complete', 'url': None, 'league': 'HW', 'year': '2025', 'split': None, 'playoffs': False, 'game_in_series': 1, 'patch': '15.02'}
{'game_id': 'LOLTMNT01_205614', 'team1_id': '20edec57649c30e1ed81e4b42634ac1', 'team2_id': '4c9dd0212552afe76315b616b7891f5', 'date': '2025-02-14 08:56:06', 'data_complete': 'complete', 'url': None, 'league': 'LCKC', 'year': '2025', 'split': 'Kickoff', 'playoffs': False, 'game_in_series': 2, 'patch': '15.02'}
{'game_id': 'LOLTMNT01_206018', 'team1_id': '3ab1da3e7d4f6beb00abafe38746ebd', 'team2_id': '8065dbb2f6c7eb09df70a55bea52136', 'date': '2025-02-13 16:15:00', 'data_complete': 'complete', 'url': None, 'league': 'HW', 'year': '2025', 'split': None, 'playoffs': False, 'game_in_series': 1, 'patch': '15.02'}
{'game_id': 'LOLTMNT01_206023', 'team1_id': 'c5819326ccf3b14446406bd7ac066c3', 'team2_id': 'a1f7a79516b418bae38cd4d5b46903e', 'date': '2025-02-13 17:07:57', 'data_complete': 'complete', 'url': None, 'league': 'HW', 'year': '2025', 'split': None, 'playoffs': False, 'game_in_series': 1, 'patch': '15.02'}
{'game_id': 'LOLTMNT01_206027', 'team1_id': 'ef2dd1b1ee2468704103b42eb8af1ac', 'team2_id': '06554c70cfe8a6be14b004b3c18abe6', 'date': '2025-02-13 18:19:22', 'data_complete': 'complete', 'url': None, 'league': 'HW', 'year': '2025', 'split': None, 'playoffs': False, 'game_in_series': 1, 'patch': '15.02'}
{'game_id': 'LOLTMNT01_206050', 'team1_id': '4c9dd0212552afe76315b616b7891f5', 'team2_id': '20edec57649c30e1ed81e4b42634ac1', 'date': '2025-02-14 08:03:12', 'data_complete': 'complete', 'url': None, 'league': 'LCKC', 'year': '2025', 'split': 'Kickoff', 'playoffs': False, 'game_in_series': 1, 'patch': '15.02'}
{'game_id': 'LOLTMNT01_206054', 'team1_id': '4c9dd0212552afe76315b616b7891f5', 'team2_id': '20edec57649c30e1ed81e4b42634ac1', 'date': '2025-02-14 09:44:58', 'data_complete': 'complete', 'url': None, 'league': 'LCKC', 'year': '2025', 'split': 'Kickoff', 'playoffs': False, 'game_in_series': 3, 'patch': '15.02'}
{'game_id': 'LOLTMNT01_206059', 'team1_id': '4c9dd0212552afe76315b616b7891f5', 'team2_id': '20edec57649c30e1ed81e4b42634ac1', 'date': '2025-02-14 10:33:17', 'data_complete': 'complete', 'url': None, 'league': 'LCKC', 'year': '2025', 'split': 'Kickoff', 'playoffs': False, 'game_in_series': 4, 'patch': '15.02'}
{'game_id': 'LOLTMNT01_206075', 'team1_id': 'dba2e551039e079ceae513ba7386109', 'team2_id': '0a7053bdd5648d8ffb85d0847224110', 'date': '2025-02-14 18:22:22', 'data_complete': 'complete', 'url': None, 'league': 'HW', 'year': '2025', 'split': None, 'playoffs': False, 'game_in_series': 2, 'patch': '15.02'}
{'game_id': 'LOLTMNT01_206088', 'team1_id': 'd7b1c568f7a023c10d7ad7778b48cc7', 'team2_id': 'c2bd1dd17a070dbbb8df9aefb634a41', 'date': '2025-02-15 14:05:25', 'data_complete': 'complete', 'url': None, 'league': 'HW', 'year': '2025', 'split': None, 'playoffs': False, 'game_in_series': 1, 'patch': '15.02'}
{'game_id': 'LOLTMNT01_207004', 'team1_id': 'dba2e551039e079ceae513ba7386109', 'team2_id': '0a7053bdd5648d8ffb85d0847224110', 'date': '2025-02-14 17:13:25', 'data_complete': 'complete', 'url': None, 'league': 'HW', 'year': '2025', 'split': None, 'playoffs': False, 'game_in_series': 1, 'patch': '15.02'}
{'game_id': 'LOLTMNT01_207017', 'team1_id': 'c2bd1dd17a070dbbb8df9aefb634a41', 'team2_id': 'd7b1c568f7a023c10d7ad7778b48cc7', 'date': '2025-02-15 14:55:48', 'data_complete': 'complete', 'url': None, 'league': 'HW', 'year': '2025', 'split': None, 'playoffs': False, 'game_in_series': 2, 'patch': '15.02'}
{'game_id': 'LOLTMNT02_207868', 'team1_id': '692bccdba8ec7050f5aeb916815439e', 'team2_id': 'd8ca3fc1f0827ec76369af7b70d43e3', 'date': '2025-02-09 10:19:11', 'data_complete': 'complete', 'url': None, 'league': 'LCP', 'year': '2025', 'split': 'Split 1', 'playoffs': False, 'game_in_series': 1, 'patch': '15.03'}
{'game_id': 'LOLTMNT02_207916', 'team1_id': '6c41c4480bff43bc71e870013760b38', 'team2_id': '9cae7677cd0dbcc1cd86653870b73c2', 'date': '2025-02-09 12:25:11', 'data_complete': 'complete', 'url': None, 'league': 'LCP', 'year': '2025', 'split': 'Split 1', 'playoffs': False, 'game_in_series': 1, 'patch': '15.03'}
{'game_id': 'LOLTMNT02_207935', 'team1_id': '9cae7677cd0dbcc1cd86653870b73c2', 'team2_id': '6c41c4480bff43bc71e870013760b38', 'date': '2025-02-09 13:16:42', 'data_complete': 'complete', 'url': None, 'league': 'LCP', 'year': '2025', 'split': 'Split 1', 'playoffs': False, 'game_in_series': 2, 'patch': '15.03'}
{'game_id': 'LOLTMNT02_209518', 'team1_id': '0916b3c324c8577b0c6344f3e067f62', 'team2_id': '740de582f50775c516c77ed7b923fd5', 'date': '2025-02-08 10:19:56', 'data_complete': 'complete', 'url': None, 'league': 'LCP', 'year': '2025', 'split': 'Split 1', 'playoffs': False, 'game_in_series': 1, 'patch': '15.03'}
{'game_id': 'LOLTMNT02_209565', 'team1_id': '0916b3c324c8577b0c6344f3e067f62', 'team2_id': '740de582f50775c516c77ed7b923fd5', 'date': '2025-02-08 12:23:23', 'data_complete': 'complete', 'url': None, 'league': 'LCP', 'year': '2025', 'split': 'Split 1', 'playoffs': False, 'game_in_series': 3, 'patch': '15.03'}
{'game_id': 'LOLTMNT02_209616', 'team1_id': 'fe099196385a285d6d6edde504dc1f6', 'team2_id': 'e435aa3ecb82a89e60544f5f5857a81', 'date': '2025-02-08 13:40:46', 'data_complete': 'complete', 'url': None, 'league': 'LCP', 'year': '2025', 'split': 'Split 1', 'playoffs': False, 'game_in_series': 1, 'patch': '15.03'}
{'game_id': 'LOLTMNT02_209674', 'team1_id': 'e435aa3ecb82a89e60544f5f5857a81', 'team2_id': 'fe099196385a285d6d6edde504dc1f6', 'date': '2025-02-08 14:31:43', 'data_complete': 'complete', 'url': None, 'league': 'LCP', 'year': '2025', 'split': 'Split 1', 'playoffs': False, 'game_in_series': 2, 'patch': '15.03'}
{'game_id': 'LOLTMNT02_209765', 'team1_id': 'fe099196385a285d6d6edde504dc1f6', 'team2_id': 'e435aa3ecb82a89e60544f5f5857a81', 'date': '2025-02-08 15:25:51', 'data_complete': 'complete', 'url': None, 'league': 'LCP', 'year': '2025', 'split': 'Split 1', 'playoffs': False, 'game_in_series': 3, 'patch': '15.03'}
{'game_id': 'LOLTMNT02_210459', 'team1_id': 'd8ca3fc1f0827ec76369af7b70d43e3', 'team2_id': '692bccdba8ec7050f5aeb916815439e', 'date': '2025-02-09 11:10:02', 'data_complete': 'complete', 'url': None, 'league': 'LCP', 'year': '2025', 'split': 'Split 1', 'playoffs': False, 'game_in_series': 2, 'patch': '15.03'}
{'game_id': 'LOLTMNT02_210527', 'team1_id': '6c41c4480bff43bc71e870013760b38', 'team2_id': '9cae7677cd0dbcc1cd86653870b73c2', 'date': '2025-02-09 14:19:24', 'data_complete': 'complete', 'url': None, 'league': 'LCP', 'year': '2025', 'split': 'Split 1', 'playoffs': False, 'game_in_series': 3, 'patch': '15.03'}
{'game_id': 'LOLTMNT02_210665', 'team1_id': '658a021a796aa5501503220adb38cf4', 'team2_id': '67169969ecc058b307edfa9c6b7a3c0', 'date': '2025-02-09 18:07:27', 'data_complete': 'complete', 'url': None, 'league': 'LTA S', 'year': '2025', 'split': 'Split 1', 'playoffs': False, 'game_in_series': 3, 'patch': '15.03'}
{'game_id': 'LOLTMNT02_210695', 'team1_id': '61450737f7b683db4da7b3e0bf0dced', 'team2_id': '87e3e1e75839f75a10bbc66e894d806', 'date': '2025-02-09 19:18:20', 'data_complete': 'complete', 'url': None, 'league': 'LTA S', 'year': '2025', 'split': 'Split 1', 'playoffs': False, 'game_in_series': 1, 'patch': '15.03'}
{'game_id': 'LOLTMNT02_210749', 'team1_id': '8eb884e168f28402ce685bedebb5250', 'team2_id': 'b360f1d729b0a8e0f29a5243c4200fa', 'date': '2025-02-09 21:07:49', 'data_complete': 'complete', 'url': None, 'league': 'LTA N', 'year': '2025', 'split': 'Split 1', 'playoffs': False, 'game_in_series': 1, 'patch': '15.03'}
{'game_id': 'LOLTMNT02_210778', 'team1_id': '658a021a796aa5501503220adb38cf4', 'team2_id': '61450737f7b683db4da7b3e0bf0dced', 'date': '2025-02-09 22:10:45', 'data_complete': 'complete', 'url': None, 'league': 'LTA S', 'year': '2025', 'split': 'Split 1', 'playoffs': False, 'game_in_series': 1, 'patch': '15.03'}
{'game_id': 'LOLTMNT02_210813', 'team1_id': '2e66da41dc460dd378e3bcc57042d31', 'team2_id': '0dbb780176ecad18f17292d1f5653af', 'date': '2025-02-09 23:49:15', 'data_complete': 'complete', 'url': None, 'league': 'LTA N', 'year': '2025', 'split': 'Split 1', 'playoffs': False, 'game_in_series': 2, 'patch': '15.03'}
{'game_id': 'LOLTMNT02_210822', 'team1_id': '8eb884e168f28402ce685bedebb5250', 'team2_id': '2e66da41dc460dd378e3bcc57042d31', 'date': '2025-02-10 00:46:00', 'data_complete': 'complete', 'url': None, 'league': 'LTA N', 'year': '2025', 'split': 'Split 1', 'playoffs': False, 'game_in_series': 1, 'patch': '15.03'}
{'game_id': 'LOLTMNT02_210881', 'team1_id': '957a0b20bb6ce6491d39eb82e5fcb17', 'team2_id': '2d2d70decb08dfb9bd23327e33e4198', 'date': '2025-02-10 09:03:42', 'data_complete': 'complete', 'url': None, 'league': 'PCS', 'year': '2025', 'split': 'Split 1', 'playoffs': False, 'game_in_series': 1, 'patch': '15.03'}
{'game_id': 'LOLTMNT02_210893', 'team1_id': '788115a84f68bc65fa6d3a4e0f67a3e', 'team2_id': 'a31fdd71fc715fc1ee4a50fe19e828e', 'date': '2025-02-10 10:25:49', 'data_complete': 'complete', 'url': None, 'league': 'PCS', 'year': '2025', 'split': 'Split 1', 'playoffs': False, 'game_in_series': 1, 'patch': '15.03'}
{'game_id': 'LOLTMNT02_210907', 'team1_id': '788115a84f68bc65fa6d3a4e0f67a3e', 'team2_id': 'a31fdd71fc715fc1ee4a50fe19e828e', 'date': '2025-02-10 11:14:00', 'data_complete': 'complete', 'url': None, 'league': 'PCS', 'year': '2025', 'split': 'Split 1', 'playoffs': False, 'game_in_series': 2, 'patch': '15.03'}
{'game_id': 'LOLTMNT02_210941', 'team1_id': '7e56e9367c023df96cc8257ff4e16c0', 'team2_id': '099e7edc58213ea1b7848ae5bbf588a', 'date': '2025-02-10 12:03:35', 'data_complete': 'complete', 'url': None, 'league': 'PCS', 'year': '2025', 'split': 'Split 1', 'playoffs': False, 'game_in_series': 1, 'patch': '15.03'}
{'game_id': 'LOLTMNT02_211045', 'team1_id': '67169969ecc058b307edfa9c6b7a3c0', 'team2_id': '658a021a796aa5501503220adb38cf4', 'date': '2025-02-09 16:11:28', 'data_complete': 'complete', 'url': None, 'league': 'LTA S', 'year': '2025', 'split': 'Split 1', 'playoffs': False, 'game_in_series': 1, 'patch': '15.03'}
{'game_id': 'LOLTMNT02_211085', 'team1_id': '658a021a796aa5501503220adb38cf4', 'team2_id': '67169969ecc058b307edfa9c6b7a3c0', 'date': '2025-02-09 17:20:20', 'data_complete': 'complete', 'url': None, 'league': 'LTA S', 'year': '2025', 'split': 'Split 1', 'playoffs': False, 'game_in_series': 2, 'patch': '15.03'}
{'game_id': 'LOLTMNT02_211159', 'team1_id': '87e3e1e75839f75a10bbc66e894d806', 'team2_id': '61450737f7b683db4da7b3e0bf0dced', 'date': '2025-02-09 20:07:06', 'data_complete': 'complete', 'url': None, 'league': 'LTA S', 'year': '2025', 'split': 'Split 1', 'playoffs': False, 'game_in_series': 2, 'patch': '15.03'}
{'game_id': 'LOLTMNT02_211189', 'team1_id': '61450737f7b683db4da7b3e0bf0dced', 'team2_id': '87e3e1e75839f75a10bbc66e894d806', 'date': '2025-02-09 21:02:18', 'data_complete': 'complete', 'url': None, 'league': 'LTA S', 'year': '2025', 'split': 'Split 1', 'playoffs': False, 'game_in_series': 3, 'patch': '15.03'}
{'game_id': 'LOLTMNT02_211213', 'team1_id': 'b360f1d729b0a8e0f29a5243c4200fa', 'team2_id': '8eb884e168f28402ce685bedebb5250', 'date': '2025-02-09 21:57:01', 'data_complete': 'complete', 'url': None, 'league': 'LTA N', 'year': '2025', 'split': 'Split 1', 'playoffs': False, 'game_in_series': 2, 'patch': '15.03'}
{'game_id': 'LOLTMNT02_211224', 'team1_id': '0dbb780176ecad18f17292d1f5653af', 'team2_id': '2e66da41dc460dd378e3bcc57042d31', 'date': '2025-02-09 22:51:45', 'data_complete': 'complete', 'url': None, 'league': 'LTA N', 'year': '2025', 'split': 'Split 1', 'playoffs': False, 'game_in_series': 1, 'patch': '15.03'}
{'game_id': 'LOLTMNT02_211310', 'team1_id': '2d2d70decb08dfb9bd23327e33e4198', 'team2_id': '957a0b20bb6ce6491d39eb82e5fcb17', 'date': '2025-02-10 09:47:41', 'data_complete': 'complete', 'url': None, 'league': 'PCS', 'year': '2025', 'split': 'Split 1', 'playoffs': False, 'game_in_series': 2, 'patch': '15.03'}
{'game_id': 'LOLTMNT02_211380', 'team1_id': '099e7edc58213ea1b7848ae5bbf588a', 'team2_id': '7e56e9367c023df96cc8257ff4e16c0', 'date': '2025-02-10 12:50:08', 'data_complete': 'complete', 'url': None, 'league': 'PCS', 'year': '2025', 'split': 'Split 1', 'playoffs': False, 'game_in_series': 2, 'patch': '15.03'}
{'game_id': 'LOLTMNT02_211639', 'team1_id': '0092987a7da75e9fd0cbf8110d10b76', 'team2_id': '672aa1aa4e9ac51d56830a3652dbc8b', 'date': '2025-02-11 09:03:52', 'data_complete': 'complete', 'url': None, 'league': 'PCS', 'year': '2025', 'split': 'Split 1', 'playoffs': False, 'game_in_series': 1, 'patch': '15.03'}
{'game_id': 'LOLTMNT02_211647', 'team1_id': '0092987a7da75e9fd0cbf8110d10b76', 'team2_id': '672aa1aa4e9ac51d56830a3652dbc8b', 'date': '2025-02-11 09:51:07', 'data_complete': 'complete', 'url': None, 'league': 'PCS', 'year': '2025', 'split': 'Split 1', 'playoffs': False, 'game_in_series': 2, 'patch': '15.03'}
{'game_id': 'LOLTMNT02_211694', 'team1_id': 'a31fdd71fc715fc1ee4a50fe19e828e', 'team2_id': '2d2d70decb08dfb9bd23327e33e4198', 'date': '2025-02-11 12:11:52', 'data_complete': 'complete', 'url': None, 'league': 'PCS', 'year': '2025', 'split': 'Split 1', 'playoffs': False, 'game_in_series': 3, 'patch': '15.03'}
{'game_id': 'LOLTMNT02_211781', 'team1_id': '75a4d34e4afac036d164b0f1a580486', 'team2_id': 'b19ab22267512e77945cd498106dcf1', 'date': '2025-02-11 14:57:20', 'data_complete': 'complete', 'url': None, 'league': 'HLL', 'year': '2025', 'split': 'Winter', 'playoffs': False, 'game_in_series': 1, 'patch': '15.03'}
{'game_id': 'LOLTMNT02_211806', 'team1_id': '03e2d2e3168da8b4e8f381342cb59cb', 'team2_id': 'd932b52fb3a9d5fad174728a969ee14', 'date': '2025-02-11 16:01:34', 'data_complete': 'complete', 'url': None, 'league': 'HLL', 'year': '2025', 'split': 'Winter', 'playoffs': False, 'game_in_series': 1, 'patch': '15.03'}
{'game_id': 'LOLTMNT02_211844', 'team1_id': '125fc4d6b0dc1b21596f4f06a207d62', 'team2_id': '544b70d08c7df83ccb74d08a677b902', 'date': '2025-02-11 16:58:29', 'data_complete': 'complete', 'url': None, 'league': 'RL', 'year': '2025', 'split': 'Winter', 'playoffs': False, 'game_in_series': 2, 'patch': '15.03'}
{'game_id': 'LOLTMNT02_211847', 'team1_id': 'd17ce7a4192b52f8e1daf94c381c75f', 'team2_id': 'bae5c5b458ee21472c7f6f270990bfe', 'date': '2025-02-11 17:08:02', 'data_complete': 'complete', 'url': None, 'league': 'LVP SL', 'year': '2025', 'split': 'Winter', 'playoffs': False, 'game_in_series': 1, 'patch': '15.03'}
{'game_id': 'LOLTMNT02_211873', 'team1_id': 'e1cbefa2c9766f5deaa96d958a31e89', 'team2_id': '8e2b0d0cd75672565eb80d7e5beaa92', 'date': '2025-02-11 18:14:11', 'data_complete': 'complete', 'url': None, 'league': 'ROL', 'year': '2025', 'split': 'Winter', 'playoffs': False, 'game_in_series': 1, 'patch': '15.03'}
{'game_id': 'LOLTMNT02_211916', 'team1_id': '8e2b0d0cd75672565eb80d7e5beaa92', 'team2_id': 'e1cbefa2c9766f5deaa96d958a31e89', 'date': '2025-02-11 19:16:31', 'data_complete': 'complete', 'url': None, 'league': 'ROL', 'year': '2025', 'split': 'Winter', 'playoffs': False, 'game_in_series': 2, 'patch': '15.03'}
{'game_id': 'LOLTMNT02_211921', 'team1_id': '82e3504486eabe3575dc4b5ff507451', 'team2_id': '0957b09f054bf983fcc61228d919bef', 'date': '2025-02-11 19:22:09', 'data_complete': 'complete', 'url': None, 'league': 'LPLOL', 'year': '2025', 'split': 'Winter', 'playoffs': False, 'game_in_series': 1, 'patch': '15.03'}
{'game_id': 'LOLTMNT02_211937', 'team1_id': '8e2b0d0cd75672565eb80d7e5beaa92', 'team2_id': 'e1cbefa2c9766f5deaa96d958a31e89', 'date': '2025-02-11 20:19:38', 'data_complete': 'complete', 'url': None, 'league': 'ROL', 'year': '2025', 'split': 'Winter', 'playoffs': False, 'game_in_series': 3, 'patch': '15.03'}
{'game_id': 'LOLTMNT02_211961', 'team1_id': '0957b09f054bf983fcc61228d919bef', 'team2_id': 'd9f29b4eac8fd2a40f5a117e294316f', 'date': '2025-02-11 21:31:27', 'data_complete': 'complete', 'url': None, 'league': 'LPLOL', 'year': '2025', 'split': 'Winter', 'playoffs': False, 'game_in_series': 1, 'patch': '15.03'}
{'game_id': 'LOLTMNT02_211975', 'team1_id': None, 'team2_id': '82e3504486eabe3575dc4b5ff507451', 'date': '2025-02-11 22:39:57', 'data_complete': 'complete', 'url': None, 'league': 'LPLOL', 'year': '2025', 'split': 'Winter', 'playoffs': False, 'game_in_series': 1, 'patch': '15.03'}
{'game_id': 'LOLTMNT02_211980', 'team1_id': '82e3504486eabe3575dc4b5ff507451', 'team2_id': '0957b09f054bf983fcc61228d919bef', 'date': '2025-02-11 23:32:21', 'data_complete': 'complete', 'url': None, 'league': 'LPLOL', 'year': '2025', 'split': 'Winter', 'playoffs': False, 'game_in_series': 1, 'patch': '15.03'}
{'game_id': 'LOLTMNT02_212232', 'team1_id': '2d2d70decb08dfb9bd23327e33e4198', 'team2_id': 'a31fdd71fc715fc1ee4a50fe19e828e', 'date': '2025-02-11 10:31:40', 'data_complete': 'complete', 'url': None, 'league': 'PCS', 'year': '2025', 'split': 'Split 1', 'playoffs': False, 'game_in_series': 1, 'patch': '15.03'}
{'game_id': 'LOLTMNT02_212248', 'team1_id': '2d2d70decb08dfb9bd23327e33e4198', 'team2_id': 'a31fdd71fc715fc1ee4a50fe19e828e', 'date': '2025-02-11 11:16:43', 'data_complete': 'complete', 'url': None, 'league': 'PCS', 'year': '2025', 'split': 'Split 1', 'playoffs': False, 'game_in_series': 2, 'patch': '15.03'}
{'game_id': 'LOLTMNT02_212319', 'team1_id': '9bd7ce113c5d4ff95b1c75205356a3f', 'team2_id': '6a68fff9fc521e2fbcab2fc19978d24', 'date': '2025-02-11 14:03:23', 'data_complete': 'complete', 'url': None, 'league': 'HLL', 'year': '2025', 'split': 'Winter', 'playoffs': False, 'game_in_series': 1, 'patch': '15.03'}
{'game_id': 'LOLTMNT02_212380', 'team1_id': '125fc4d6b0dc1b21596f4f06a207d62', 'team2_id': '544b70d08c7df83ccb74d08a677b902', 'date': '2025-02-11 16:07:09', 'data_complete': 'complete', 'url': None, 'league': 'RL', 'year': '2025', 'split': 'Winter', 'playoffs': False, 'game_in_series': 1, 'patch': '15.03'}
{'game_id': 'LOLTMNT02_212417', 'team1_id': '4410ecf1b88f1316b6e6c110120c896', 'team2_id': '3a96025b8db516e2c44dbb3c0b31996', 'date': '2025-02-11 16:58:31', 'data_complete': 'complete', 'url': None, 'league': 'HLL', 'year': '2025', 'split': 'Winter', 'playoffs': False, 'game_in_series': 1, 'patch': '15.03'}
{'game_id': 'LOLTMNT02_212459', 'team1_id': 'bae5c5b458ee21472c7f6f270990bfe', 'team2_id': 'd17ce7a4192b52f8e1daf94c381c75f', 'date': '2025-02-11 17:55:09', 'data_complete': 'complete', 'url': None, 'league': 'LVP SL', 'year': '2025', 'split': 'Winter', 'playoffs': False, 'game_in_series': 2, 'patch': '15.03'}
{'game_id': 'LOLTMNT02_212477', 'team1_id': 'dbe0589e5cff81fa6b163d9f30ffeee', 'team2_id': 'a97c52541b1a643ca45c42720f7e2de', 'date': '2025-02-11 18:27:52', 'data_complete': 'complete', 'url': None, 'league': 'RL', 'year': '2025', 'split': 'Winter', 'playoffs': False, 'game_in_series': 1, 'patch': '15.03'}
{'game_id': 'LOLTMNT02_212496', 'team1_id': '9cb395c39a75579af94c93876a42e9b', 'team2_id': '1027c6e0b1984a79fdd7be04072b547', 'date': '2025-02-11 18:50:52', 'data_complete': 'complete', 'url': None, 'league': 'LVP SL', 'year': '2025', 'split': 'Winter', 'playoffs': False, 'game_in_series': 1, 'patch': '15.03'}
{'game_id': 'LOLTMNT02_212506', 'team1_id': '79fc65ce199f2e4fe97e277bdef6695', 'team2_id': '9b09acb83880c52f76efbb9b6d17c2d', 'date': '2025-02-11 19:14:50', 'data_complete': 'complete', 'url': None, 'league': 'ROL', 'year': '2025', 'split': 'Winter', 'playoffs': False, 'game_in_series': 1, 'patch': '15.03'}
{'game_id': 'LOLTMNT02_212513', 'team1_id': 'dbe0589e5cff81fa6b163d9f30ffeee', 'team2_id': 'a97c52541b1a643ca45c42720f7e2de', 'date': '2025-02-11 19:29:18', 'data_complete': 'complete', 'url': None, 'league': 'RL', 'year': '2025', 'split': 'Winter', 'playoffs': False, 'game_in_series': 2, 'patch': '15.03'}
{'game_id': 'LOLTMNT02_212516', 'team1_id': '1027c6e0b1984a79fdd7be04072b547', 'team2_id': '9cb395c39a75579af94c93876a42e9b', 'date': '2025-02-11 19:41:26', 'data_complete': 'complete', 'url': None, 'league': 'LVP SL', 'year': '2025', 'split': 'Winter', 'playoffs': False, 'game_in_series': 2, 'patch': '15.03'}
{'game_id': 'LOLTMNT02_212531', 'team1_id': None, 'team2_id': 'd9f29b4eac8fd2a40f5a117e294316f', 'date': '2025-02-11 20:28:57', 'data_complete': 'complete', 'url': None, 'league': 'LPLOL', 'year': '2025', 'split': 'Winter', 'playoffs': False, 'game_in_series': 1, 'patch': '15.03'}
{'game_id': 'LOLTMNT02_212533', 'team1_id': '9b09acb83880c52f76efbb9b6d17c2d', 'team2_id': '79fc65ce199f2e4fe97e277bdef6695', 'date': '2025-02-11 20:30:15', 'data_complete': 'complete', 'url': None, 'league': 'ROL', 'year': '2025', 'split': 'Winter', 'playoffs': False, 'game_in_series': 2, 'patch': '15.03'}
{'game_id': 'LOLTMNT02_212651', 'team1_id': 'd723992568441c6bafa2658129eade7', 'team2_id': '5cd2cd09ec94296f605dd13a2924d6c', 'date': '2025-02-12 08:11:06', 'data_complete': 'complete', 'url': None, 'league': 'LCK', 'year': '2025', 'split': 'Cup', 'playoffs': False, 'game_in_series': 1, 'patch': '15.03'}
{'game_id': 'LOLTMNT02_212664', 'team1_id': '7e56e9367c023df96cc8257ff4e16c0', 'team2_id': '788115a84f68bc65fa6d3a4e0f67a3e', 'date': '2025-02-12 09:06:07', 'data_complete': 'complete', 'url': None, 'league': 'PCS', 'year': '2025', 'split': 'Split 1', 'playoffs': False, 'game_in_series': 1, 'patch': '15.03'}
{'game_id': 'LOLTMNT02_212665', 'team1_id': 'd723992568441c6bafa2658129eade7', 'team2_id': '5cd2cd09ec94296f605dd13a2924d6c', 'date': '2025-02-12 09:09:20', 'data_complete': 'complete', 'url': None, 'league': 'LCK', 'year': '2025', 'split': 'Cup', 'playoffs': False, 'game_in_series': 2, 'patch': '15.03'}
{'game_id': 'LOLTMNT02_212667', 'team1_id': '788115a84f68bc65fa6d3a4e0f67a3e', 'team2_id': '7e56e9367c023df96cc8257ff4e16c0', 'date': '2025-02-12 09:42:37', 'data_complete': 'complete', 'url': None, 'league': 'PCS', 'year': '2025', 'split': 'Split 1', 'playoffs': False, 'game_in_series': 2, 'patch': '15.03'}
{'game_id': 'LOLTMNT02_212683', 'team1_id': '957a0b20bb6ce6491d39eb82e5fcb17', 'team2_id': '099e7edc58213ea1b7848ae5bbf588a', 'date': '2025-02-12 10:27:18', 'data_complete': 'complete', 'url': None, 'league': 'PCS', 'year': '2025', 'split': 'Split 1', 'playoffs': False, 'game_in_series': 1, 'patch': '15.03'}
{'game_id': 'LOLTMNT02_212769', 'team1_id': '6a68fff9fc521e2fbcab2fc19978d24', 'team2_id': '03e2d2e3168da8b4e8f381342cb59cb', 'date': '2025-02-12 15:00:47', 'data_complete': 'complete', 'url': None, 'league': 'HLL', 'year': '2025', 'split': 'Winter', 'playoffs': False, 'game_in_series': 1, 'patch': '15.03'}
{'game_id': 'LOLTMNT02_212789', 'team1_id': 'd932b52fb3a9d5fad174728a969ee14', 'team2_id': '75a4d34e4afac036d164b0f1a580486', 'date': '2025-02-12 16:06:48', 'data_complete': 'complete', 'url': None, 'league': 'HLL', 'year': '2025', 'split': 'Winter', 'playoffs': False, 'game_in_series': 1, 'patch': '15.03'}
{'game_id': 'LOLTMNT02_212813', 'team1_id': '544b70d08c7df83ccb74d08a677b902', 'team2_id': 'f9f16e15a84c85d050aa09b4a21c757', 'date': '2025-02-12 17:02:46', 'data_complete': 'complete', 'url': None, 'league': 'RL', 'year': '2025', 'split': 'Winter', 'playoffs': False, 'game_in_series': 2, 'patch': '15.03'}
{'game_id': 'LOLTMNT02_212814', 'team1_id': '9bd7ce113c5d4ff95b1c75205356a3f', 'team2_id': '4410ecf1b88f1316b6e6c110120c896', 'date': '2025-02-12 17:01:06', 'data_complete': 'complete', 'url': None, 'league': 'HLL', 'year': '2025', 'split': 'Winter', 'playoffs': False, 'game_in_series': 1, 'patch': '15.03'}
{'game_id': 'LOLTMNT02_212853', 'team1_id': 'a97c52541b1a643ca45c42720f7e2de', 'team2_id': '6d98739f80c37e5b5c2431950983a05', 'date': '2025-02-12 18:13:05', 'data_complete': 'complete', 'url': None, 'league': 'RL', 'year': '2025', 'split': 'Winter', 'playoffs': False, 'game_in_series': 1, 'patch': '15.03'}
{'game_id': 'LOLTMNT02_212945', 'team1_id': '6468029fb605bd6fdf1cf866e890739', 'team2_id': None, 'date': '2025-02-12 21:54:26', 'data_complete': 'complete', 'url': None, 'league': 'LPLOL', 'year': '2025', 'split': 'Winter', 'playoffs': False, 'game_in_series': 1, 'patch': '15.03'}
{'game_id': 'LOLTMNT02_212958', 'team1_id': None, 'team2_id': None, 'date': '2025-02-13 00:00:18', 'data_complete': 'complete', 'url': None, 'league': 'LPLOL', 'year': '2025', 'split': 'Winter', 'playoffs': False, 'game_in_series': 1, 'patch': '15.03'}
{'game_id': 'LOLTMNT02_213066', 'team1_id': 'd723992568441c6bafa2658129eade7', 'team2_id': '5cd2cd09ec94296f605dd13a2924d6c', 'date': '2025-02-12 10:03:18', 'data_complete': 'complete', 'url': None, 'league': 'LCK', 'year': '2025', 'split': 'Cup', 'playoffs': False, 'game_in_series': 3, 'patch': '15.03'}
{'game_id': 'LOLTMNT02_213088', 'team1_id': '957a0b20bb6ce6491d39eb82e5fcb17', 'team2_id': '099e7edc58213ea1b7848ae5bbf588a', 'date': '2025-02-12 11:18:11', 'data_complete': 'complete', 'url': None, 'league': 'PCS', 'year': '2025', 'split': 'Split 1', 'playoffs': False, 'game_in_series': 2, 'patch': '15.03'}
{'game_id': 'LOLTMNT02_213102', 'team1_id': '099e7edc58213ea1b7848ae5bbf588a', 'team2_id': '957a0b20bb6ce6491d39eb82e5fcb17', 'date': '2025-02-12 12:17:20', 'data_complete': 'complete', 'url': None, 'league': 'PCS', 'year': '2025', 'split': 'Split 1', 'playoffs': False, 'game_in_series': 3, 'patch': '15.03'}
{'game_id': 'LOLTMNT02_213130', 'team1_id': 'b19ab22267512e77945cd498106dcf1', 'team2_id': '3a96025b8db516e2c44dbb3c0b31996', 'date': '2025-02-12 14:07:54', 'data_complete': 'complete', 'url': None, 'league': 'HLL', 'year': '2025', 'split': 'Winter', 'playoffs': False, 'game_in_series': 1, 'patch': '15.03'}
{'game_id': 'LOLTMNT02_213179', 'team1_id': 'f9f16e15a84c85d050aa09b4a21c757', 'team2_id': '544b70d08c7df83ccb74d08a677b902', 'date': '2025-02-12 16:07:22', 'data_complete': 'complete', 'url': None, 'league': 'RL', 'year': '2025', 'split': 'Winter', 'playoffs': False, 'game_in_series': 1, 'patch': '15.03'}
{'game_id': 'LOLTMNT02_213266', 'team1_id': '38eebf1d7f1cbc9ee434d8bea9b33cc', 'team2_id': None, 'date': '2025-02-12 19:18:39', 'data_complete': 'complete', 'url': None, 'league': 'LPLOL', 'year': '2025', 'split': 'Winter', 'playoffs': False, 'game_in_series': 1, 'patch': '15.03'}
{'game_id': 'LOLTMNT02_213270', 'team1_id': 'a97c52541b1a643ca45c42720f7e2de', 'team2_id': '6d98739f80c37e5b5c2431950983a05', 'date': '2025-02-12 19:19:15', 'data_complete': 'complete', 'url': None, 'league': 'RL', 'year': '2025', 'split': 'Winter', 'playoffs': False, 'game_in_series': 2, 'patch': '15.03'}
{'game_id': 'LOLTMNT02_213338', 'team1_id': '38eebf1d7f1cbc9ee434d8bea9b33cc', 'team2_id': None, 'date': '2025-02-12 22:53:42', 'data_complete': 'complete', 'url': None, 'league': 'LPLOL', 'year': '2025', 'split': 'Winter', 'playoffs': False, 'game_in_series': 1, 'patch': '15.03'}
{'game_id': 'LOLTMNT02_213440', 'team1_id': 'ce499dea30cfce118f4fe85da0227e8', 'team2_id': '3a1d18f46bcb3716ebcfcf4ef068934', 'date': '2025-02-13 10:41:37', 'data_complete': 'complete', 'url': None, 'league': 'LCK', 'year': '2025', 'split': 'Cup', 'playoffs': False, 'game_in_series': 4, 'patch': '15.03'}
{'game_id': 'LOLTMNT02_213465', 'team1_id': '740de582f50775c516c77ed7b923fd5', 'team2_id': 'd8ca3fc1f0827ec76369af7b70d43e3', 'date': '2025-02-13 11:15:01', 'data_complete': 'complete', 'url': None, 'league': 'LCP', 'year': '2025', 'split': 'Split 1', 'playoffs': False, 'game_in_series': 2, 'patch': '15.03'}
{'game_id': 'LOLTMNT02_214006', 'team1_id': '3a1d18f46bcb3716ebcfcf4ef068934', 'team2_id': 'ce499dea30cfce118f4fe85da0227e8', 'date': '2025-02-13 08:05:16', 'data_complete': 'complete', 'url': None, 'league': 'LCK', 'year': '2025', 'split': 'Cup', 'playoffs': False, 'game_in_series': 1, 'patch': '15.03'}
{'game_id': 'LOLTMNT02_214014', 'team1_id': 'ce499dea30cfce118f4fe85da0227e8', 'team2_id': '3a1d18f46bcb3716ebcfcf4ef068934', 'date': '2025-02-13 08:54:58', 'data_complete': 'complete', 'url': None, 'league': 'LCK', 'year': '2025', 'split': 'Cup', 'playoffs': False, 'game_in_series': 2, 'patch': '15.03'}
{'game_id': 'LOLTMNT02_214018', 'team1_id': '3a1d18f46bcb3716ebcfcf4ef068934', 'team2_id': 'ce499dea30cfce118f4fe85da0227e8', 'date': '2025-02-13 09:46:17', 'data_complete': 'complete', 'url': None, 'league': 'LCK', 'year': '2025', 'split': 'Cup', 'playoffs': False, 'game_in_series': 3, 'patch': '15.03'}
{'game_id': 'LOLTMNT02_214038', 'team1_id': 'd8ca3fc1f0827ec76369af7b70d43e3', 'team2_id': '740de582f50775c516c77ed7b923fd5', 'date': '2025-02-13 10:19:49', 'data_complete': 'complete', 'url': None, 'league': 'LCP', 'year': '2025', 'split': 'Split 1', 'playoffs': False, 'game_in_series': 1, 'patch': '15.03'}
{'game_id': 'LOLTMNT02_214059', 'team1_id': '3a1d18f46bcb3716ebcfcf4ef068934', 'team2_id': 'ce499dea30cfce118f4fe85da0227e8', 'date': '2025-02-13 11:40:02', 'data_complete': 'complete', 'url': None, 'league': 'LCK', 'year': '2025', 'split': 'Cup', 'playoffs': False, 'game_in_series': 5, 'patch': '15.03'}
{'game_id': 'LOLTMNT02_215067', 'team1_id': '75a4d34e4afac036d164b0f1a580486', 'team2_id': '6a68fff9fc521e2fbcab2fc19978d24', 'date': '2025-02-13 14:06:13', 'data_complete': 'complete', 'url': None, 'league': 'HLL', 'year': '2025', 'split': 'Winter', 'playoffs': False, 'game_in_series': 1, 'patch': '15.03'}
{'game_id': 'LOLTMNT02_215152', 'team1_id': '4410ecf1b88f1316b6e6c110120c896', 'team2_id': 'b19ab22267512e77945cd498106dcf1', 'date': '2025-02-13 16:11:18', 'data_complete': 'complete', 'url': None, 'league': 'HLL', 'year': '2025', 'split': 'Winter', 'playoffs': False, 'game_in_series': 1, 'patch': '15.03'}
{'game_id': 'LOLTMNT02_215185', 'team1_id': '746e6715fc4295c54954be5efc385af', 'team2_id': '2d1b8a518ba70fe8352fb0fdd8aec1a', 'date': '2025-02-13 17:04:04', 'data_complete': 'complete', 'url': None, 'league': 'LVP SL', 'year': '2025', 'split': 'Winter', 'playoffs': False, 'game_in_series': 1, 'patch': '15.03'}
{'game_id': 'LOLTMNT02_215218', 'team1_id': '746e6715fc4295c54954be5efc385af', 'team2_id': '2d1b8a518ba70fe8352fb0fdd8aec1a', 'date': '2025-02-13 17:56:11', 'data_complete': 'complete', 'url': None, 'league': 'LVP SL', 'year': '2025', 'split': 'Winter', 'playoffs': False, 'game_in_series': 2, 'patch': '15.03'}
{'game_id': 'LOLTMNT02_215223', 'team1_id': '9d360cb53ceabaf46a078820f7370b5', 'team2_id': '04bb54d81b8d6daaaf0eee289e9eb03', 'date': '2025-02-13 18:06:56', 'data_complete': 'complete', 'url': None, 'league': 'ROL', 'year': '2025', 'split': 'Winter', 'playoffs': False, 'game_in_series': 1, 'patch': '15.03'}
{'game_id': 'LOLTMNT02_215266', 'team1_id': '3659b5cb3434354530c31ce71461fc1', 'team2_id': 'ec830d79559b38ffe2dcda535fd2bac', 'date': '2025-02-13 19:06:03', 'data_complete': 'complete', 'url': None, 'league': 'LPLOL', 'year': '2025', 'split': 'Winter', 'playoffs': False, 'game_in_series': 1, 'patch': '15.03'}
{'game_id': 'LOLTMNT02_215280', 'team1_id': 'ee662fa8580ced6fb87aa4ca5b1fe7b', 'team2_id': '13697a0e9b7df2bbb787cca7b9fd140', 'date': '2025-02-13 19:11:44', 'data_complete': 'complete', 'url': None, 'league': 'ROL', 'year': '2025', 'split': 'Winter', 'playoffs': False, 'game_in_series': 1, 'patch': '15.03'}
{'game_id': 'LOLTMNT02_215283', 'team1_id': '86dbb7cea91eaf08738bdc93a8442ce', 'team2_id': '374ab80ad8c28c38cd170e188e4aca8', 'date': '2025-02-13 19:29:07', 'data_complete': 'complete', 'url': None, 'league': 'LVP SL', 'year': '2025', 'split': 'Winter', 'playoffs': False, 'game_in_series': 1, 'patch': '15.03'}
{'game_id': 'LOLTMNT02_215321', 'team1_id': '374ab80ad8c28c38cd170e188e4aca8', 'team2_id': '86dbb7cea91eaf08738bdc93a8442ce', 'date': '2025-02-13 20:29:14', 'data_complete': 'complete', 'url': None, 'league': 'LVP SL', 'year': '2025', 'split': 'Winter', 'playoffs': False, 'game_in_series': 2, 'patch': '15.03'}
{'game_id': 'LOLTMNT02_215325', 'team1_id': 'fca935f82fd01de843aa2799eb575ea', 'team2_id': '3659b5cb3434354530c31ce71461fc1', 'date': '2025-02-13 20:53:39', 'data_complete': 'complete', 'url': None, 'league': 'LPLOL', 'year': '2025', 'split': 'Winter', 'playoffs': False, 'game_in_series': 1, 'patch': '15.03'}
{'game_id': 'LOLTMNT02_215353', 'team1_id': 'ec830d79559b38ffe2dcda535fd2bac', 'team2_id': None, 'date': '2025-02-13 21:57:40', 'data_complete': 'complete', 'url': None, 'league': 'LPLOL', 'year': '2025', 'split': 'Winter', 'playoffs': False, 'game_in_series': 1, 'patch': '15.03'}
{'game_id': 'LOLTMNT02_215368', 'team1_id': 'fca935f82fd01de843aa2799eb575ea', 'team2_id': None, 'date': '2025-02-13 23:09:55', 'data_complete': 'complete', 'url': None, 'league': 'LPLOL', 'year': '2025', 'split': 'Winter', 'playoffs': False, 'game_in_series': 1, 'patch': '15.03'}
{'game_id': 'LOLTMNT02_215487', 'team1_id': '0916b3c324c8577b0c6344f3e067f62', 'team2_id': '6c41c4480bff43bc71e870013760b38', 'date': '2025-02-14 12:13:53', 'data_complete': 'complete', 'url': None, 'league': 'LCP', 'year': '2025', 'split': 'Split 1', 'playoffs': False, 'game_in_series': 1, 'patch': '15.03'}
{'game_id': 'LOLTMNT02_215532', 'team1_id': '9bd7ce113c5d4ff95b1c75205356a3f', 'team2_id': '75a4d34e4afac036d164b0f1a580486', 'date': '2025-02-14 14:14:05', 'data_complete': 'complete', 'url': None, 'league': 'HLL', 'year': '2025', 'split': 'Winter', 'playoffs': False, 'game_in_series': 1, 'patch': '15.03'}
{'game_id': 'LOLTMNT02_215538', 'team1_id': '0916b3c324c8577b0c6344f3e067f62', 'team2_id': '6c41c4480bff43bc71e870013760b38', 'date': '2025-02-14 14:09:35', 'data_complete': 'complete', 'url': None, 'league': 'LCP', 'year': '2025', 'split': 'Split 1', 'playoffs': False, 'game_in_series': 3, 'patch': '15.03'}
{'game_id': 'LOLTMNT02_215587', 'team1_id': '03e2d2e3168da8b4e8f381342cb59cb', 'team2_id': '4410ecf1b88f1316b6e6c110120c896', 'date': '2025-02-14 15:13:07', 'data_complete': 'complete', 'url': None, 'league': 'HLL', 'year': '2025', 'split': 'Winter', 'playoffs': False, 'game_in_series': 1, 'patch': '15.03'}
{'game_id': 'LOLTMNT02_215637', 'team1_id': '6a68fff9fc521e2fbcab2fc19978d24', 'team2_id': '3a96025b8db516e2c44dbb3c0b31996', 'date': '2025-02-14 16:15:47', 'data_complete': 'complete', 'url': None, 'league': 'HLL', 'year': '2025', 'split': 'Winter', 'playoffs': False, 'game_in_series': 1, 'patch': '15.03'}
{'game_id': 'LOLTMNT02_215669', 'team1_id': 'd932b52fb3a9d5fad174728a969ee14', 'team2_id': 'b19ab22267512e77945cd498106dcf1', 'date': '2025-02-14 17:12:20', 'data_complete': 'complete', 'url': None, 'league': 'HLL', 'year': '2025', 'split': 'Winter', 'playoffs': False, 'game_in_series': 1, 'patch': '15.03'}
{'game_id': 'LOLTMNT02_215839', 'team1_id': None, 'team2_id': 'ecaf2adae2ff7f9511c9f662f18ffe7', 'date': '2025-02-14 22:03:13', 'data_complete': 'complete', 'url': None, 'league': 'LPLOL', 'year': '2025', 'split': 'Winter', 'playoffs': False, 'game_in_series': 1, 'patch': '15.03'}
{'game_id': 'LOLTMNT02_215947', 'team1_id': '2a247555001e6364757f171f158f997', 'team2_id': '5cd2cd09ec94296f605dd13a2924d6c', 'date': '2025-02-15 06:06:56', 'data_complete': 'complete', 'url': None, 'league': 'LCK', 'year': '2025', 'split': 'Cup', 'playoffs': False, 'game_in_series': 1, 'patch': '15.03'}
{'game_id': 'LOLTMNT02_215958', 'team1_id': '5cd2cd09ec94296f605dd13a2924d6c', 'team2_id': '2a247555001e6364757f171f158f997', 'date': '2025-02-15 06:59:03', 'data_complete': 'complete', 'url': None, 'league': 'LCK', 'year': '2025', 'split': 'Cup', 'playoffs': False, 'game_in_series': 2, 'patch': '15.03'}
{'game_id': 'LOLTMNT02_216021', 'team1_id': '9cae7677cd0dbcc1cd86653870b73c2', 'team2_id': 'e435aa3ecb82a89e60544f5f5857a81', 'date': '2025-02-13 12:45:11', 'data_complete': 'complete', 'url': None, 'league': 'LCP', 'year': '2025', 'split': 'Split 1', 'playoffs': False, 'game_in_series': 1, 'patch': '15.03'}
{'game_id': 'LOLTMNT02_216058', 'team1_id': 'e435aa3ecb82a89e60544f5f5857a81', 'team2_id': '9cae7677cd0dbcc1cd86653870b73c2', 'date': '2025-02-13 13:39:02', 'data_complete': 'complete', 'url': None, 'league': 'LCP', 'year': '2025', 'split': 'Split 1', 'playoffs': False, 'game_in_series': 2, 'patch': '15.03'}
{'game_id': 'LOLTMNT02_216109', 'team1_id': '3a96025b8db516e2c44dbb3c0b31996', 'team2_id': 'd932b52fb3a9d5fad174728a969ee14', 'date': '2025-02-13 15:08:02', 'data_complete': 'complete', 'url': None, 'league': 'HLL', 'year': '2025', 'split': 'Winter', 'playoffs': False, 'game_in_series': 1, 'patch': '15.03'}
{'game_id': 'LOLTMNT02_216191', 'team1_id': '03e2d2e3168da8b4e8f381342cb59cb', 'team2_id': '9bd7ce113c5d4ff95b1c75205356a3f', 'date': '2025-02-13 17:12:33', 'data_complete': 'complete', 'url': None, 'league': 'HLL', 'year': '2025', 'split': 'Winter', 'playoffs': False, 'game_in_series': 1, 'patch': '15.03'}
{'game_id': 'LOLTMNT02_216242', 'team1_id': '2d1b8a518ba70fe8352fb0fdd8aec1a', 'team2_id': '746e6715fc4295c54954be5efc385af', 'date': '2025-02-13 18:36:48', 'data_complete': 'complete', 'url': None, 'league': 'LVP SL', 'year': '2025', 'split': 'Winter', 'playoffs': False, 'game_in_series': 3, 'patch': '15.03'}
{'game_id': 'LOLTMNT02_216250', 'team1_id': '9d360cb53ceabaf46a078820f7370b5', 'team2_id': '04bb54d81b8d6daaaf0eee289e9eb03', 'date': '2025-02-13 19:01:27', 'data_complete': 'complete', 'url': None, 'league': 'ROL', 'year': '2025', 'split': 'Winter', 'playoffs': False, 'game_in_series': 2, 'patch': '15.03'}
{'game_id': 'LOLTMNT02_216296', 'team1_id': '13697a0e9b7df2bbb787cca7b9fd140', 'team2_id': 'ee662fa8580ced6fb87aa4ca5b1fe7b', 'date': '2025-02-13 20:04:36', 'data_complete': 'complete', 'url': None, 'league': 'ROL', 'year': '2025', 'split': 'Winter', 'playoffs': False, 'game_in_series': 2, 'patch': '15.03'}
{'game_id': 'LOLTMNT02_216452', 'team1_id': '692bccdba8ec7050f5aeb916815439e', 'team2_id': 'fe099196385a285d6d6edde504dc1f6', 'date': '2025-02-14 10:19:31', 'data_complete': 'complete', 'url': None, 'league': 'LCP', 'year': '2025', 'split': 'Split 1', 'playoffs': False, 'game_in_series': 1, 'patch': '15.03'}
{'game_id': 'LOLTMNT02_216463', 'team1_id': 'fe099196385a285d6d6edde504dc1f6', 'team2_id': '692bccdba8ec7050f5aeb916815439e', 'date': '2025-02-14 11:05:29', 'data_complete': 'complete', 'url': None, 'league': 'LCP', 'year': '2025', 'split': 'Split 1', 'playoffs': False, 'game_in_series': 2, 'patch': '15.03'}
{'game_id': 'LOLTMNT02_216518', 'team1_id': '6c41c4480bff43bc71e870013760b38', 'team2_id': '0916b3c324c8577b0c6344f3e067f62', 'date': '2025-02-14 13:11:22', 'data_complete': 'complete', 'url': None, 'league': 'LCP', 'year': '2025', 'split': 'Split 1', 'playoffs': False, 'game_in_series': 2, 'patch': '15.03'}
{'game_id': 'LOLTMNT02_216630', 'team1_id': '0777dce04475528bdf4062724306b06', 'team2_id': 'ecaf2adae2ff7f9511c9f662f18ffe7', 'date': '2025-02-14 19:05:31', 'data_complete': 'complete', 'url': None, 'league': 'LPLOL', 'year': '2025', 'split': 'Winter', 'playoffs': False, 'game_in_series': 1, 'patch': '15.03'}
{'game_id': 'LOLTMNT02_216664', 'team1_id': '622a2f5dc9620cda6c9155119741546', 'team2_id': None, 'date': '2025-02-14 20:15:26', 'data_complete': 'complete', 'url': None, 'league': 'LPLOL', 'year': '2025', 'split': 'Winter', 'playoffs': False, 'game_in_series': 1, 'patch': '15.03'}
{'game_id': 'LOLTMNT02_216723', 'team1_id': '0777dce04475528bdf4062724306b06', 'team2_id': '622a2f5dc9620cda6c9155119741546', 'date': '2025-02-14 21:11:35', 'data_complete': 'complete', 'url': None, 'league': 'LPLOL', 'year': '2025', 'split': 'Winter', 'playoffs': False, 'game_in_series': 1, 'patch': '15.03'}
{'game_id': 'LOLTMNT02_216765', 'team1_id': '622a2f5dc9620cda6c9155119741546', 'team2_id': 'ecaf2adae2ff7f9511c9f662f18ffe7', 'date': '2025-02-14 22:49:56', 'data_complete': 'complete', 'url': None, 'league': 'LPLOL', 'year': '2025', 'split': 'Winter', 'playoffs': False, 'game_in_series': 1, 'patch': '15.03'}
{'game_id': 'LOLTMNT02_216864', 'team1_id': '5cd2cd09ec94296f605dd13a2924d6c', 'team2_id': '2a247555001e6364757f171f158f997', 'date': '2025-02-15 07:47:46', 'data_complete': 'complete', 'url': None, 'league': 'LCK', 'year': '2025', 'split': 'Cup', 'playoffs': False, 'game_in_series': 3, 'patch': '15.03'}
{'game_id': 'LOLTMNT02_216888', 'team1_id': '2a247555001e6364757f171f158f997', 'team2_id': '5cd2cd09ec94296f605dd13a2924d6c', 'date': '2025-02-15 08:36:56', 'data_complete': 'complete', 'url': None, 'league': 'LCK', 'year': '2025', 'split': 'Cup', 'playoffs': False, 'game_in_series': 4, 'patch': '15.03'}
{'game_id': 'LOLTMNT02_216943', 'team1_id': 'e435aa3ecb82a89e60544f5f5857a81', 'team2_id': 'd8ca3fc1f0827ec76369af7b70d43e3', 'date': '2025-02-15 10:22:52', 'data_complete': 'complete', 'url': None, 'league': 'LCP', 'year': '2025', 'split': 'Split 1', 'playoffs': False, 'game_in_series': 1, 'patch': '15.03'}
{'game_id': 'LOLTMNT02_217067', 'team1_id': 'e435aa3ecb82a89e60544f5f5857a81', 'team2_id': 'd8ca3fc1f0827ec76369af7b70d43e3', 'date': '2025-02-15 11:17:30', 'data_complete': 'complete', 'url': None, 'league': 'LCP', 'year': '2025', 'split': 'Split 1', 'playoffs': False, 'game_in_series': 2, 'patch': '15.03'}
{'game_id': 'LOLTMNT02_217096', 'team1_id': '6d98739f80c37e5b5c2431950983a05', 'team2_id': '9e12a15ab90a0a26c7e4e5308d3924c', 'date': '2025-02-15 12:40:18', 'data_complete': 'complete', 'url': None, 'league': 'RL', 'year': '2025', 'split': 'Winter', 'playoffs': False, 'game_in_series': 1, 'patch': '15.03'}
{'game_id': 'LOLTMNT02_217112', 'team1_id': '740de582f50775c516c77ed7b923fd5', 'team2_id': '9cae7677cd0dbcc1cd86653870b73c2', 'date': '2025-02-15 12:39:45', 'data_complete': 'complete', 'url': None, 'league': 'LCP', 'year': '2025', 'split': 'Split 1', 'playoffs': False, 'game_in_series': 1, 'patch': '15.03'}
{'game_id': 'LOLTMNT02_217118', 'team1_id': '302fced4d92a9b83cb5784fd6f3b548', 'team2_id': '2799e04c7212d3c262467ef25427eda', 'date': '2025-02-15 13:07:36', 'data_complete': 'complete', 'url': None, 'league': 'LFL2', 'year': '2025', 'split': 'Winter', 'playoffs': False, 'game_in_series': 1, 'patch': '15.03'}
{'game_id': 'LOLTMNT02_217358', 'team1_id': '50f58982d91a36557ec8aec52ab014f', 'team2_id': '3a1d18f46bcb3716ebcfcf4ef068934', 'date': '2025-02-16 06:06:32', 'data_complete': 'complete', 'url': None, 'league': 'LCK', 'year': '2025', 'split': 'Cup', 'playoffs': False, 'game_in_series': 1, 'patch': '15.03'}
{'game_id': 'LOLTMNT02_217366', 'team1_id': '50f58982d91a36557ec8aec52ab014f', 'team2_id': '3a1d18f46bcb3716ebcfcf4ef068934', 'date': '2025-02-16 07:06:00', 'data_complete': 'complete', 'url': None, 'league': 'LCK', 'year': '2025', 'split': 'Cup', 'playoffs': False, 'game_in_series': 2, 'patch': '15.03'}
{'game_id': 'LOLTMNT02_217372', 'team1_id': '3a1d18f46bcb3716ebcfcf4ef068934', 'team2_id': '50f58982d91a36557ec8aec52ab014f', 'date': '2025-02-16 08:01:28', 'data_complete': 'complete', 'url': None, 'league': 'LCK', 'year': '2025', 'split': 'Cup', 'playoffs': False, 'game_in_series': 3, 'patch': '15.03'}
{'game_id': 'LOLTMNT02_217385', 'team1_id': '50f58982d91a36557ec8aec52ab014f', 'team2_id': '3a1d18f46bcb3716ebcfcf4ef068934', 'date': '2025-02-16 08:51:09', 'data_complete': 'complete', 'url': None, 'league': 'LCK', 'year': '2025', 'split': 'Cup', 'playoffs': False, 'game_in_series': 4, 'patch': '15.03'}
{'game_id': 'LOLTMNT02_217417', 'team1_id': '0916b3c324c8577b0c6344f3e067f62', 'team2_id': '692bccdba8ec7050f5aeb916815439e', 'date': '2025-02-16 11:07:14', 'data_complete': 'complete', 'url': None, 'league': 'LCP', 'year': '2025', 'split': 'Split 1', 'playoffs': False, 'game_in_series': 2, 'patch': '15.03'}
{'game_id': 'LOLTMNT02_217449', 'team1_id': 'dbe0589e5cff81fa6b163d9f30ffeee', 'team2_id': '544b70d08c7df83ccb74d08a677b902', 'date': '2025-02-16 12:39:12', 'data_complete': 'complete', 'url': None, 'league': 'RL', 'year': '2025', 'split': 'Winter', 'playoffs': False, 'game_in_series': 1, 'patch': '15.03'}
{'game_id': 'LOLTMNT02_218013', 'team1_id': '9cae7677cd0dbcc1cd86653870b73c2', 'team2_id': '740de582f50775c516c77ed7b923fd5', 'date': '2025-02-15 13:28:34', 'data_complete': 'complete', 'url': None, 'league': 'LCP', 'year': '2025', 'split': 'Split 1', 'playoffs': False, 'game_in_series': 2, 'patch': '15.03'}
{'game_id': 'LOLTMNT02_218022', 'team1_id': '6d98739f80c37e5b5c2431950983a05', 'team2_id': '9e12a15ab90a0a26c7e4e5308d3924c', 'date': '2025-02-15 13:46:57', 'data_complete': 'complete', 'url': None, 'league': 'RL', 'year': '2025', 'split': 'Winter', 'playoffs': False, 'game_in_series': 2, 'patch': '15.03'}
{'game_id': 'LOLTMNT02_218056', 'team1_id': '9e12a15ab90a0a26c7e4e5308d3924c', 'team2_id': '6d98739f80c37e5b5c2431950983a05', 'date': '2025-02-15 14:44:47', 'data_complete': 'complete', 'url': None, 'league': 'RL', 'year': '2025', 'split': 'Winter', 'playoffs': False, 'game_in_series': 3, 'patch': '15.03'}
{'game_id': 'LOLTMNT02_218314', 'team1_id': '3a1d18f46bcb3716ebcfcf4ef068934', 'team2_id': '50f58982d91a36557ec8aec52ab014f', 'date': '2025-02-16 09:44:51', 'data_complete': 'complete', 'url': None, 'league': 'LCK', 'year': '2025', 'split': 'Cup', 'playoffs': False, 'game_in_series': 5, 'patch': '15.03'}
{'game_id': 'LOLTMNT02_218337', 'team1_id': '0916b3c324c8577b0c6344f3e067f62', 'team2_id': '692bccdba8ec7050f5aeb916815439e', 'date': '2025-02-16 10:18:26', 'data_complete': 'complete', 'url': None, 'league': 'LCP', 'year': '2025', 'split': 'Split 1', 'playoffs': False, 'game_in_series': 1, 'patch': '15.03'}
{'game_id': 'LOLTMNT02_218378', 'team1_id': '6c41c4480bff43bc71e870013760b38', 'team2_id': 'fe099196385a285d6d6edde504dc1f6', 'date': '2025-02-16 12:15:06', 'data_complete': 'complete', 'url': None, 'league': 'LCP', 'year': '2025', 'split': 'Split 1', 'playoffs': False, 'game_in_series': 1, 'patch': '15.03'}
{'game_id': 'LOLTMNT02_218391', 'team1_id': 'fe099196385a285d6d6edde504dc1f6', 'team2_id': '6c41c4480bff43bc71e870013760b38', 'date': '2025-02-16 13:09:42', 'data_complete': 'complete', 'url': None, 'league': 'LCP', 'year': '2025', 'split': 'Split 1', 'playoffs': False, 'game_in_series': 2, 'patch': '15.03'}
{'game_id': 'LOLTMNT02_218405', 'team1_id': 'dbe0589e5cff81fa6b163d9f30ffeee', 'team2_id': '544b70d08c7df83ccb74d08a677b902', 'date': '2025-02-16 13:41:53', 'data_complete': 'complete', 'url': None, 'league': 'RL', 'year': '2025', 'split': 'Winter', 'playoffs': False, 'game_in_series': 2, 'patch': '15.03'}
{'game_id': 'LOLTMNT02_218414', 'team1_id': '6c41c4480bff43bc71e870013760b38', 'team2_id': 'fe099196385a285d6d6edde504dc1f6', 'date': '2025-02-16 13:57:24', 'data_complete': 'complete', 'url': None, 'league': 'LCP', 'year': '2025', 'split': 'Split 1', 'playoffs': False, 'game_in_series': 3, 'patch': '15.03'}
{'game_id': 'LOLTMNT03_178705', 'team1_id': '302fced4d92a9b83cb5784fd6f3b548', 'team2_id': 'f9d5cf621532c5ac51e0947d7098b7f', 'date': '2025-01-11 14:03:27', 'data_complete': 'complete', 'url': None, 'league': 'LFL2', 'year': '2025', 'split': 'Winter', 'playoffs': False, 'game_in_series': 1, 'patch': '15.01'}
{'game_id': 'LOLTMNT03_179647', 'team1_id': '2799e04c7212d3c262467ef25427eda', 'team2_id': '71bd93fd1eab2c2f4ba60305ecabce2', 'date': '2025-01-11 11:11:24', 'data_complete': 'complete', 'url': None, 'league': 'LFL2', 'year': '2025', 'split': 'Winter', 'playoffs': False, 'game_in_series': 1, 'patch': '15.01'}
{'game_id': 'LOLTMNT03_180614', 'team1_id': '7c64febcd5ccff13dcd035dc6867a00', 'team2_id': '9ae84c5a47d011e5bac67ed9c901bfc', 'date': '2025-01-13 05:08:44', 'data_complete': 'complete', 'url': None, 'league': 'LCKC', 'year': '2025', 'split': 'Kickoff', 'playoffs': False, 'game_in_series': 1, 'patch': '15.01'}
{'game_id': 'LOLTMNT03_180626', 'team1_id': '9ae84c5a47d011e5bac67ed9c901bfc', 'team2_id': '7c64febcd5ccff13dcd035dc6867a00', 'date': '2025-01-13 06:01:40', 'data_complete': 'complete', 'url': None, 'league': 'LCKC', 'year': '2025', 'split': 'Kickoff', 'playoffs': False, 'game_in_series': 2, 'patch': '15.01'}
{'game_id': 'LOLTMNT03_180652', 'team1_id': '5d069a5aeb88f79b4b92dfa2b9f2a3c', 'team2_id': '731b7a9fd004cdbe2bcb3da795bce47', 'date': '2025-01-13 07:32:39', 'data_complete': 'complete', 'url': None, 'league': 'LCKC', 'year': '2025', 'split': 'Kickoff', 'playoffs': False, 'game_in_series': 1, 'patch': '15.01'}
{'game_id': 'LOLTMNT03_180657', 'team1_id': '5d069a5aeb88f79b4b92dfa2b9f2a3c', 'team2_id': '731b7a9fd004cdbe2bcb3da795bce47', 'date': '2025-01-13 08:22:46', 'data_complete': 'complete', 'url': None, 'league': 'LCKC', 'year': '2025', 'split': 'Kickoff', 'playoffs': False, 'game_in_series': 2, 'patch': '15.01'}
{'game_id': 'LOLTMNT03_180680', 'team1_id': '20edec57649c30e1ed81e4b42634ac1', 'team2_id': '2a5e5fceaa40b335ebc6b49359abf62', 'date': '2025-01-13 10:02:34', 'data_complete': 'complete', 'url': None, 'league': 'LCKC', 'year': '2025', 'split': 'Kickoff', 'playoffs': False, 'game_in_series': 1, 'patch': '15.01'}
{'game_id': 'LOLTMNT03_181730', 'team1_id': '2a5e5fceaa40b335ebc6b49359abf62', 'team2_id': '20edec57649c30e1ed81e4b42634ac1', 'date': '2025-01-13 10:53:41', 'data_complete': 'complete', 'url': None, 'league': 'LCKC', 'year': '2025', 'split': 'Kickoff', 'playoffs': False, 'game_in_series': 2, 'patch': '15.01'}
{'game_id': 'LOLTMNT03_181763', 'team1_id': '2a5e5fceaa40b335ebc6b49359abf62', 'team2_id': '20edec57649c30e1ed81e4b42634ac1', 'date': '2025-01-13 11:42:55', 'data_complete': 'complete', 'url': None, 'league': 'LCKC', 'year': '2025', 'split': 'Kickoff', 'playoffs': False, 'game_in_series': 3, 'patch': '15.01'}
{'game_id': 'LOLTMNT03_182166', 'team1_id': '2d26f8190f9d5cd2e0cb2232d9b7481', 'team2_id': 'b9733b8e8aa341319bbaf1035198a28', 'date': '2025-01-14 08:05:46', 'data_complete': 'complete', 'url': None, 'league': 'LCKC', 'year': '2025', 'split': 'Kickoff', 'playoffs': False, 'game_in_series': 1, 'patch': '15.01'}
{'game_id': 'LOLTMNT03_182173', 'team1_id': 'b9733b8e8aa341319bbaf1035198a28', 'team2_id': '2d26f8190f9d5cd2e0cb2232d9b7481', 'date': '2025-01-14 08:53:02', 'data_complete': 'complete', 'url': None, 'league': 'LCKC', 'year': '2025', 'split': 'Kickoff', 'playoffs': False, 'game_in_series': 2, 'patch': '15.01'}
{'game_id': 'LOLTMNT03_182386', 'team1_id': 'd17ce7a4192b52f8e1daf94c381c75f', 'team2_id': '50c26816bdd3bb2a02def8e11a5cd5a', 'date': '2025-01-14 17:03:36', 'data_complete': 'complete', 'url': None, 'league': 'LVP SL', 'year': '2025', 'split': 'Winter', 'playoffs': False, 'game_in_series': 1, 'patch': '15.01'}
{'game_id': 'LOLTMNT03_182440', 'team1_id': '374ab80ad8c28c38cd170e188e4aca8', 'team2_id': '91c35185025768de7d8aa448933f56c', 'date': '2025-01-14 17:59:43', 'data_complete': 'complete', 'url': None, 'league': 'LVP SL', 'year': '2025', 'split': 'Winter', 'playoffs': False, 'game_in_series': 1, 'patch': '15.01'}
{'game_id': 'LOLTMNT03_182503', 'team1_id': '86dbb7cea91eaf08738bdc93a8442ce', 'team2_id': '746e6715fc4295c54954be5efc385af', 'date': '2025-01-14 19:46:00', 'data_complete': 'complete', 'url': None, 'league': 'LVP SL', 'year': '2025', 'split': 'Winter', 'playoffs': False, 'game_in_series': 1, 'patch': '15.01'}
{'game_id': 'LOLTMNT03_182532', 'team1_id': '9cb395c39a75579af94c93876a42e9b', 'team2_id': '2d1b8a518ba70fe8352fb0fdd8aec1a', 'date': '2025-01-14 20:44:41', 'data_complete': 'complete', 'url': None, 'league': 'LVP SL', 'year': '2025', 'split': 'Winter', 'playoffs': False, 'game_in_series': 1, 'patch': '15.01'}
{'game_id': 'LOLTMNT03_182705', 'team1_id': '5cd2cd09ec94296f605dd13a2924d6c', 'team2_id': 'b05347770d44de27f5e7a25c8cfcbb2', 'date': '2025-01-15 12:36:28', 'data_complete': 'complete', 'url': None, 'league': 'LCK', 'year': '2025', 'split': 'Cup', 'playoffs': False, 'game_in_series': 2, 'patch': '15.01'}
{'game_id': 'LOLTMNT03_182729', 'team1_id': 'b05347770d44de27f5e7a25c8cfcbb2', 'team2_id': '5cd2cd09ec94296f605dd13a2924d6c', 'date': '2025-01-15 13:34:29', 'data_complete': 'complete', 'url': None, 'league': 'LCK', 'year': '2025', 'split': 'Cup', 'playoffs': False, 'game_in_series': 3, 'patch': '15.01'}
{'game_id': 'LOLTMNT03_182901', 'team1_id': 'bae5c5b458ee21472c7f6f270990bfe', 'team2_id': '9cb395c39a75579af94c93876a42e9b', 'date': '2025-01-15 19:44:50', 'data_complete': 'complete', 'url': None, 'league': 'LVP SL', 'year': '2025', 'split': 'Winter', 'playoffs': False, 'game_in_series': 1, 'patch': '15.01'}
{'game_id': 'LOLTMNT03_183141', 'team1_id': '55b3d6b2c940afa4e24978c55dfea27', 'team2_id': '4c9dd0212552afe76315b616b7891f5', 'date': '2025-01-14 10:33:25', 'data_complete': 'complete', 'url': None, 'league': 'LCKC', 'year': '2025', 'split': 'Kickoff', 'playoffs': False, 'game_in_series': 1, 'patch': '15.01'}
{'game_id': 'LOLTMNT03_183156', 'team1_id': '4c9dd0212552afe76315b616b7891f5', 'team2_id': '55b3d6b2c940afa4e24978c55dfea27', 'date': '2025-01-14 11:23:20', 'data_complete': 'complete', 'url': None, 'league': 'LCKC', 'year': '2025', 'split': 'Kickoff', 'playoffs': False, 'game_in_series': 2, 'patch': '15.01'}
{'game_id': 'LOLTMNT03_183380', 'team1_id': '1027c6e0b1984a79fdd7be04072b547', 'team2_id': 'bae5c5b458ee21472c7f6f270990bfe', 'date': '2025-01-14 18:54:29', 'data_complete': 'complete', 'url': None, 'league': 'LVP SL', 'year': '2025', 'split': 'Winter', 'playoffs': False, 'game_in_series': 1, 'patch': '15.01'}
{'game_id': 'LOLTMNT03_183532', 'team1_id': '66eccb6faca7fd5e3cdf4ccf903385c', 'team2_id': '101f8589e58c724c1dcd5a9c1555277', 'date': '2025-01-15 08:09:30', 'data_complete': 'complete', 'url': None, 'league': 'LCK', 'year': '2025', 'split': 'Cup', 'playoffs': False, 'game_in_series': 1, 'patch': '15.01'}
{'game_id': 'LOLTMNT03_183538', 'team1_id': '101f8589e58c724c1dcd5a9c1555277', 'team2_id': '66eccb6faca7fd5e3cdf4ccf903385c', 'date': '2025-01-15 09:03:08', 'data_complete': 'complete', 'url': None, 'league': 'LCK', 'year': '2025', 'split': 'Cup', 'playoffs': False, 'game_in_series': 2, 'patch': '15.01'}
{'game_id': 'LOLTMNT03_183544', 'team1_id': '66eccb6faca7fd5e3cdf4ccf903385c', 'team2_id': '101f8589e58c724c1dcd5a9c1555277', 'date': '2025-01-15 09:54:37', 'data_complete': 'complete', 'url': None, 'league': 'LCK', 'year': '2025', 'split': 'Cup', 'playoffs': False, 'game_in_series': 3, 'patch': '15.01'}
{'game_id': 'LOLTMNT03_183585', 'team1_id': 'b05347770d44de27f5e7a25c8cfcbb2', 'team2_id': '5cd2cd09ec94296f605dd13a2924d6c', 'date': '2025-01-15 11:26:48', 'data_complete': 'complete', 'url': None, 'league': 'LCK', 'year': '2025', 'split': 'Cup', 'playoffs': False, 'game_in_series': 1, 'patch': '15.01'}
{'game_id': 'LOLTMNT03_183723', 'team1_id': '1027c6e0b1984a79fdd7be04072b547', 'team2_id': '374ab80ad8c28c38cd170e188e4aca8', 'date': '2025-01-15 17:08:04', 'data_complete': 'complete', 'url': None, 'league': 'LVP SL', 'year': '2025', 'split': 'Winter', 'playoffs': False, 'game_in_series': 1, 'patch': '15.01'}
{'game_id': 'LOLTMNT03_183750', 'team1_id': '746e6715fc4295c54954be5efc385af', 'team2_id': 'd17ce7a4192b52f8e1daf94c381c75f', 'date': '2025-01-15 18:00:53', 'data_complete': 'complete', 'url': None, 'league': 'LVP SL', 'year': '2025', 'split': 'Winter', 'playoffs': False, 'game_in_series': 1, 'patch': '15.01'}
{'game_id': 'LOLTMNT03_183778', 'team1_id': '86dbb7cea91eaf08738bdc93a8442ce', 'team2_id': '91c35185025768de7d8aa448933f56c', 'date': '2025-01-15 18:54:28', 'data_complete': 'complete', 'url': None, 'league': 'LVP SL', 'year': '2025', 'split': 'Winter', 'playoffs': False, 'game_in_series': 1, 'patch': '15.01'}
{'game_id': 'LOLTMNT03_183815', 'team1_id': '2d1b8a518ba70fe8352fb0fdd8aec1a', 'team2_id': '50c26816bdd3bb2a02def8e11a5cd5a', 'date': '2025-01-15 20:30:41', 'data_complete': 'complete', 'url': None, 'league': 'LVP SL', 'year': '2025', 'split': 'Winter', 'playoffs': False, 'game_in_series': 1, 'patch': '15.01'}
{'game_id': 'LOLTMNT03_183923', 'team1_id': '5d069a5aeb88f79b4b92dfa2b9f2a3c', 'team2_id': '9ae84c5a47d011e5bac67ed9c901bfc', 'date': '2025-01-16 05:55:37', 'data_complete': 'complete', 'url': None, 'league': 'LCKC', 'year': '2025', 'split': 'Kickoff', 'playoffs': False, 'game_in_series': 2, 'patch': '15.01'}
{'game_id': 'LOLTMNT03_183925', 'team1_id': '7c64febcd5ccff13dcd035dc6867a00', 'team2_id': '55b3d6b2c940afa4e24978c55dfea27', 'date': '2025-01-16 05:59:33', 'data_complete': 'complete', 'url': None, 'league': 'LCKC', 'year': '2025', 'split': 'Kickoff', 'playoffs': False, 'game_in_series': 2, 'patch': '15.01'}
{'game_id': 'LOLTMNT03_183991', 'team1_id': '5c2e7e9ea8dfcba0150d9a5619baecf', 'team2_id': 'd723992568441c6bafa2658129eade7', 'date': '2025-01-16 09:04:00', 'data_complete': 'complete', 'url': None, 'league': 'LCK', 'year': '2025', 'split': 'Cup', 'playoffs': False, 'game_in_series': 2, 'patch': '15.01'}
{'game_id': 'LOLTMNT03_184009', 'team1_id': 'b9733b8e8aa341319bbaf1035198a28', 'team2_id': '2a5e5fceaa40b335ebc6b49359abf62', 'date': '2025-01-16 05:08:56', 'data_complete': 'complete', 'url': None, 'league': 'LCKC', 'year': '2025', 'split': 'Kickoff', 'playoffs': False, 'game_in_series': 1, 'patch': '15.01'}
{'game_id': 'LOLTMNT03_184010', 'team1_id': '9ae84c5a47d011e5bac67ed9c901bfc', 'team2_id': '5d069a5aeb88f79b4b92dfa2b9f2a3c', 'date': '2025-01-16 05:07:04', 'data_complete': 'complete', 'url': None, 'league': 'LCKC', 'year': '2025', 'split': 'Kickoff', 'playoffs': False, 'game_in_series': 1, 'patch': '15.01'}
{'game_id': 'LOLTMNT03_184011', 'team1_id': '55b3d6b2c940afa4e24978c55dfea27', 'team2_id': '7c64febcd5ccff13dcd035dc6867a00', 'date': '2025-01-16 05:07:56', 'data_complete': 'complete', 'url': None, 'league': 'LCKC', 'year': '2025', 'split': 'Kickoff', 'playoffs': False, 'game_in_series': 1, 'patch': '15.01'}
{'game_id': 'LOLTMNT03_184034', 'team1_id': '2a5e5fceaa40b335ebc6b49359abf62', 'team2_id': 'b9733b8e8aa341319bbaf1035198a28', 'date': '2025-01-16 06:12:09', 'data_complete': 'complete', 'url': None, 'league': 'LCKC', 'year': '2025', 'split': 'Kickoff', 'playoffs': False, 'game_in_series': 2, 'patch': '15.01'}
{'game_id': 'LOLTMNT03_184086', 'team1_id': '5c2e7e9ea8dfcba0150d9a5619baecf', 'team2_id': 'd723992568441c6bafa2658129eade7', 'date': '2025-01-16 08:09:06', 'data_complete': 'complete', 'url': None, 'league': 'LCK', 'year': '2025', 'split': 'Cup', 'playoffs': False, 'game_in_series': 1, 'patch': '15.01'}
{'game_id': 'LOLTMNT03_184105', 'team1_id': 'd723992568441c6bafa2658129eade7', 'team2_id': '5c2e7e9ea8dfcba0150d9a5619baecf', 'date': '2025-01-16 09:54:20', 'data_complete': 'complete', 'url': None, 'league': 'LCK', 'year': '2025', 'split': 'Cup', 'playoffs': False, 'game_in_series': 3, 'patch': '15.01'}
{'game_id': 'LOLTMNT03_184314', 'team1_id': '91c35185025768de7d8aa448933f56c', 'team2_id': '746e6715fc4295c54954be5efc385af', 'date': '2025-01-16 17:06:53', 'data_complete': 'complete', 'url': None, 'league': 'LVP SL', 'year': '2025', 'split': 'Winter', 'playoffs': False, 'game_in_series': 1, 'patch': '15.01'}
{'game_id': 'LOLTMNT03_184350', 'team1_id': '9cb395c39a75579af94c93876a42e9b', 'team2_id': '374ab80ad8c28c38cd170e188e4aca8', 'date': '2025-01-16 18:09:29', 'data_complete': 'complete', 'url': None, 'league': 'LVP SL', 'year': '2025', 'split': 'Winter', 'playoffs': False, 'game_in_series': 1, 'patch': '15.01'}
{'game_id': 'LOLTMNT03_184375', 'team1_id': 'd17ce7a4192b52f8e1daf94c381c75f', 'team2_id': '2d1b8a518ba70fe8352fb0fdd8aec1a', 'date': '2025-01-16 19:07:16', 'data_complete': 'complete', 'url': None, 'league': 'LVP SL', 'year': '2025', 'split': 'Winter', 'playoffs': False, 'game_in_series': 1, 'patch': '15.01'}
{'game_id': 'LOLTMNT03_184416', 'team1_id': '1027c6e0b1984a79fdd7be04072b547', 'team2_id': '86dbb7cea91eaf08738bdc93a8442ce', 'date': '2025-01-16 20:11:06', 'data_complete': 'complete', 'url': None, 'league': 'LVP SL', 'year': '2025', 'split': 'Winter', 'playoffs': False, 'game_in_series': 1, 'patch': '15.01'}
{'game_id': 'LOLTMNT03_184504', 'team1_id': '731b7a9fd004cdbe2bcb3da795bce47', 'team2_id': '4c9dd0212552afe76315b616b7891f5', 'date': '2025-01-17 05:07:13', 'data_complete': 'complete', 'url': None, 'league': 'LCKC', 'year': '2025', 'split': 'Kickoff', 'playoffs': False, 'game_in_series': 1, 'patch': '15.01'}
{'game_id': 'LOLTMNT03_184518', 'team1_id': '2d26f8190f9d5cd2e0cb2232d9b7481', 'team2_id': '20edec57649c30e1ed81e4b42634ac1', 'date': '2025-01-17 05:55:48', 'data_complete': 'complete', 'url': None, 'league': 'LCKC', 'year': '2025', 'split': 'Kickoff', 'playoffs': False, 'game_in_series': 2, 'patch': '15.01'}
{'game_id': 'LOLTMNT03_184519', 'team1_id': '731b7a9fd004cdbe2bcb3da795bce47', 'team2_id': '4c9dd0212552afe76315b616b7891f5', 'date': '2025-01-17 05:56:23', 'data_complete': 'complete', 'url': None, 'league': 'LCKC', 'year': '2025', 'split': 'Kickoff', 'playoffs': False, 'game_in_series': 2, 'patch': '15.01'}
{'game_id': 'LOLTMNT03_184583', 'team1_id': '3a1d18f46bcb3716ebcfcf4ef068934', 'team2_id': '50f58982d91a36557ec8aec52ab014f', 'date': '2025-01-17 08:59:26', 'data_complete': 'complete', 'url': None, 'league': 'LCK', 'year': '2025', 'split': 'Cup', 'playoffs': False, 'game_in_series': 2, 'patch': '15.01'}
{'game_id': 'LOLTMNT03_184622', 'team1_id': '5cd2cd09ec94296f605dd13a2924d6c', 'team2_id': '66eccb6faca7fd5e3cdf4ccf903385c', 'date': '2025-01-17 10:34:53', 'data_complete': 'complete', 'url': None, 'league': 'LCK', 'year': '2025', 'split': 'Cup', 'playoffs': False, 'game_in_series': 1, 'patch': '15.01'}
{'game_id': 'LOLTMNT03_184660', 'team1_id': '66eccb6faca7fd5e3cdf4ccf903385c', 'team2_id': '5cd2cd09ec94296f605dd13a2924d6c', 'date': '2025-01-17 11:38:32', 'data_complete': 'complete', 'url': None, 'league': 'LCK', 'year': '2025', 'split': 'Cup', 'playoffs': False, 'game_in_series': 2, 'patch': '15.01'}
{'game_id': 'LOLTMNT03_184704', 'team1_id': 'fe099196385a285d6d6edde504dc1f6', 'team2_id': '0916b3c324c8577b0c6344f3e067f62', 'date': '2025-01-17 12:51:12', 'data_complete': 'complete', 'url': None, 'league': 'LCP', 'year': '2025', 'split': 'Split 1', 'playoffs': False, 'game_in_series': 3, 'patch': '15.01'}
{'game_id': 'LOLTMNT03_184820', 'team1_id': 'd8ca3fc1f0827ec76369af7b70d43e3', 'team2_id': '9cae7677cd0dbcc1cd86653870b73c2', 'date': '2025-01-17 15:16:25', 'data_complete': 'complete', 'url': None, 'league': 'LCP', 'year': '2025', 'split': 'Split 1', 'playoffs': False, 'game_in_series': 2, 'patch': '15.01'}
{'game_id': 'LOLTMNT03_184865', 'team1_id': '9cae7677cd0dbcc1cd86653870b73c2', 'team2_id': 'd8ca3fc1f0827ec76369af7b70d43e3', 'date': '2025-01-17 16:31:47', 'data_complete': 'complete', 'url': None, 'league': 'LCP', 'year': '2025', 'split': 'Split 1', 'playoffs': False, 'game_in_series': 3, 'patch': '15.01'}
{'game_id': 'LOLTMNT03_185025', 'team1_id': '2a247555001e6364757f171f158f997', 'team2_id': 'ce499dea30cfce118f4fe85da0227e8', 'date': '2025-01-16 11:11:06', 'data_complete': 'complete', 'url': None, 'league': 'LCK', 'year': '2025', 'split': 'Cup', 'playoffs': False, 'game_in_series': 1, 'patch': '15.01'}
{'game_id': 'LOLTMNT03_185042', 'team1_id': 'ce499dea30cfce118f4fe85da0227e8', 'team2_id': '2a247555001e6364757f171f158f997', 'date': '2025-01-16 11:55:28', 'data_complete': 'complete', 'url': None, 'league': 'LCK', 'year': '2025', 'split': 'Cup', 'playoffs': False, 'game_in_series': 2, 'patch': '15.01'}
{'game_id': 'LOLTMNT03_185067', 'team1_id': '2a247555001e6364757f171f158f997', 'team2_id': 'ce499dea30cfce118f4fe85da0227e8', 'date': '2025-01-16 12:50:03', 'data_complete': 'complete', 'url': None, 'league': 'LCK', 'year': '2025', 'split': 'Cup', 'playoffs': False, 'game_in_series': 3, 'patch': '15.01'}
{'game_id': 'LOLTMNT03_185307', 'team1_id': '50c26816bdd3bb2a02def8e11a5cd5a', 'team2_id': 'bae5c5b458ee21472c7f6f270990bfe', 'date': '2025-01-16 20:58:14', 'data_complete': 'complete', 'url': None, 'league': 'LVP SL', 'year': '2025', 'split': 'Winter', 'playoffs': False, 'game_in_series': 1, 'patch': '15.01'}
{'game_id': 'LOLTMNT03_185405', 'team1_id': '20edec57649c30e1ed81e4b42634ac1', 'team2_id': '2d26f8190f9d5cd2e0cb2232d9b7481', 'date': '2025-01-17 05:08:11', 'data_complete': 'complete', 'url': None, 'league': 'LCKC', 'year': '2025', 'split': 'Kickoff', 'playoffs': False, 'game_in_series': 1, 'patch': '15.01'}
{'game_id': 'LOLTMNT03_185467', 'team1_id': '50f58982d91a36557ec8aec52ab014f', 'team2_id': '3a1d18f46bcb3716ebcfcf4ef068934', 'date': '2025-01-17 08:08:25', 'data_complete': 'complete', 'url': None, 'league': 'LCK', 'year': '2025', 'split': 'Cup', 'playoffs': False, 'game_in_series': 1, 'patch': '15.01'}
{'game_id': 'LOLTMNT03_185513', 'team1_id': '0916b3c324c8577b0c6344f3e067f62', 'team2_id': 'fe099196385a285d6d6edde504dc1f6', 'date': '2025-01-17 10:52:29', 'data_complete': 'complete', 'url': None, 'league': 'LCP', 'year': '2025', 'split': 'Split 1', 'playoffs': False, 'game_in_series': 1, 'patch': '15.01'}
{'game_id': 'LOLTMNT03_185549', 'team1_id': '0916b3c324c8577b0c6344f3e067f62', 'team2_id': 'fe099196385a285d6d6edde504dc1f6', 'date': '2025-01-17 11:56:40', 'data_complete': 'complete', 'url': None, 'league': 'LCP', 'year': '2025', 'split': 'Split 1', 'playoffs': False, 'game_in_series': 2, 'patch': '15.01'}
{'game_id': 'LOLTMNT03_185634', 'team1_id': 'd8ca3fc1f0827ec76369af7b70d43e3', 'team2_id': '9cae7677cd0dbcc1cd86653870b73c2', 'date': '2025-01-17 14:23:04', 'data_complete': 'complete', 'url': None, 'league': 'LCP', 'year': '2025', 'split': 'Split 1', 'playoffs': False, 'game_in_series': 1, 'patch': '15.01'}
{'game_id': 'LOLTMNT03_186192', 'team1_id': '2a247555001e6364757f171f158f997', 'team2_id': 'b05347770d44de27f5e7a25c8cfcbb2', 'date': '2025-01-18 06:05:55', 'data_complete': 'complete', 'url': None, 'league': 'LCK', 'year': '2025', 'split': 'Cup', 'playoffs': False, 'game_in_series': 1, 'patch': '15.01'}
{'game_id': 'LOLTMNT03_186260', 'team1_id': '101f8589e58c724c1dcd5a9c1555277', 'team2_id': 'ce499dea30cfce118f4fe85da0227e8', 'date': '2025-01-18 08:35:57', 'data_complete': 'complete', 'url': None, 'league': 'LCK', 'year': '2025', 'split': 'Cup', 'playoffs': False, 'game_in_series': 1, 'patch': '15.01'}
{'game_id': 'LOLTMNT03_186856', 'team1_id': 'b9733b8e8aa341319bbaf1035198a28', 'team2_id': '5d069a5aeb88f79b4b92dfa2b9f2a3c', 'date': '2025-01-20 05:05:34', 'data_complete': 'complete', 'url': None, 'league': 'LCKC', 'year': '2025', 'split': 'Kickoff', 'playoffs': False, 'game_in_series': 1, 'patch': '15.01'}
{'game_id': 'LOLTMNT03_186861', 'team1_id': '5d069a5aeb88f79b4b92dfa2b9f2a3c', 'team2_id': 'b9733b8e8aa341319bbaf1035198a28', 'date': '2025-01-20 05:53:09', 'data_complete': 'complete', 'url': None, 'league': 'LCKC', 'year': '2025', 'split': 'Kickoff', 'playoffs': False, 'game_in_series': 2, 'patch': '15.01'}
{'game_id': 'LOLTMNT03_186902', 'team1_id': '20edec57649c30e1ed81e4b42634ac1', 'team2_id': '4c9dd0212552afe76315b616b7891f5', 'date': '2025-01-20 10:01:53', 'data_complete': 'complete', 'url': None, 'league': 'LCKC', 'year': '2025', 'split': 'Kickoff', 'playoffs': False, 'game_in_series': 1, 'patch': '15.01'}
{'game_id': 'LOLTMNT03_186913', 'team1_id': '4c9dd0212552afe76315b616b7891f5', 'team2_id': '20edec57649c30e1ed81e4b42634ac1', 'date': '2025-01-20 10:53:05', 'data_complete': 'complete', 'url': None, 'league': 'LCKC', 'year': '2025', 'split': 'Kickoff', 'playoffs': False, 'game_in_series': 2, 'patch': '15.01'}
{'game_id': 'LOLTMNT03_186938', 'team1_id': '4c9dd0212552afe76315b616b7891f5', 'team2_id': '20edec57649c30e1ed81e4b42634ac1', 'date': '2025-01-20 11:54:43', 'data_complete': 'complete', 'url': None, 'league': 'LCKC', 'year': '2025', 'split': 'Kickoff', 'playoffs': False, 'game_in_series': 3, 'patch': '15.01'}
{'game_id': 'LOLTMNT03_186971', 'team1_id': '9ae84c5a47d011e5bac67ed9c901bfc', 'team2_id': '2d26f8190f9d5cd2e0cb2232d9b7481', 'date': '2025-01-20 13:06:52', 'data_complete': 'complete', 'url': None, 'league': 'LCKC', 'year': '2025', 'split': 'Kickoff', 'playoffs': False, 'game_in_series': 1, 'patch': '15.01'}
{'game_id': 'LOLTMNT03_187100', 'team1_id': 'b05347770d44de27f5e7a25c8cfcbb2', 'team2_id': '2a247555001e6364757f171f158f997', 'date': '2025-01-18 06:57:05', 'data_complete': 'complete', 'url': None, 'league': 'LCK', 'year': '2025', 'split': 'Cup', 'playoffs': False, 'game_in_series': 2, 'patch': '15.01'}
{'game_id': 'LOLTMNT03_187132', 'team1_id': '101f8589e58c724c1dcd5a9c1555277', 'team2_id': 'ce499dea30cfce118f4fe85da0227e8', 'date': '2025-01-18 09:32:58', 'data_complete': 'complete', 'url': None, 'league': 'LCK', 'year': '2025', 'split': 'Cup', 'playoffs': False, 'game_in_series': 2, 'patch': '15.01'}
{'game_id': 'LOLTMNT03_187435', 'team1_id': 'd723992568441c6bafa2658129eade7', 'team2_id': '3a1d18f46bcb3716ebcfcf4ef068934', 'date': '2025-01-19 06:04:49', 'data_complete': 'complete', 'url': None, 'league': 'LCK', 'year': '2025', 'split': 'Cup', 'playoffs': False, 'game_in_series': 1, 'patch': '15.01'}
{'game_id': 'LOLTMNT03_187440', 'team1_id': 'd723992568441c6bafa2658129eade7', 'team2_id': '3a1d18f46bcb3716ebcfcf4ef068934', 'date': '2025-01-19 06:54:25', 'data_complete': 'complete', 'url': None, 'league': 'LCK', 'year': '2025', 'split': 'Cup', 'playoffs': False, 'game_in_series': 2, 'patch': '15.01'}
{'game_id': 'LOLTMNT03_187470', 'team1_id': '5c2e7e9ea8dfcba0150d9a5619baecf', 'team2_id': '50f58982d91a36557ec8aec52ab014f', 'date': '2025-01-19 08:34:13', 'data_complete': 'complete', 'url': None, 'league': 'LCK', 'year': '2025', 'split': 'Cup', 'playoffs': False, 'game_in_series': 1, 'patch': '15.01'}
{'game_id': 'LOLTMNT03_187471', 'team1_id': '5c2e7e9ea8dfcba0150d9a5619baecf', 'team2_id': '50f58982d91a36557ec8aec52ab014f', 'date': '2025-01-19 09:34:45', 'data_complete': 'complete', 'url': None, 'league': 'LCK', 'year': '2025', 'split': 'Cup', 'playoffs': False, 'game_in_series': 2, 'patch': '15.01'}
{'game_id': 'LOLTMNT03_187887', 'team1_id': '2d26f8190f9d5cd2e0cb2232d9b7481', 'team2_id': '9ae84c5a47d011e5bac67ed9c901bfc', 'date': '2025-01-20 14:09:29', 'data_complete': 'complete', 'url': None, 'league': 'LCKC', 'year': '2025', 'split': 'Kickoff', 'playoffs': False, 'game_in_series': 2, 'patch': '15.01'}
{'game_id': 'LOLTMNT03_188043', 'team1_id': '9ae84c5a47d011e5bac67ed9c901bfc', 'team2_id': '2d26f8190f9d5cd2e0cb2232d9b7481', 'date': '2025-01-20 15:10:21', 'data_complete': 'complete', 'url': None, 'league': 'LCKC', 'year': '2025', 'split': 'Kickoff', 'playoffs': False, 'game_in_series': 3, 'patch': '15.01'}
{'game_id': 'LOLTMNT03_188256', 'team1_id': '2a5e5fceaa40b335ebc6b49359abf62', 'team2_id': '55b3d6b2c940afa4e24978c55dfea27', 'date': '2025-01-21 09:10:56', 'data_complete': 'complete', 'url': None, 'league': 'LCKC', 'year': '2025', 'split': 'Kickoff', 'playoffs': False, 'game_in_series': 2, 'patch': '15.01'}
{'game_id': 'LOLTMNT03_188414', 'team1_id': 'bae5c5b458ee21472c7f6f270990bfe', 'team2_id': 'd17ce7a4192b52f8e1daf94c381c75f', 'date': '2025-01-21 17:04:33', 'data_complete': 'complete', 'url': None, 'league': 'LVP SL', 'year': '2025', 'split': 'Winter', 'playoffs': False, 'game_in_series': 1, 'patch': '15.01'}
{'game_id': 'LOLTMNT03_188451', 'team1_id': '746e6715fc4295c54954be5efc385af', 'team2_id': '2d1b8a518ba70fe8352fb0fdd8aec1a', 'date': '2025-01-21 18:51:54', 'data_complete': 'complete', 'url': None, 'league': 'LVP SL', 'year': '2025', 'split': 'Winter', 'playoffs': False, 'game_in_series': 1, 'patch': '15.01'}
{'game_id': 'LOLTMNT03_188641', 'team1_id': '2a247555001e6364757f171f158f997', 'team2_id': '5c2e7e9ea8dfcba0150d9a5619baecf', 'date': '2025-01-22 08:04:43', 'data_complete': 'complete', 'url': None, 'league': 'LCK', 'year': '2025', 'split': 'Cup', 'playoffs': False, 'game_in_series': 1, 'patch': '15.01'}
{'game_id': 'LOLTMNT03_188645', 'team1_id': '5c2e7e9ea8dfcba0150d9a5619baecf', 'team2_id': '2a247555001e6364757f171f158f997', 'date': '2025-01-22 08:55:05', 'data_complete': 'complete', 'url': None, 'league': 'LCK', 'year': '2025', 'split': 'Cup', 'playoffs': False, 'game_in_series': 2, 'patch': '15.01'}
{'game_id': 'LOLTMNT03_188655', 'team1_id': '2a247555001e6364757f171f158f997', 'team2_id': '5c2e7e9ea8dfcba0150d9a5619baecf', 'date': '2025-01-22 09:48:21', 'data_complete': 'complete', 'url': None, 'league': 'LCK', 'year': '2025', 'split': 'Cup', 'playoffs': False, 'game_in_series': 3, 'patch': '15.01'}
{'game_id': 'LOLTMNT03_188679', 'team1_id': 'b05347770d44de27f5e7a25c8cfcbb2', 'team2_id': '101f8589e58c724c1dcd5a9c1555277', 'date': '2025-01-22 11:00:14', 'data_complete': 'complete', 'url': None, 'league': 'LCK', 'year': '2025', 'split': 'Cup', 'playoffs': False, 'game_in_series': 1, 'patch': '15.01'}
{'game_id': 'LOLTMNT03_188722', 'team1_id': 'b05347770d44de27f5e7a25c8cfcbb2', 'team2_id': '101f8589e58c724c1dcd5a9c1555277', 'date': '2025-01-22 12:46:42', 'data_complete': 'complete', 'url': None, 'league': 'LCK', 'year': '2025', 'split': 'Cup', 'playoffs': False, 'game_in_series': 3, 'patch': '15.01'}
{'game_id': 'LOLTMNT03_188815', 'team1_id': '9cb395c39a75579af94c93876a42e9b', 'team2_id': '91c35185025768de7d8aa448933f56c', 'date': '2025-01-22 17:06:05', 'data_complete': 'complete', 'url': None, 'league': 'LVP SL', 'year': '2025', 'split': 'Winter', 'playoffs': False, 'game_in_series': 1, 'patch': '15.01'}
{'game_id': 'LOLTMNT03_188828', 'team1_id': '2d1b8a518ba70fe8352fb0fdd8aec1a', 'team2_id': 'bae5c5b458ee21472c7f6f270990bfe', 'date': '2025-01-22 17:58:31', 'data_complete': 'complete', 'url': None, 'league': 'LVP SL', 'year': '2025', 'split': 'Winter', 'playoffs': False, 'game_in_series': 1, 'patch': '15.01'}
{'game_id': 'LOLTMNT03_188838', 'team1_id': '86dbb7cea91eaf08738bdc93a8442ce', 'team2_id': '50c26816bdd3bb2a02def8e11a5cd5a', 'date': '2025-01-22 18:47:16', 'data_complete': 'complete', 'url': None, 'league': 'LVP SL', 'year': '2025', 'split': 'Winter', 'playoffs': False, 'game_in_series': 1, 'patch': '15.01'}
{'game_id': 'LOLTMNT03_188850', 'team1_id': '1027c6e0b1984a79fdd7be04072b547', 'team2_id': '746e6715fc4295c54954be5efc385af', 'date': '2025-01-22 19:28:16', 'data_complete': 'complete', 'url': None, 'league': 'LVP SL', 'year': '2025', 'split': 'Winter', 'playoffs': False, 'game_in_series': 1, 'patch': '15.01'}
{'game_id': 'LOLTMNT03_188860', 'team1_id': 'a1934e3feca7db728021f9c61a6bc27', 'team2_id': '980ab072663574c2e4fca71f275d302', 'date': '2025-01-22 20:16:45', 'data_complete': 'complete', 'url': None, 'league': 'PRM', 'year': '2025', 'split': 'Winter', 'playoffs': False, 'game_in_series': 1, 'patch': '15.01'}
{'game_id': 'LOLTMNT03_188862', 'team1_id': 'd17ce7a4192b52f8e1daf94c381c75f', 'team2_id': '374ab80ad8c28c38cd170e188e4aca8', 'date': '2025-01-22 20:21:55', 'data_complete': 'complete', 'url': None, 'league': 'LVP SL', 'year': '2025', 'split': 'Winter', 'playoffs': False, 'game_in_series': 1, 'patch': '15.01'}
{'game_id': 'LOLTMNT03_188863', 'team1_id': '980ab072663574c2e4fca71f275d302', 'team2_id': 'a1934e3feca7db728021f9c61a6bc27', 'date': '2025-01-22 21:06:55', 'data_complete': 'complete', 'url': None, 'league': 'PRM', 'year': '2025', 'split': 'Winter', 'playoffs': False, 'game_in_series': 2, 'patch': '15.01'}
{'game_id': 'LOLTMNT03_188864', 'team1_id': 'a1934e3feca7db728021f9c61a6bc27', 'team2_id': '980ab072663574c2e4fca71f275d302', 'date': '2025-01-22 21:58:38', 'data_complete': 'complete', 'url': None, 'league': 'PRM', 'year': '2025', 'split': 'Winter', 'playoffs': False, 'game_in_series': 3, 'patch': '15.01'}
{'game_id': 'LOLTMNT03_188931', 'team1_id': '20edec57649c30e1ed81e4b42634ac1', 'team2_id': '7c64febcd5ccff13dcd035dc6867a00', 'date': '2025-01-23 05:08:11', 'data_complete': 'complete', 'url': None, 'league': 'LCKC', 'year': '2025', 'split': 'Kickoff', 'playoffs': False, 'game_in_series': 1, 'patch': '15.01'}
{'game_id': 'LOLTMNT03_188945', 'team1_id': '7c64febcd5ccff13dcd035dc6867a00', 'team2_id': '20edec57649c30e1ed81e4b42634ac1', 'date': '2025-01-23 05:58:37', 'data_complete': 'complete', 'url': None, 'league': 'LCKC', 'year': '2025', 'split': 'Kickoff', 'playoffs': False, 'game_in_series': 2, 'patch': '15.01'}
{'game_id': 'LOLTMNT03_188947', 'team1_id': '731b7a9fd004cdbe2bcb3da795bce47', 'team2_id': '2d26f8190f9d5cd2e0cb2232d9b7481', 'date': '2025-01-23 06:01:05', 'data_complete': 'complete', 'url': None, 'league': 'LCKC', 'year': '2025', 'split': 'Kickoff', 'playoffs': False, 'game_in_series': 2, 'patch': '15.01'}
{'game_id': 'LOLTMNT03_189101', 'team1_id': '55b3d6b2c940afa4e24978c55dfea27', 'team2_id': '2a5e5fceaa40b335ebc6b49359abf62', 'date': '2025-01-21 08:06:48', 'data_complete': 'complete', 'url': None, 'league': 'LCKC', 'year': '2025', 'split': 'Kickoff', 'playoffs': False, 'game_in_series': 1, 'patch': '15.01'}
{'game_id': 'LOLTMNT03_189120', 'team1_id': '731b7a9fd004cdbe2bcb3da795bce47', 'team2_id': '7c64febcd5ccff13dcd035dc6867a00', 'date': '2025-01-21 10:33:14', 'data_complete': 'complete', 'url': None, 'league': 'LCKC', 'year': '2025', 'split': 'Kickoff', 'playoffs': False, 'game_in_series': 1, 'patch': '15.01'}
{'game_id': 'LOLTMNT03_189138', 'team1_id': '7c64febcd5ccff13dcd035dc6867a00', 'team2_id': '731b7a9fd004cdbe2bcb3da795bce47', 'date': '2025-01-21 11:30:17', 'data_complete': 'complete', 'url': None, 'league': 'LCKC', 'year': '2025', 'split': 'Kickoff', 'playoffs': False, 'game_in_series': 2, 'patch': '15.01'}
{'game_id': 'LOLTMNT03_189278', 'team1_id': '50c26816bdd3bb2a02def8e11a5cd5a', 'team2_id': '374ab80ad8c28c38cd170e188e4aca8', 'date': '2025-01-21 18:02:29', 'data_complete': 'complete', 'url': None, 'league': 'LVP SL', 'year': '2025', 'split': 'Winter', 'playoffs': False, 'game_in_series': 1, 'patch': '15.01'}
{'game_id': 'LOLTMNT03_189330', 'team1_id': '86dbb7cea91eaf08738bdc93a8442ce', 'team2_id': '9cb395c39a75579af94c93876a42e9b', 'date': '2025-01-21 19:57:16', 'data_complete': 'complete', 'url': None, 'league': 'LVP SL', 'year': '2025', 'split': 'Winter', 'playoffs': False, 'game_in_series': 1, 'patch': '15.01'}
{'game_id': 'LOLTMNT03_189341', 'team1_id': '1027c6e0b1984a79fdd7be04072b547', 'team2_id': '91c35185025768de7d8aa448933f56c', 'date': '2025-01-21 20:55:24', 'data_complete': 'complete', 'url': None, 'league': 'LVP SL', 'year': '2025', 'split': 'Winter', 'playoffs': False, 'game_in_series': 1, 'patch': '15.01'}
{'game_id': 'LOLTMNT03_189517', 'team1_id': '101f8589e58c724c1dcd5a9c1555277', 'team2_id': 'b05347770d44de27f5e7a25c8cfcbb2', 'date': '2025-01-22 11:54:37', 'data_complete': 'complete', 'url': None, 'league': 'LCK', 'year': '2025', 'split': 'Cup', 'playoffs': False, 'game_in_series': 2, 'patch': '15.01'}
{'game_id': 'LOLTMNT03_189728', 'team1_id': '731b7a9fd004cdbe2bcb3da795bce47', 'team2_id': '2d26f8190f9d5cd2e0cb2232d9b7481', 'date': '2025-01-23 05:08:39', 'data_complete': 'complete', 'url': None, 'league': 'LCKC', 'year': '2025', 'split': 'Kickoff', 'playoffs': False, 'game_in_series': 1, 'patch': '15.01'}
{'game_id': 'LOLTMNT03_189734', 'team1_id': '4c9dd0212552afe76315b616b7891f5', 'team2_id': 'b9733b8e8aa341319bbaf1035198a28', 'date': '2025-01-23 05:08:16', 'data_complete': 'complete', 'url': None, 'league': 'LCKC', 'year': '2025', 'split': 'Kickoff', 'playoffs': False, 'game_in_series': 1, 'patch': '15.01'}
{'game_id': 'LOLTMNT03_189744', 'team1_id': '4c9dd0212552afe76315b616b7891f5', 'team2_id': 'b9733b8e8aa341319bbaf1035198a28', 'date': '2025-01-23 06:02:52', 'data_complete': 'complete', 'url': None, 'league': 'LCKC', 'year': '2025', 'split': 'Kickoff', 'playoffs': False, 'game_in_series': 2, 'patch': '15.01'}
{'game_id': 'LOLTMNT03_189753', 'team1_id': '2d26f8190f9d5cd2e0cb2232d9b7481', 'team2_id': '731b7a9fd004cdbe2bcb3da795bce47', 'date': '2025-01-23 06:48:12', 'data_complete': 'complete', 'url': None, 'league': 'LCKC', 'year': '2025', 'split': 'Kickoff', 'playoffs': False, 'game_in_series': 3, 'patch': '15.01'}
{'game_id': 'LOLTMNT03_189773', 'team1_id': '66eccb6faca7fd5e3cdf4ccf903385c', 'team2_id': '50f58982d91a36557ec8aec52ab014f', 'date': '2025-01-23 08:04:06', 'data_complete': 'complete', 'url': None, 'league': 'LCK', 'year': '2025', 'split': 'Cup', 'playoffs': False, 'game_in_series': 1, 'patch': '15.01'}
{'game_id': 'LOLTMNT03_189783', 'team1_id': '50f58982d91a36557ec8aec52ab014f', 'team2_id': '66eccb6faca7fd5e3cdf4ccf903385c', 'date': '2025-01-23 09:12:50', 'data_complete': 'complete', 'url': None, 'league': 'LCK', 'year': '2025', 'split': 'Cup', 'playoffs': False, 'game_in_series': 2, 'patch': '15.01'}
{'game_id': 'LOLTMNT03_189909', 'team1_id': '746e6715fc4295c54954be5efc385af', 'team2_id': 'bae5c5b458ee21472c7f6f270990bfe', 'date': '2025-01-23 17:05:50', 'data_complete': 'complete', 'url': None, 'league': 'LVP SL', 'year': '2025', 'split': 'Winter', 'playoffs': False, 'game_in_series': 1, 'patch': '15.01'}
{'game_id': 'LOLTMNT03_189919', 'team1_id': '50c26816bdd3bb2a02def8e11a5cd5a', 'team2_id': '91c35185025768de7d8aa448933f56c', 'date': '2025-01-23 18:02:24', 'data_complete': 'complete', 'url': None, 'league': 'LVP SL', 'year': '2025', 'split': 'Winter', 'playoffs': False, 'game_in_series': 1, 'patch': '15.01'}
{'game_id': 'LOLTMNT03_189945', 'team1_id': 'c5819326ccf3b14446406bd7ac066c3', 'team2_id': '3ab1da3e7d4f6beb00abafe38746ebd', 'date': '2025-01-23 20:51:50', 'data_complete': 'complete', 'url': None, 'league': 'HW', 'year': '2025', 'split': None, 'playoffs': False, 'game_in_series': 3, 'patch': '15.01'}
{'game_id': 'LOLTMNT03_189997', 'team1_id': '2a5e5fceaa40b335ebc6b49359abf62', 'team2_id': '9ae84c5a47d011e5bac67ed9c901bfc', 'date': '2025-01-24 06:59:29', 'data_complete': 'complete', 'url': None, 'league': 'LCKC', 'year': '2025', 'split': 'Kickoff', 'playoffs': False, 'game_in_series': 3, 'patch': '15.01'}
{'game_id': 'LOLTMNT03_190012', 'team1_id': '3a1d18f46bcb3716ebcfcf4ef068934', 'team2_id': '5cd2cd09ec94296f605dd13a2924d6c', 'date': '2025-01-23 10:34:33', 'data_complete': 'complete', 'url': None, 'league': 'LCK', 'year': '2025', 'split': 'Cup', 'playoffs': False, 'game_in_series': 1, 'patch': '15.01'}
{'game_id': 'LOLTMNT03_190023', 'team1_id': '5cd2cd09ec94296f605dd13a2924d6c', 'team2_id': '3a1d18f46bcb3716ebcfcf4ef068934', 'date': '2025-01-23 11:32:01', 'data_complete': 'complete', 'url': None, 'league': 'LCK', 'year': '2025', 'split': 'Cup', 'playoffs': False, 'game_in_series': 2, 'patch': '15.01'}
{'game_id': 'LOLTMNT03_190141', 'team1_id': 'c5819326ccf3b14446406bd7ac066c3', 'team2_id': '3ab1da3e7d4f6beb00abafe38746ebd', 'date': '2025-01-23 18:52:21', 'data_complete': 'complete', 'url': None, 'league': 'HW', 'year': '2025', 'split': None, 'playoffs': False, 'game_in_series': 1, 'patch': '15.01'}
{'game_id': 'LOLTMNT03_190143', 'team1_id': '86dbb7cea91eaf08738bdc93a8442ce', 'team2_id': 'd17ce7a4192b52f8e1daf94c381c75f', 'date': '2025-01-23 18:54:52', 'data_complete': 'complete', 'url': None, 'league': 'LVP SL', 'year': '2025', 'split': 'Winter', 'playoffs': False, 'game_in_series': 1, 'patch': '15.01'}
{'game_id': 'LOLTMNT03_190157', 'team1_id': '3ab1da3e7d4f6beb00abafe38746ebd', 'team2_id': 'c5819326ccf3b14446406bd7ac066c3', 'date': '2025-01-23 19:45:24', 'data_complete': 'complete', 'url': None, 'league': 'HW', 'year': '2025', 'split': None, 'playoffs': False, 'game_in_series': 2, 'patch': '15.01'}
{'game_id': 'LOLTMNT03_190159', 'team1_id': '374ab80ad8c28c38cd170e188e4aca8', 'team2_id': '2d1b8a518ba70fe8352fb0fdd8aec1a', 'date': '2025-01-23 20:05:30', 'data_complete': 'complete', 'url': None, 'league': 'LVP SL', 'year': '2025', 'split': 'Winter', 'playoffs': False, 'game_in_series': 1, 'patch': '15.01'}
{'game_id': 'LOLTMNT03_190194', 'team1_id': '2a5e5fceaa40b335ebc6b49359abf62', 'team2_id': '9ae84c5a47d011e5bac67ed9c901bfc', 'date': '2025-01-24 05:07:58', 'data_complete': 'complete', 'url': None, 'league': 'LCKC', 'year': '2025', 'split': 'Kickoff', 'playoffs': False, 'game_in_series': 1, 'patch': '15.01'}
{'game_id': 'LOLTMNT03_190195', 'team1_id': '5d069a5aeb88f79b4b92dfa2b9f2a3c', 'team2_id': '55b3d6b2c940afa4e24978c55dfea27', 'date': '2025-01-24 05:04:57', 'data_complete': 'complete', 'url': None, 'league': 'LCKC', 'year': '2025', 'split': 'Kickoff', 'playoffs': False, 'game_in_series': 1, 'patch': '15.01'}
{'game_id': 'LOLTMNT03_190201', 'team1_id': '5d069a5aeb88f79b4b92dfa2b9f2a3c', 'team2_id': '55b3d6b2c940afa4e24978c55dfea27', 'date': '2025-01-24 05:55:58', 'data_complete': 'complete', 'url': None, 'league': 'LCKC', 'year': '2025', 'split': 'Kickoff', 'playoffs': False, 'game_in_series': 2, 'patch': '15.01'}
{'game_id': 'LOLTMNT03_190204', 'team1_id': '9ae84c5a47d011e5bac67ed9c901bfc', 'team2_id': '2a5e5fceaa40b335ebc6b49359abf62', 'date': '2025-01-24 06:03:42', 'data_complete': 'complete', 'url': None, 'league': 'LCKC', 'year': '2025', 'split': 'Kickoff', 'playoffs': False, 'game_in_series': 2, 'patch': '15.01'}
{'game_id': 'LOLTMNT03_190264', 'team1_id': 'ce499dea30cfce118f4fe85da0227e8', 'team2_id': 'd723992568441c6bafa2658129eade7', 'date': '2025-01-24 11:12:47', 'data_complete': 'complete', 'url': None, 'league': 'LCK', 'year': '2025', 'split': 'Cup', 'playoffs': False, 'game_in_series': 1, 'patch': '15.01'}
{'game_id': 'LOLTMNT03_190272', 'team1_id': 'e435aa3ecb82a89e60544f5f5857a81', 'team2_id': '692bccdba8ec7050f5aeb916815439e', 'date': '2025-01-24 11:40:03', 'data_complete': 'complete', 'url': None, 'league': 'LCP', 'year': '2025', 'split': 'Split 1', 'playoffs': False, 'game_in_series': 2, 'patch': '15.01'}
{'game_id': 'LOLTMNT03_190416', 'team1_id': '2a247555001e6364757f171f158f997', 'team2_id': '3a1d18f46bcb3716ebcfcf4ef068934', 'date': '2025-01-25 07:59:38', 'data_complete': 'complete', 'url': None, 'league': 'LCK', 'year': '2025', 'split': 'Cup', 'playoffs': False, 'game_in_series': 3, 'patch': '15.01'}
{'game_id': 'LOLTMNT03_190434', 'team1_id': '50f58982d91a36557ec8aec52ab014f', 'team2_id': 'b05347770d44de27f5e7a25c8cfcbb2', 'date': '2025-01-25 09:24:12', 'data_complete': 'complete', 'url': None, 'league': 'LCK', 'year': '2025', 'split': 'Cup', 'playoffs': False, 'game_in_series': 1, 'patch': '15.01'}
{'game_id': 'LOLTMNT03_190436', 'team1_id': 'b05347770d44de27f5e7a25c8cfcbb2', 'team2_id': '50f58982d91a36557ec8aec52ab014f', 'date': '2025-01-25 10:14:02', 'data_complete': 'complete', 'url': None, 'league': 'LCK', 'year': '2025', 'split': 'Cup', 'playoffs': False, 'game_in_series': 2, 'patch': '15.01'}
{'game_id': 'LOLTMNT03_190508', 'team1_id': '66eccb6faca7fd5e3cdf4ccf903385c', 'team2_id': 'd723992568441c6bafa2658129eade7', 'date': '2025-01-26 09:36:41', 'data_complete': 'complete', 'url': None, 'league': 'LCK', 'year': '2025', 'split': 'Cup', 'playoffs': False, 'game_in_series': 2, 'patch': '15.01'}
{'game_id': 'LOLTMNT03_191023', 'team1_id': '101f8589e58c724c1dcd5a9c1555277', 'team2_id': '5c2e7e9ea8dfcba0150d9a5619baecf', 'date': '2025-01-24 08:05:35', 'data_complete': 'complete', 'url': None, 'league': 'LCK', 'year': '2025', 'split': 'Cup', 'playoffs': False, 'game_in_series': 1, 'patch': '15.01'}
{'game_id': 'LOLTMNT03_191028', 'team1_id': '5c2e7e9ea8dfcba0150d9a5619baecf', 'team2_id': '101f8589e58c724c1dcd5a9c1555277', 'date': '2025-01-24 08:59:16', 'data_complete': 'complete', 'url': None, 'league': 'LCK', 'year': '2025', 'split': 'Cup', 'playoffs': False, 'game_in_series': 2, 'patch': '15.01'}
{'game_id': 'LOLTMNT03_191030', 'team1_id': '101f8589e58c724c1dcd5a9c1555277', 'team2_id': '5c2e7e9ea8dfcba0150d9a5619baecf', 'date': '2025-01-24 09:49:42', 'data_complete': 'complete', 'url': None, 'league': 'LCK', 'year': '2025', 'split': 'Cup', 'playoffs': False, 'game_in_series': 3, 'patch': '15.01'}
{'game_id': 'LOLTMNT03_191042', 'team1_id': '692bccdba8ec7050f5aeb916815439e', 'team2_id': 'e435aa3ecb82a89e60544f5f5857a81', 'date': '2025-01-24 10:32:10', 'data_complete': 'complete', 'url': None, 'league': 'LCP', 'year': '2025', 'split': 'Split 1', 'playoffs': False, 'game_in_series': 1, 'patch': '15.01'}
{'game_id': 'LOLTMNT03_191065', 'team1_id': 'd723992568441c6bafa2658129eade7', 'team2_id': 'ce499dea30cfce118f4fe85da0227e8', 'date': '2025-01-24 12:03:15', 'data_complete': 'complete', 'url': None, 'league': 'LCK', 'year': '2025', 'split': 'Cup', 'playoffs': False, 'game_in_series': 2, 'patch': '15.01'}
{'game_id': 'LOLTMNT03_191076', 'team1_id': '692bccdba8ec7050f5aeb916815439e', 'team2_id': 'e435aa3ecb82a89e60544f5f5857a81', 'date': '2025-01-24 12:35:25', 'data_complete': 'complete', 'url': None, 'league': 'LCP', 'year': '2025', 'split': 'Split 1', 'playoffs': False, 'game_in_series': 3, 'patch': '15.01'}
{'game_id': 'LOLTMNT03_191077', 'team1_id': 'ce499dea30cfce118f4fe85da0227e8', 'team2_id': 'd723992568441c6bafa2658129eade7', 'date': '2025-01-24 13:04:39', 'data_complete': 'complete', 'url': None, 'league': 'LCK', 'year': '2025', 'split': 'Cup', 'playoffs': False, 'game_in_series': 3, 'patch': '15.01'}
{'game_id': 'LOLTMNT03_191114', 'team1_id': '6c41c4480bff43bc71e870013760b38', 'team2_id': '740de582f50775c516c77ed7b923fd5', 'date': '2025-01-24 14:06:41', 'data_complete': 'complete', 'url': None, 'league': 'LCP', 'year': '2025', 'split': 'Split 1', 'playoffs': False, 'game_in_series': 1, 'patch': '15.01'}
{'game_id': 'LOLTMNT03_191124', 'team1_id': '740de582f50775c516c77ed7b923fd5', 'team2_id': '6c41c4480bff43bc71e870013760b38', 'date': '2025-01-24 15:09:48', 'data_complete': 'complete', 'url': None, 'league': 'LCP', 'year': '2025', 'split': 'Split 1', 'playoffs': False, 'game_in_series': 2, 'patch': '15.01'}
{'game_id': 'LOLTMNT03_191178', 'team1_id': '3a1d18f46bcb3716ebcfcf4ef068934', 'team2_id': '2a247555001e6364757f171f158f997', 'date': '2025-01-25 06:06:39', 'data_complete': 'complete', 'url': None, 'league': 'LCK', 'year': '2025', 'split': 'Cup', 'playoffs': False, 'game_in_series': 1, 'patch': '15.01'}
{'game_id': 'LOLTMNT03_191179', 'team1_id': '3a1d18f46bcb3716ebcfcf4ef068934', 'team2_id': '2a247555001e6364757f171f158f997', 'date': '2025-01-25 07:00:00', 'data_complete': 'complete', 'url': None, 'league': 'LCK', 'year': '2025', 'split': 'Cup', 'playoffs': False, 'game_in_series': 2, 'patch': '15.01'}
{'game_id': 'LOLTMNT03_191289', 'team1_id': 'ce499dea30cfce118f4fe85da0227e8', 'team2_id': '5cd2cd09ec94296f605dd13a2924d6c', 'date': '2025-01-26 06:04:20', 'data_complete': 'complete', 'url': None, 'league': 'LCK', 'year': '2025', 'split': 'Cup', 'playoffs': False, 'game_in_series': 1, 'patch': '15.01'}
{'game_id': 'LOLTMNT03_191291', 'team1_id': '5cd2cd09ec94296f605dd13a2924d6c', 'team2_id': 'ce499dea30cfce118f4fe85da0227e8', 'date': '2025-01-26 06:58:03', 'data_complete': 'complete', 'url': None, 'league': 'LCK', 'year': '2025', 'split': 'Cup', 'playoffs': False, 'game_in_series': 2, 'patch': '15.01'}
{'game_id': 'LOLTMNT03_191298', 'team1_id': 'd723992568441c6bafa2658129eade7', 'team2_id': '66eccb6faca7fd5e3cdf4ccf903385c', 'date': '2025-01-26 08:34:53', 'data_complete': 'complete', 'url': None, 'league': 'LCK', 'year': '2025', 'split': 'Cup', 'playoffs': False, 'game_in_series': 1, 'patch': '15.01'}
{'game_id': 'LOLTMNT04_92110', 'team1_id': 'cd62e47544f14f1d239afa659b9d243', 'team2_id': '78f183fa5a7d8ecb22b9ad272c3abd7', 'date': '2025-01-25 17:08:30', 'data_complete': 'complete', 'url': None, 'league': 'LEC', 'year': '2025', 'split': 'Winter', 'playoffs': False, 'game_in_series': 1, 'patch': '15.02'}
{'game_id': 'LOLTMNT04_92114', 'team1_id': '7338408a0fe0217451d2c9a567db999', 'team2_id': '1285e1c04d54de96502f12da4d49458', 'date': '2025-01-25 18:08:27', 'data_complete': 'complete', 'url': None, 'league': 'LEC', 'year': '2025', 'split': 'Winter', 'playoffs': False, 'game_in_series': 1, 'patch': '15.02'}
{'game_id': 'LOLTMNT04_92126', 'team1_id': '6cd05f0ac20bfb965a59dc8bcc4f184', 'team2_id': '4acc40654379b4da680be1bd3129dfa', 'date': '2025-01-25 19:08:52', 'data_complete': 'complete', 'url': None, 'league': 'LEC', 'year': '2025', 'split': 'Winter', 'playoffs': False, 'game_in_series': 1, 'patch': '15.02'}
{'game_id': 'LOLTMNT04_92133', 'team1_id': 'e8d8ae992fe72acb7adc7bfcee31dbb', 'team2_id': '7d6673d3a9d00363c6bebc1a630da6e', 'date': '2025-01-25 20:07:47', 'data_complete': 'complete', 'url': None, 'league': 'LEC', 'year': '2025', 'split': 'Winter', 'playoffs': False, 'game_in_series': 1, 'patch': '15.02'}
{'game_id': 'LOLTMNT04_92142', 'team1_id': 'f3aa9bbd924ce3af42ac53f8326bc7c', 'team2_id': '75760dca486d4682426196b76bd1a54', 'date': '2025-01-25 21:14:10', 'data_complete': 'complete', 'url': None, 'league': 'LEC', 'year': '2025', 'split': 'Winter', 'playoffs': False, 'game_in_series': 1, 'patch': '15.02'}
{'game_id': 'LOLTMNT04_92193', 'team1_id': '6cd05f0ac20bfb965a59dc8bcc4f184', 'team2_id': '1285e1c04d54de96502f12da4d49458', 'date': '2025-01-26 17:07:00', 'data_complete': 'complete', 'url': None, 'league': 'LEC', 'year': '2025', 'split': 'Winter', 'playoffs': False, 'game_in_series': 1, 'patch': '15.02'}
{'game_id': 'LOLTMNT04_92211', 'team1_id': 'f3aa9bbd924ce3af42ac53f8326bc7c', 'team2_id': 'cd62e47544f14f1d239afa659b9d243', 'date': '2025-01-26 19:52:31', 'data_complete': 'complete', 'url': None, 'league': 'LEC', 'year': '2025', 'split': 'Winter', 'playoffs': False, 'game_in_series': 1, 'patch': '15.02'}
{'game_id': 'LOLTMNT04_92219', 'team1_id': '7338408a0fe0217451d2c9a567db999', 'team2_id': '4acc40654379b4da680be1bd3129dfa', 'date': '2025-01-26 20:38:09', 'data_complete': 'complete', 'url': None, 'league': 'LEC', 'year': '2025', 'split': 'Winter', 'playoffs': False, 'game_in_series': 1, 'patch': '15.02'}
{'game_id': 'LOLTMNT04_92277', 'team1_id': 'e8d8ae992fe72acb7adc7bfcee31dbb', 'team2_id': 'cd62e47544f14f1d239afa659b9d243', 'date': '2025-01-27 17:07:16', 'data_complete': 'complete', 'url': None, 'league': 'LEC', 'year': '2025', 'split': 'Winter', 'playoffs': False, 'game_in_series': 1, 'patch': '15.02'}
{'game_id': 'LOLTMNT04_92372', 'team1_id': '48199c3e87ac9d14cdf50169f8eaabc', 'team2_id': '0410783728358f6e711de31a6f1e8f9', 'date': '2025-01-28 19:05:06', 'data_complete': 'complete', 'url': None, 'league': 'PRM', 'year': '2025', 'split': 'Winter', 'playoffs': False, 'game_in_series': 3, 'patch': '15.02'}
{'game_id': 'LOLTMNT04_92376', 'team1_id': '26ff1a9f7fb8e976fbdcc5d2a8ac397', 'team2_id': '3de935df8f40fbb4d0e564d4a20e6cb', 'date': '2025-01-28 20:01:36', 'data_complete': 'complete', 'url': None, 'league': 'PRM', 'year': '2025', 'split': 'Winter', 'playoffs': False, 'game_in_series': 1, 'patch': '15.02'}
{'game_id': 'LOLTMNT04_92378', 'team1_id': '3de935df8f40fbb4d0e564d4a20e6cb', 'team2_id': '26ff1a9f7fb8e976fbdcc5d2a8ac397', 'date': '2025-01-28 20:57:38', 'data_complete': 'complete', 'url': None, 'league': 'PRM', 'year': '2025', 'split': 'Winter', 'playoffs': False, 'game_in_series': 2, 'patch': '15.02'}
{'game_id': 'LOLTMNT04_92393', 'team1_id': '070a0f7f26241f1269bfa3e8f787920', 'team2_id': '257377cff6d20cc978872f83d3da049', 'date': '2025-01-29 14:30:31', 'data_complete': 'complete', 'url': None, 'league': 'TCL', 'year': '2025', 'split': 'Winter', 'playoffs': False, 'game_in_series': 1, 'patch': '15.02'}
{'game_id': 'LOLTMNT04_92400', 'team1_id': '4f19751f9f051533995772897da2d77', 'team2_id': '33ef9e523e6474ddd4833d4ad1bc8d7', 'date': '2025-01-29 15:30:43', 'data_complete': 'complete', 'url': None, 'league': 'TCL', 'year': '2025', 'split': 'Winter', 'playoffs': False, 'game_in_series': 1, 'patch': '15.02'}
{'game_id': 'LOLTMNT04_92412', 'team1_id': 'e46f2dda10740009ffb0c01498dc5ce', 'team2_id': 'e6423e34fc74500296fbaa43fac025d', 'date': '2025-01-29 17:08:34', 'data_complete': 'complete', 'url': None, 'league': 'PRM', 'year': '2025', 'split': 'Winter', 'playoffs': False, 'game_in_series': 1, 'patch': '15.02'}
{'game_id': 'LOLTMNT04_92414', 'team1_id': '2d096df29ab7e32950c86e0d72fc986', 'team2_id': '147e28c0910250269fbc430f9f42010', 'date': '2025-01-29 17:08:33', 'data_complete': 'complete', 'url': None, 'league': 'NLC', 'year': '2025', 'split': 'Winter', 'playoffs': False, 'game_in_series': 1, 'patch': '15.02'}
{'game_id': 'LOLTMNT04_92422', 'team1_id': '2d096df29ab7e32950c86e0d72fc986', 'team2_id': '147e28c0910250269fbc430f9f42010', 'date': '2025-01-29 17:57:08', 'data_complete': 'complete', 'url': None, 'league': 'NLC', 'year': '2025', 'split': 'Winter', 'playoffs': False, 'game_in_series': 2, 'patch': '15.02'}
{'game_id': 'LOLTMNT04_92426', 'team1_id': 'e6423e34fc74500296fbaa43fac025d', 'team2_id': 'e46f2dda10740009ffb0c01498dc5ce', 'date': '2025-01-29 18:09:05', 'data_complete': 'complete', 'url': None, 'league': 'PRM', 'year': '2025', 'split': 'Winter', 'playoffs': False, 'game_in_series': 2, 'patch': '15.02'}
{'game_id': 'LOLTMNT04_92436', 'team1_id': 'a5db7fc71cdcb604a98e6ae9c505b0d', 'team2_id': '980ab072663574c2e4fca71f275d302', 'date': '2025-01-29 19:50:43', 'data_complete': 'complete', 'url': None, 'league': 'PRM', 'year': '2025', 'split': 'Winter', 'playoffs': False, 'game_in_series': 1, 'patch': '15.02'}
{'game_id': 'LOLTMNT04_92437', 'team1_id': 'a5db7fc71cdcb604a98e6ae9c505b0d', 'team2_id': '980ab072663574c2e4fca71f275d302', 'date': '2025-01-29 20:40:25', 'data_complete': 'complete', 'url': None, 'league': 'PRM', 'year': '2025', 'split': 'Winter', 'playoffs': False, 'game_in_series': 2, 'patch': '15.02'}
{'game_id': 'LOLTMNT04_92438', 'team1_id': '8891a0acf315ddb592027260300032f', 'team2_id': '4ccccd4b7c3dba7d799d52c4b78634d', 'date': '2025-01-29 20:49:44', 'data_complete': 'complete', 'url': None, 'league': 'NLC', 'year': '2025', 'split': 'Winter', 'playoffs': False, 'game_in_series': 3, 'patch': '15.02'}
{'game_id': 'LOLTMNT04_92439', 'team1_id': '980ab072663574c2e4fca71f275d302', 'team2_id': 'a5db7fc71cdcb604a98e6ae9c505b0d', 'date': '2025-01-29 21:35:35', 'data_complete': 'complete', 'url': None, 'league': 'PRM', 'year': '2025', 'split': 'Winter', 'playoffs': False, 'game_in_series': 3, 'patch': '15.02'}
{'game_id': 'LOLTMNT04_92470', 'team1_id': '196ea640b81c54e20e32b6294ab9769', 'team2_id': '4f19751f9f051533995772897da2d77', 'date': '2025-01-30 15:28:27', 'data_complete': 'complete', 'url': None, 'league': 'TCL', 'year': '2025', 'split': 'Winter', 'playoffs': False, 'game_in_series': 1, 'patch': '15.02'}
{'game_id': 'LOLTMNT04_92483', 'team1_id': '33ef9e523e6474ddd4833d4ad1bc8d7', 'team2_id': '5203ff881d5c82c5f720eb3a2f3b44c', 'date': '2025-01-30 16:24:16', 'data_complete': 'complete', 'url': None, 'league': 'TCL', 'year': '2025', 'split': 'Winter', 'playoffs': False, 'game_in_series': 1, 'patch': '15.02'}
{'game_id': 'LOLTMNT04_92504', 'team1_id': '070a0f7f26241f1269bfa3e8f787920', 'team2_id': '331c852427c61f82050b618c2b442c4', 'date': '2025-01-30 17:25:13', 'data_complete': 'complete', 'url': None, 'league': 'TCL', 'year': '2025', 'split': 'Winter', 'playoffs': False, 'game_in_series': 1, 'patch': '15.02'}
{'game_id': 'LOLTMNT04_92505', 'team1_id': 'b33646d7b7b14dd6da17a88f6ddb592', 'team2_id': '2b20d0fcdb72f7b490eb1dc468136cf', 'date': '2025-01-30 17:28:13', 'data_complete': 'complete', 'url': None, 'league': 'NLC', 'year': '2025', 'split': 'Winter', 'playoffs': False, 'game_in_series': 1, 'patch': '15.02'}
{'game_id': 'LOLTMNT04_92510', 'team1_id': 'b33646d7b7b14dd6da17a88f6ddb592', 'team2_id': '2b20d0fcdb72f7b490eb1dc468136cf', 'date': '2025-01-30 18:33:35', 'data_complete': 'complete', 'url': None, 'league': 'NLC', 'year': '2025', 'split': 'Winter', 'playoffs': False, 'game_in_series': 2, 'patch': '15.02'}
{'game_id': 'LOLTMNT04_92514', 'team1_id': '6ef01b22224b92f917d70dd9f33568b', 'team2_id': 'db052729079b7bbe03274df413b2d1b', 'date': '2025-01-30 19:42:41', 'data_complete': 'complete', 'url': None, 'league': 'NLC', 'year': '2025', 'split': 'Winter', 'playoffs': False, 'game_in_series': 1, 'patch': '15.02'}
{'game_id': 'LOLTMNT04_92516', 'team1_id': 'db052729079b7bbe03274df413b2d1b', 'team2_id': '6ef01b22224b92f917d70dd9f33568b', 'date': '2025-01-30 20:49:15', 'data_complete': 'complete', 'url': None, 'league': 'NLC', 'year': '2025', 'split': 'Winter', 'playoffs': False, 'game_in_series': 2, 'patch': '15.02'}
{'game_id': 'LOLTMNT04_92566', 'team1_id': '105f13a20172b3dbd963c7738617873', 'team2_id': '070a0f7f26241f1269bfa3e8f787920', 'date': '2025-01-31 16:27:30', 'data_complete': 'complete', 'url': None, 'league': 'TCL', 'year': '2025', 'split': 'Winter', 'playoffs': False, 'game_in_series': 1, 'patch': '15.02'}
{'game_id': 'LOLTMNT04_92572', 'team1_id': '01d50b1de5bdc717131b31c64378a5b', 'team2_id': 'e7121adad88546bce0ff2cc41c2d343', 'date': '2025-01-31 17:03:45', 'data_complete': 'complete', 'url': None, 'league': 'LIT', 'year': '2025', 'split': 'Winter', 'playoffs': False, 'game_in_series': 1, 'patch': '15.02'}
{'game_id': 'LOLTMNT04_92589', 'team1_id': 'e7121adad88546bce0ff2cc41c2d343', 'team2_id': '01d50b1de5bdc717131b31c64378a5b', 'date': '2025-01-31 18:57:23', 'data_complete': 'complete', 'url': None, 'league': 'LIT', 'year': '2025', 'split': 'Winter', 'playoffs': False, 'game_in_series': 3, 'patch': '15.02'}
{'game_id': 'LOLTMNT04_92600', 'team1_id': '01d50b1de5bdc717131b31c64378a5b', 'team2_id': 'e7121adad88546bce0ff2cc41c2d343', 'date': '2025-01-31 19:39:17', 'data_complete': 'complete', 'url': None, 'league': 'LIT', 'year': '2025', 'split': 'Winter', 'playoffs': False, 'game_in_series': 4, 'patch': '15.02'}
{'game_id': 'LOLTMNT04_92679', 'team1_id': '6cd05f0ac20bfb965a59dc8bcc4f184', 'team2_id': '78f183fa5a7d8ecb22b9ad272c3abd7', 'date': '2025-02-01 17:56:54', 'data_complete': 'complete', 'url': None, 'league': 'LEC', 'year': '2025', 'split': 'Winter', 'playoffs': False, 'game_in_series': 1, 'patch': '15.02'}
{'game_id': 'LOLTMNT04_92696', 'team1_id': 'cd62e47544f14f1d239afa659b9d243', 'team2_id': '7d6673d3a9d00363c6bebc1a630da6e', 'date': '2025-02-01 18:52:30', 'data_complete': 'complete', 'url': None, 'league': 'LEC', 'year': '2025', 'split': 'Winter', 'playoffs': False, 'game_in_series': 1, 'patch': '15.02'}
{'game_id': 'LOLTMNT04_92709', 'team1_id': '1285e1c04d54de96502f12da4d49458', 'team2_id': '4acc40654379b4da680be1bd3129dfa', 'date': '2025-02-01 19:44:04', 'data_complete': 'complete', 'url': None, 'league': 'LEC', 'year': '2025', 'split': 'Winter', 'playoffs': False, 'game_in_series': 1, 'patch': '15.02'}
{'game_id': 'LOLTMNT04_92728', 'team1_id': 'e8d8ae992fe72acb7adc7bfcee31dbb', 'team2_id': 'f3aa9bbd924ce3af42ac53f8326bc7c', 'date': '2025-02-01 20:43:29', 'data_complete': 'complete', 'url': None, 'league': 'LEC', 'year': '2025', 'split': 'Winter', 'playoffs': False, 'game_in_series': 1, 'patch': '15.02'}
{'game_id': 'LOLTMNT04_92770', 'team1_id': '343268a42863e8fc2767e02e4042de8', 'team2_id': 'ad003d7f74930eeab29a6029c3b9f52', 'date': '2025-02-02 13:06:50', 'data_complete': 'complete', 'url': None, 'league': 'LFL2', 'year': '2025', 'split': 'Winter', 'playoffs': False, 'game_in_series': 1, 'patch': '15.02'}
{'game_id': 'LOLTMNT04_92772', 'team1_id': '71bd93fd1eab2c2f4ba60305ecabce2', 'team2_id': '2799e04c7212d3c262467ef25427eda', 'date': '2025-02-02 14:00:04', 'data_complete': 'complete', 'url': None, 'league': 'LFL2', 'year': '2025', 'split': 'Winter', 'playoffs': False, 'game_in_series': 1, 'patch': '15.02'}
{'game_id': 'LOLTMNT04_92827', 'team1_id': '78f183fa5a7d8ecb22b9ad272c3abd7', 'team2_id': 'f3aa9bbd924ce3af42ac53f8326bc7c', 'date': '2025-02-02 18:59:16', 'data_complete': 'complete', 'url': None, 'league': 'LEC', 'year': '2025', 'split': 'Winter', 'playoffs': False, 'game_in_series': 1, 'patch': '15.02'}
{'game_id': 'LOLTMNT04_92843', 'team1_id': '1285e1c04d54de96502f12da4d49458', 'team2_id': 'e8d8ae992fe72acb7adc7bfcee31dbb', 'date': '2025-02-02 19:46:21', 'data_complete': 'complete', 'url': None, 'league': 'LEC', 'year': '2025', 'split': 'Winter', 'playoffs': False, 'game_in_series': 1, 'patch': '15.02'}
{'game_id': 'LOLTMNT04_92941', 'team1_id': 'e8d8ae992fe72acb7adc7bfcee31dbb', 'team2_id': '6cd05f0ac20bfb965a59dc8bcc4f184', 'date': '2025-02-03 17:05:40', 'data_complete': 'complete', 'url': None, 'league': 'LEC', 'year': '2025', 'split': 'Winter', 'playoffs': False, 'game_in_series': 1, 'patch': '15.02'}
{'game_id': 'LOLTMNT04_92952', 'team1_id': '4acc40654379b4da680be1bd3129dfa', 'team2_id': 'cd62e47544f14f1d239afa659b9d243', 'date': '2025-02-03 17:55:39', 'data_complete': 'complete', 'url': None, 'league': 'LEC', 'year': '2025', 'split': 'Winter', 'playoffs': False, 'game_in_series': 1, 'patch': '15.02'}
{'game_id': 'LOLTMNT04_92975', 'team1_id': 'f3aa9bbd924ce3af42ac53f8326bc7c', 'team2_id': '7338408a0fe0217451d2c9a567db999', 'date': '2025-02-03 18:46:57', 'data_complete': 'complete', 'url': None, 'league': 'LEC', 'year': '2025', 'split': 'Winter', 'playoffs': False, 'game_in_series': 1, 'patch': '15.02'}
{'game_id': 'LOLTMNT04_92989', 'team1_id': '7d6673d3a9d00363c6bebc1a630da6e', 'team2_id': '1285e1c04d54de96502f12da4d49458', 'date': '2025-02-03 19:36:03', 'data_complete': 'complete', 'url': None, 'league': 'LEC', 'year': '2025', 'split': 'Winter', 'playoffs': False, 'game_in_series': 1, 'patch': '15.02'}
{'game_id': 'LOLTMNT04_93166', 'team1_id': '75760dca486d4682426196b76bd1a54', 'team2_id': 'e8d8ae992fe72acb7adc7bfcee31dbb', 'date': '2025-01-26 17:57:24', 'data_complete': 'complete', 'url': None, 'league': 'LEC', 'year': '2025', 'split': 'Winter', 'playoffs': False, 'game_in_series': 1, 'patch': '15.02'}
{'game_id': 'LOLTMNT04_93174', 'team1_id': '78f183fa5a7d8ecb22b9ad272c3abd7', 'team2_id': '7d6673d3a9d00363c6bebc1a630da6e', 'date': '2025-01-26 19:04:12', 'data_complete': 'complete', 'url': None, 'league': 'LEC', 'year': '2025', 'split': 'Winter', 'playoffs': False, 'game_in_series': 1, 'patch': '15.02'}
{'game_id': 'LOLTMNT04_93276', 'team1_id': '78f183fa5a7d8ecb22b9ad272c3abd7', 'team2_id': '7338408a0fe0217451d2c9a567db999', 'date': '2025-01-27 18:02:18', 'data_complete': 'complete', 'url': None, 'league': 'LEC', 'year': '2025', 'split': 'Winter', 'playoffs': False, 'game_in_series': 1, 'patch': '15.02'}
{'game_id': 'LOLTMNT04_93287', 'team1_id': '7d6673d3a9d00363c6bebc1a630da6e', 'team2_id': '6cd05f0ac20bfb965a59dc8bcc4f184', 'date': '2025-01-27 19:06:14', 'data_complete': 'complete', 'url': None, 'league': 'LEC', 'year': '2025', 'split': 'Winter', 'playoffs': False, 'game_in_series': 1, 'patch': '15.02'}
{'game_id': 'LOLTMNT04_93299', 'team1_id': 'f3aa9bbd924ce3af42ac53f8326bc7c', 'team2_id': '1285e1c04d54de96502f12da4d49458', 'date': '2025-01-27 19:53:56', 'data_complete': 'complete', 'url': None, 'league': 'LEC', 'year': '2025', 'split': 'Winter', 'playoffs': False, 'game_in_series': 1, 'patch': '15.02'}
{'game_id': 'LOLTMNT04_93308', 'team1_id': '75760dca486d4682426196b76bd1a54', 'team2_id': '4acc40654379b4da680be1bd3129dfa', 'date': '2025-01-27 20:50:22', 'data_complete': 'complete', 'url': None, 'league': 'LEC', 'year': '2025', 'split': 'Winter', 'playoffs': False, 'game_in_series': 1, 'patch': '15.02'}
{'game_id': 'LOLTMNT04_93347', 'team1_id': '0410783728358f6e711de31a6f1e8f9', 'team2_id': '48199c3e87ac9d14cdf50169f8eaabc', 'date': '2025-01-28 17:04:51', 'data_complete': 'complete', 'url': None, 'league': 'PRM', 'year': '2025', 'split': 'Winter', 'playoffs': False, 'game_in_series': 1, 'patch': '15.02'}
{'game_id': 'LOLTMNT04_93358', 'team1_id': '0410783728358f6e711de31a6f1e8f9', 'team2_id': '48199c3e87ac9d14cdf50169f8eaabc', 'date': '2025-01-28 18:10:18', 'data_complete': 'complete', 'url': None, 'league': 'PRM', 'year': '2025', 'split': 'Winter', 'playoffs': False, 'game_in_series': 2, 'patch': '15.02'}
{'game_id': 'LOLTMNT04_93366', 'team1_id': '9e12a15ab90a0a26c7e4e5308d3924c', 'team2_id': '544b70d08c7df83ccb74d08a677b902', 'date': '2025-01-28 20:08:32', 'data_complete': 'complete', 'url': None, 'league': 'RL', 'year': '2025', 'split': 'Winter', 'playoffs': False, 'game_in_series': 1, 'patch': '15.02'}
{'game_id': 'LOLTMNT04_93368', 'team1_id': '9e12a15ab90a0a26c7e4e5308d3924c', 'team2_id': '544b70d08c7df83ccb74d08a677b902', 'date': '2025-01-28 21:20:52', 'data_complete': 'complete', 'url': None, 'league': 'RL', 'year': '2025', 'split': 'Winter', 'playoffs': False, 'game_in_series': 2, 'patch': '15.02'}
{'game_id': 'LOLTMNT04_93369', 'team1_id': '26ff1a9f7fb8e976fbdcc5d2a8ac397', 'team2_id': '3de935df8f40fbb4d0e564d4a20e6cb', 'date': '2025-01-28 21:52:02', 'data_complete': 'complete', 'url': None, 'league': 'PRM', 'year': '2025', 'split': 'Winter', 'playoffs': False, 'game_in_series': 3, 'patch': '15.02'}
{'game_id': 'LOLTMNT04_93405', 'team1_id': '5203ff881d5c82c5f720eb3a2f3b44c', 'team2_id': '105f13a20172b3dbd963c7738617873', 'date': '2025-01-29 16:53:02', 'data_complete': 'complete', 'url': None, 'league': 'TCL', 'year': '2025', 'split': 'Winter', 'playoffs': False, 'game_in_series': 1, 'patch': '15.02'}
{'game_id': 'LOLTMNT04_93409', 'team1_id': '196ea640b81c54e20e32b6294ab9769', 'team2_id': '331c852427c61f82050b618c2b442c4', 'date': '2025-01-29 17:52:05', 'data_complete': 'complete', 'url': None, 'league': 'TCL', 'year': '2025', 'split': 'Winter', 'playoffs': False, 'game_in_series': 1, 'patch': '15.02'}
{'game_id': 'LOLTMNT04_93414', 'team1_id': '8891a0acf315ddb592027260300032f', 'team2_id': '4ccccd4b7c3dba7d799d52c4b78634d', 'date': '2025-01-29 19:00:09', 'data_complete': 'complete', 'url': None, 'league': 'NLC', 'year': '2025', 'split': 'Winter', 'playoffs': False, 'game_in_series': 1, 'patch': '15.02'}
{'game_id': 'LOLTMNT04_93416', 'team1_id': 'e6423e34fc74500296fbaa43fac025d', 'team2_id': 'e46f2dda10740009ffb0c01498dc5ce', 'date': '2025-01-29 18:55:25', 'data_complete': 'complete', 'url': None, 'league': 'PRM', 'year': '2025', 'split': 'Winter', 'playoffs': False, 'game_in_series': 3, 'patch': '15.02'}
{'game_id': 'LOLTMNT04_93418', 'team1_id': '4ccccd4b7c3dba7d799d52c4b78634d', 'team2_id': '8891a0acf315ddb592027260300032f', 'date': '2025-01-29 19:54:47', 'data_complete': 'complete', 'url': None, 'league': 'NLC', 'year': '2025', 'split': 'Winter', 'playoffs': False, 'game_in_series': 2, 'patch': '15.02'}
{'game_id': 'LOLTMNT04_93460', 'team1_id': '105f13a20172b3dbd963c7738617873', 'team2_id': '257377cff6d20cc978872f83d3da049', 'date': '2025-01-30 14:28:13', 'data_complete': 'complete', 'url': None, 'league': 'TCL', 'year': '2025', 'split': 'Winter', 'playoffs': False, 'game_in_series': 1, 'patch': '15.02'}
{'game_id': 'LOLTMNT04_93567', 'team1_id': '5203ff881d5c82c5f720eb3a2f3b44c', 'team2_id': '196ea640b81c54e20e32b6294ab9769', 'date': '2025-01-31 14:26:47', 'data_complete': 'complete', 'url': None, 'league': 'TCL', 'year': '2025', 'split': 'Winter', 'playoffs': False, 'game_in_series': 1, 'patch': '15.02'}
{'game_id': 'LOLTMNT04_93578', 'team1_id': '4f19751f9f051533995772897da2d77', 'team2_id': '331c852427c61f82050b618c2b442c4', 'date': '2025-01-31 15:30:13', 'data_complete': 'complete', 'url': None, 'league': 'TCL', 'year': '2025', 'split': 'Winter', 'playoffs': False, 'game_in_series': 1, 'patch': '15.02'}
{'game_id': 'LOLTMNT04_93619', 'team1_id': '257377cff6d20cc978872f83d3da049', 'team2_id': '33ef9e523e6474ddd4833d4ad1bc8d7', 'date': '2025-01-31 17:40:24', 'data_complete': 'complete', 'url': None, 'league': 'TCL', 'year': '2025', 'split': 'Winter', 'playoffs': False, 'game_in_series': 1, 'patch': '15.02'}
{'game_id': 'LOLTMNT04_93624', 'team1_id': '01d50b1de5bdc717131b31c64378a5b', 'team2_id': 'e7121adad88546bce0ff2cc41c2d343', 'date': '2025-01-31 18:08:41', 'data_complete': 'complete', 'url': None, 'league': 'LIT', 'year': '2025', 'split': 'Winter', 'playoffs': False, 'game_in_series': 2, 'patch': '15.02'}
{'game_id': 'LOLTMNT04_93691', 'team1_id': 'f9d5cf621532c5ac51e0947d7098b7f', 'team2_id': 'b659295189ec2ddd1a30e39fd3a0bd8', 'date': '2025-02-01 11:01:32', 'data_complete': 'complete', 'url': None, 'league': 'LFL2', 'year': '2025', 'split': 'Winter', 'playoffs': False, 'game_in_series': 1, 'patch': '15.02'}
{'game_id': 'LOLTMNT04_93711', 'team1_id': '71bd93fd1eab2c2f4ba60305ecabce2', 'team2_id': 'ad003d7f74930eeab29a6029c3b9f52', 'date': '2025-02-01 13:09:44', 'data_complete': 'complete', 'url': None, 'league': 'LFL2', 'year': '2025', 'split': 'Winter', 'playoffs': False, 'game_in_series': 1, 'patch': '15.02'}
{'game_id': 'LOLTMNT04_93719', 'team1_id': '2799e04c7212d3c262467ef25427eda', 'team2_id': 'df682d5adfed257780a68a85004ed27', 'date': '2025-02-01 14:23:00', 'data_complete': 'complete', 'url': None, 'league': 'LFL2', 'year': '2025', 'split': 'Winter', 'playoffs': False, 'game_in_series': 1, 'patch': '15.02'}
{'game_id': 'LOLTMNT04_93750', 'team1_id': '75760dca486d4682426196b76bd1a54', 'team2_id': '7338408a0fe0217451d2c9a567db999', 'date': '2025-02-01 17:08:38', 'data_complete': 'complete', 'url': None, 'league': 'LEC', 'year': '2025', 'split': 'Winter', 'playoffs': False, 'game_in_series': 1, 'patch': '15.02'}
{'game_id': 'LOLTMNT04_93827', 'team1_id': 'df682d5adfed257780a68a85004ed27', 'team2_id': 'b659295189ec2ddd1a30e39fd3a0bd8', 'date': '2025-02-02 11:03:07', 'data_complete': 'complete', 'url': None, 'league': 'LFL2', 'year': '2025', 'split': 'Winter', 'playoffs': False, 'game_in_series': 1, 'patch': '15.02'}
{'game_id': 'LOLTMNT04_93871', 'team1_id': 'cd62e47544f14f1d239afa659b9d243', 'team2_id': '75760dca486d4682426196b76bd1a54', 'date': '2025-02-02 17:07:20', 'data_complete': 'complete', 'url': None, 'league': 'LEC', 'year': '2025', 'split': 'Winter', 'playoffs': False, 'game_in_series': 1, 'patch': '15.02'}
{'game_id': 'LOLTMNT04_93883', 'team1_id': '7338408a0fe0217451d2c9a567db999', 'team2_id': '6cd05f0ac20bfb965a59dc8bcc4f184', 'date': '2025-02-02 17:57:23', 'data_complete': 'complete', 'url': None, 'league': 'LEC', 'year': '2025', 'split': 'Winter', 'playoffs': False, 'game_in_series': 1, 'patch': '15.02'}
{'game_id': 'LOLTMNT04_93937', 'team1_id': '7d6673d3a9d00363c6bebc1a630da6e', 'team2_id': '4acc40654379b4da680be1bd3129dfa', 'date': '2025-02-02 20:42:01', 'data_complete': 'complete', 'url': None, 'league': 'LEC', 'year': '2025', 'split': 'Winter', 'playoffs': False, 'game_in_series': 1, 'patch': '15.02'}
{'game_id': 'LOLTMNT04_94054', 'team1_id': '75760dca486d4682426196b76bd1a54', 'team2_id': '78f183fa5a7d8ecb22b9ad272c3abd7', 'date': '2025-02-03 20:28:27', 'data_complete': 'complete', 'url': None, 'league': 'LEC', 'year': '2025', 'split': 'Winter', 'playoffs': False, 'game_in_series': 1, 'patch': '15.02'}
{'game_id': 'LOLTMNT04_95071', 'team1_id': '6a060bd74c9041bf0aa89adf9d15d12', 'team2_id': 'e6423e34fc74500296fbaa43fac025d', 'date': '2025-02-04 18:30:19', 'data_complete': 'complete', 'url': None, 'league': 'PRM', 'year': '2025', 'split': 'Winter', 'playoffs': False, 'game_in_series': 2, 'patch': '15.02'}
{'game_id': 'LOLTMNT04_95076', 'team1_id': '48199c3e87ac9d14cdf50169f8eaabc', 'team2_id': 'a1934e3feca7db728021f9c61a6bc27', 'date': '2025-02-04 19:39:53', 'data_complete': 'complete', 'url': None, 'league': 'PRM', 'year': '2025', 'split': 'Winter', 'playoffs': False, 'game_in_series': 1, 'patch': '15.02'}
{'game_id': 'LOLTMNT04_95108', 'team1_id': '33ef9e523e6474ddd4833d4ad1bc8d7', 'team2_id': '105f13a20172b3dbd963c7738617873', 'date': '2025-02-05 14:27:22', 'data_complete': 'complete', 'url': None, 'league': 'TCL', 'year': '2025', 'split': 'Winter', 'playoffs': False, 'game_in_series': 1, 'patch': '15.02'}
{'game_id': 'LOLTMNT04_95133', 'team1_id': '5203ff881d5c82c5f720eb3a2f3b44c', 'team2_id': '331c852427c61f82050b618c2b442c4', 'date': '2025-02-05 16:27:38', 'data_complete': 'complete', 'url': None, 'league': 'TCL', 'year': '2025', 'split': 'Winter', 'playoffs': False, 'game_in_series': 1, 'patch': '15.02'}
{'game_id': 'LOLTMNT04_95149', 'team1_id': '91e745607dea86d98f6307553e0491d', 'team2_id': '147e28c0910250269fbc430f9f42010', 'date': '2025-02-05 18:10:41', 'data_complete': 'complete', 'url': None, 'league': 'NLC', 'year': '2025', 'split': 'Winter', 'playoffs': False, 'game_in_series': 2, 'patch': '15.02'}
{'game_id': 'LOLTMNT04_95156', 'team1_id': '26ff1a9f7fb8e976fbdcc5d2a8ac397', 'team2_id': 'e46f2dda10740009ffb0c01498dc5ce', 'date': '2025-02-05 18:49:52', 'data_complete': 'complete', 'url': None, 'league': 'PRM', 'year': '2025', 'split': 'Winter', 'playoffs': False, 'game_in_series': 3, 'patch': '15.02'}
{'game_id': 'LOLTMNT04_95157', 'team1_id': '147e28c0910250269fbc430f9f42010', 'team2_id': '91e745607dea86d98f6307553e0491d', 'date': '2025-02-05 19:02:52', 'data_complete': 'complete', 'url': None, 'league': 'NLC', 'year': '2025', 'split': 'Winter', 'playoffs': False, 'game_in_series': 3, 'patch': '15.02'}
{'game_id': 'LOLTMNT04_95163', 'team1_id': 'a5db7fc71cdcb604a98e6ae9c505b0d', 'team2_id': '0410783728358f6e711de31a6f1e8f9', 'date': '2025-02-05 19:56:24', 'data_complete': 'complete', 'url': None, 'league': 'PRM', 'year': '2025', 'split': 'Winter', 'playoffs': False, 'game_in_series': 1, 'patch': '15.02'}
{'game_id': 'LOLTMNT04_95166', 'team1_id': '7380b73561abdd86c2391e9481acd4b', 'team2_id': 'c40f6d0d20a7a718c60342e48c144a2', 'date': '2025-02-05 21:17:42', 'data_complete': 'complete', 'url': None, 'league': 'LFL', 'year': '2025', 'split': 'Flash In', 'playoffs': False, 'game_in_series': 2, 'patch': '15.02'}
{'game_id': 'LOLTMNT04_95167', 'team1_id': 'a5db7fc71cdcb604a98e6ae9c505b0d', 'team2_id': '0410783728358f6e711de31a6f1e8f9', 'date': '2025-02-05 21:47:08', 'data_complete': 'complete', 'url': None, 'league': 'PRM', 'year': '2025', 'split': 'Winter', 'playoffs': False, 'game_in_series': 3, 'patch': '15.02'}
{'game_id': 'LOLTMNT04_95196', 'team1_id': '105f13a20172b3dbd963c7738617873', 'team2_id': '196ea640b81c54e20e32b6294ab9769', 'date': '2025-02-06 16:35:08', 'data_complete': 'complete', 'url': None, 'league': 'TCL', 'year': '2025', 'split': 'Winter', 'playoffs': False, 'game_in_series': 1, 'patch': '15.02'}
{'game_id': 'LOLTMNT04_95208', 'team1_id': 'a2e63aee03585f0b37ff4cad936e349', 'team2_id': 'd455b12f2d0ae8596211073fb17c14d', 'date': '2025-02-06 17:06:49', 'data_complete': 'complete', 'url': None, 'league': 'LIT', 'year': '2025', 'split': 'Winter', 'playoffs': False, 'game_in_series': 1, 'patch': '15.02'}
{'game_id': 'LOLTMNT04_95212', 'team1_id': '33ef9e523e6474ddd4833d4ad1bc8d7', 'team2_id': '070a0f7f26241f1269bfa3e8f787920', 'date': '2025-02-06 17:38:35', 'data_complete': 'complete', 'url': None, 'league': 'TCL', 'year': '2025', 'split': 'Winter', 'playoffs': False, 'game_in_series': 1, 'patch': '15.02'}
{'game_id': 'LOLTMNT04_95224', 'team1_id': 'e0143514c5de64f62eb418004ca2751', 'team2_id': '42bf6c1040db8f2221ff017fa4d34e4', 'date': '2025-02-06 19:57:00', 'data_complete': 'complete', 'url': None, 'league': 'LFL', 'year': '2025', 'split': 'Flash In', 'playoffs': False, 'game_in_series': 1, 'patch': '15.02'}
{'game_id': 'LOLTMNT04_95229', 'team1_id': '42bf6c1040db8f2221ff017fa4d34e4', 'team2_id': 'e0143514c5de64f62eb418004ca2751', 'date': '2025-02-06 20:48:55', 'data_complete': 'complete', 'url': None, 'league': 'LFL', 'year': '2025', 'split': 'Flash In', 'playoffs': False, 'game_in_series': 2, 'patch': '15.02'}
{'game_id': 'LOLTMNT04_95242', 'team1_id': '105f13a20172b3dbd963c7738617873', 'team2_id': '331c852427c61f82050b618c2b442c4', 'date': '2025-02-07 15:23:55', 'data_complete': 'complete', 'url': None, 'league': 'TCL', 'year': '2025', 'split': 'Winter', 'playoffs': False, 'game_in_series': 1, 'patch': '15.02'}
{'game_id': 'LOLTMNT04_95245', 'team1_id': '070a0f7f26241f1269bfa3e8f787920', 'team2_id': '5203ff881d5c82c5f720eb3a2f3b44c', 'date': '2025-02-07 16:38:13', 'data_complete': 'complete', 'url': None, 'league': 'TCL', 'year': '2025', 'split': 'Winter', 'playoffs': False, 'game_in_series': 1, 'patch': '15.02'}
{'game_id': 'LOLTMNT04_95263', 'team1_id': 'df045d28ec9b0b40ea9eb6ab50693ac', 'team2_id': 'f4b807048502e27f01499f06b235a9a', 'date': '2025-02-07 18:45:49', 'data_complete': 'complete', 'url': None, 'league': 'EBL', 'year': '2025', 'split': 'Winter', 'playoffs': False, 'game_in_series': 1, 'patch': '15.02'}
{'game_id': 'LOLTMNT04_95264', 'team1_id': '859509efa5386fc9876164f85c5cd59', 'team2_id': '8d72ee9185fe0727bf453dd59e38cb2', 'date': '2025-02-07 18:33:15', 'data_complete': 'complete', 'url': None, 'league': 'LIT', 'year': '2025', 'split': 'Winter', 'playoffs': False, 'game_in_series': 2, 'patch': '15.02'}
{'game_id': 'LOLTMNT04_95266', 'team1_id': 'db052729079b7bbe03274df413b2d1b', 'team2_id': '829dfe12e8897e57883e53610867b8e', 'date': '2025-02-07 18:57:29', 'data_complete': 'complete', 'url': None, 'league': 'NLC', 'year': '2025', 'split': 'Winter', 'playoffs': False, 'game_in_series': 3, 'patch': '15.02'}
{'game_id': 'LOLTMNT04_95272', 'team1_id': '548579194cfbf70ae730c1f1c24a013', 'team2_id': '21903b00a2d96c19ca87cb0e4b28527', 'date': '2025-02-07 19:46:03', 'data_complete': 'complete', 'url': None, 'league': 'EBL', 'year': '2025', 'split': 'Winter', 'playoffs': False, 'game_in_series': 1, 'patch': '15.02'}
{'game_id': 'LOLTMNT04_95277', 'team1_id': 'f9d5cf621532c5ac51e0947d7098b7f', 'team2_id': 'ad003d7f74930eeab29a6029c3b9f52', 'date': '2025-02-08 11:05:36', 'data_complete': 'complete', 'url': None, 'league': 'LFL2', 'year': '2025', 'split': 'Winter', 'playoffs': False, 'game_in_series': 1, 'patch': '15.02'}
{'game_id': 'LOLTMNT04_95278', 'team1_id': '302fced4d92a9b83cb5784fd6f3b548', 'team2_id': 'df682d5adfed257780a68a85004ed27', 'date': '2025-02-08 12:08:02', 'data_complete': 'complete', 'url': None, 'league': 'LFL2', 'year': '2025', 'split': 'Winter', 'playoffs': False, 'game_in_series': 1, 'patch': '15.02'}
{'game_id': 'LOLTMNT04_95279', 'team1_id': '2799e04c7212d3c262467ef25427eda', 'team2_id': 'b659295189ec2ddd1a30e39fd3a0bd8', 'date': '2025-02-08 13:00:29', 'data_complete': 'complete', 'url': None, 'league': 'LFL2', 'year': '2025', 'split': 'Winter', 'playoffs': False, 'game_in_series': 1, 'patch': '15.02'}
{'game_id': 'LOLTMNT04_95282', 'team1_id': '71bd93fd1eab2c2f4ba60305ecabce2', 'team2_id': '343268a42863e8fc2767e02e4042de8', 'date': '2025-02-08 13:59:14', 'data_complete': 'complete', 'url': None, 'league': 'LFL2', 'year': '2025', 'split': 'Winter', 'playoffs': False, 'game_in_series': 1, 'patch': '15.02'}
{'game_id': 'LOLTMNT04_95291', 'team1_id': '302fced4d92a9b83cb5784fd6f3b548', 'team2_id': 'b659295189ec2ddd1a30e39fd3a0bd8', 'date': '2025-02-09 11:02:27', 'data_complete': 'complete', 'url': None, 'league': 'LFL2', 'year': '2025', 'split': 'Winter', 'playoffs': False, 'game_in_series': 1, 'patch': '15.02'}
{'game_id': 'LOLTMNT04_95297', 'team1_id': 'f9d5cf621532c5ac51e0947d7098b7f', 'team2_id': '71bd93fd1eab2c2f4ba60305ecabce2', 'date': '2025-02-09 12:54:28', 'data_complete': 'complete', 'url': None, 'league': 'LFL2', 'year': '2025', 'split': 'Winter', 'playoffs': False, 'game_in_series': 1, 'patch': '15.02'}
{'game_id': 'LOLTMNT04_95299', 'team1_id': 'df682d5adfed257780a68a85004ed27', 'team2_id': 'ad003d7f74930eeab29a6029c3b9f52', 'date': '2025-02-09 13:52:42', 'data_complete': 'complete', 'url': None, 'league': 'LFL2', 'year': '2025', 'split': 'Winter', 'playoffs': False, 'game_in_series': 1, 'patch': '15.02'}
{'game_id': 'LOLTMNT04_95368', 'team1_id': '7380b73561abdd86c2391e9481acd4b', 'team2_id': 'd2c27cb51cedbbac1752f1ec81addc4', 'date': '2025-02-12 19:48:33', 'data_complete': 'complete', 'url': None, 'league': 'LFL', 'year': '2025', 'split': 'Flash In', 'playoffs': False, 'game_in_series': 2, 'patch': '15.02'}
{'game_id': 'LOLTMNT04_95372', 'team1_id': 'c40f6d0d20a7a718c60342e48c144a2', 'team2_id': '7d2c778dc03e3fe0db9e45a57895b88', 'date': '2025-02-13 17:05:55', 'data_complete': 'complete', 'url': None, 'league': 'LFL', 'year': '2025', 'split': 'Flash In', 'playoffs': False, 'game_in_series': 1, 'patch': '15.02'}
{'game_id': 'LOLTMNT04_95375', 'team1_id': '7d2c778dc03e3fe0db9e45a57895b88', 'team2_id': 'c40f6d0d20a7a718c60342e48c144a2', 'date': '2025-02-13 18:05:18', 'data_complete': 'complete', 'url': None, 'league': 'LFL', 'year': '2025', 'split': 'Flash In', 'playoffs': False, 'game_in_series': 2, 'patch': '15.02'}
{'game_id': 'LOLTMNT04_95376', 'team1_id': 'c40f6d0d20a7a718c60342e48c144a2', 'team2_id': '7d2c778dc03e3fe0db9e45a57895b88', 'date': '2025-02-13 18:55:30', 'data_complete': 'complete', 'url': None, 'league': 'LFL', 'year': '2025', 'split': 'Flash In', 'playoffs': False, 'game_in_series': 3, 'patch': '15.02'}
{'game_id': 'LOLTMNT04_96019', 'team1_id': '6a060bd74c9041bf0aa89adf9d15d12', 'team2_id': 'e6423e34fc74500296fbaa43fac025d', 'date': '2025-02-04 17:05:48', 'data_complete': 'complete', 'url': None, 'league': 'PRM', 'year': '2025', 'split': 'Winter', 'playoffs': False, 'game_in_series': 1, 'patch': '15.02'}
{'game_id': 'LOLTMNT04_96050', 'team1_id': 'a1934e3feca7db728021f9c61a6bc27', 'team2_id': '48199c3e87ac9d14cdf50169f8eaabc', 'date': '2025-02-04 20:28:32', 'data_complete': 'complete', 'url': None, 'league': 'PRM', 'year': '2025', 'split': 'Winter', 'playoffs': False, 'game_in_series': 2, 'patch': '15.02'}
{'game_id': 'LOLTMNT04_96095', 'team1_id': '070a0f7f26241f1269bfa3e8f787920', 'team2_id': '4f19751f9f051533995772897da2d77', 'date': '2025-02-05 15:25:24', 'data_complete': 'complete', 'url': None, 'league': 'TCL', 'year': '2025', 'split': 'Winter', 'playoffs': False, 'game_in_series': 1, 'patch': '15.02'}
{'game_id': 'LOLTMNT04_96116', 'team1_id': 'ccd089bf173a5fff1063eb0576201a7', 'team2_id': '7d2c778dc03e3fe0db9e45a57895b88', 'date': '2025-02-05 17:07:33', 'data_complete': 'complete', 'url': None, 'league': 'LFL', 'year': '2025', 'split': 'Flash In', 'playoffs': False, 'game_in_series': 1, 'patch': '15.02'}
{'game_id': 'LOLTMNT04_96120', 'team1_id': '26ff1a9f7fb8e976fbdcc5d2a8ac397', 'team2_id': 'e46f2dda10740009ffb0c01498dc5ce', 'date': '2025-02-05 17:05:44', 'data_complete': 'complete', 'url': None, 'league': 'PRM', 'year': '2025', 'split': 'Winter', 'playoffs': False, 'game_in_series': 1, 'patch': '15.02'}
{'game_id': 'LOLTMNT04_96124', 'team1_id': '147e28c0910250269fbc430f9f42010', 'team2_id': '91e745607dea86d98f6307553e0491d', 'date': '2025-02-05 17:08:11', 'data_complete': 'complete', 'url': None, 'league': 'NLC', 'year': '2025', 'split': 'Winter', 'playoffs': False, 'game_in_series': 1, 'patch': '15.02'}
{'game_id': 'LOLTMNT04_96133', 'team1_id': '196ea640b81c54e20e32b6294ab9769', 'team2_id': '257377cff6d20cc978872f83d3da049', 'date': '2025-02-05 17:26:33', 'data_complete': 'complete', 'url': None, 'league': 'TCL', 'year': '2025', 'split': 'Winter', 'playoffs': False, 'game_in_series': 1, 'patch': '15.02'}
{'game_id': 'LOLTMNT04_96138', 'team1_id': 'df045d28ec9b0b40ea9eb6ab50693ac', 'team2_id': '548579194cfbf70ae730c1f1c24a013', 'date': '2025-02-05 18:03:42', 'data_complete': 'complete', 'url': None, 'league': 'EBL', 'year': '2025', 'split': 'Winter', 'playoffs': False, 'game_in_series': 1, 'patch': '15.02'}
{'game_id': 'LOLTMNT04_96139', 'team1_id': 'e46f2dda10740009ffb0c01498dc5ce', 'team2_id': '26ff1a9f7fb8e976fbdcc5d2a8ac397', 'date': '2025-02-05 17:57:55', 'data_complete': 'complete', 'url': None, 'league': 'PRM', 'year': '2025', 'split': 'Winter', 'playoffs': False, 'game_in_series': 2, 'patch': '15.02'}
{'game_id': 'LOLTMNT04_96141', 'team1_id': '7d2c778dc03e3fe0db9e45a57895b88', 'team2_id': 'ccd089bf173a5fff1063eb0576201a7', 'date': '2025-02-05 18:22:27', 'data_complete': 'complete', 'url': None, 'league': 'LFL', 'year': '2025', 'split': 'Flash In', 'playoffs': False, 'game_in_series': 2, 'patch': '15.02'}
{'game_id': 'LOLTMNT04_96148', 'team1_id': 'f4b807048502e27f01499f06b235a9a', 'team2_id': '1b4462a50541e063fc148be4082fd0b', 'date': '2025-02-05 18:58:03', 'data_complete': 'complete', 'url': None, 'league': 'EBL', 'year': '2025', 'split': 'Winter', 'playoffs': False, 'game_in_series': 1, 'patch': '15.02'}
{'game_id': 'LOLTMNT04_96162', 'team1_id': 'e42ade212c09777da0f54bffe481f6d', 'team2_id': '21903b00a2d96c19ca87cb0e4b28527', 'date': '2025-02-05 19:53:15', 'data_complete': 'complete', 'url': None, 'league': 'EBL', 'year': '2025', 'split': 'Winter', 'playoffs': False, 'game_in_series': 1, 'patch': '15.02'}
{'game_id': 'LOLTMNT04_96167', 'team1_id': 'c40f6d0d20a7a718c60342e48c144a2', 'team2_id': '7380b73561abdd86c2391e9481acd4b', 'date': '2025-02-05 20:12:34', 'data_complete': 'complete', 'url': None, 'league': 'LFL', 'year': '2025', 'split': 'Flash In', 'playoffs': False, 'game_in_series': 1, 'patch': '15.02'}
{'game_id': 'LOLTMNT04_96168', 'team1_id': '91e745607dea86d98f6307553e0491d', 'team2_id': '147e28c0910250269fbc430f9f42010', 'date': '2025-02-05 20:08:47', 'data_complete': 'complete', 'url': None, 'league': 'NLC', 'year': '2025', 'split': 'Winter', 'playoffs': False, 'game_in_series': 4, 'patch': '15.02'}
{'game_id': 'LOLTMNT04_96169', 'team1_id': '0410783728358f6e711de31a6f1e8f9', 'team2_id': 'a5db7fc71cdcb604a98e6ae9c505b0d', 'date': '2025-02-05 20:55:34', 'data_complete': 'complete', 'url': None, 'league': 'PRM', 'year': '2025', 'split': 'Winter', 'playoffs': False, 'game_in_series': 2, 'patch': '15.02'}
{'game_id': 'LOLTMNT04_96183', 'team1_id': '257377cff6d20cc978872f83d3da049', 'team2_id': '331c852427c61f82050b618c2b442c4', 'date': '2025-02-06 14:29:38', 'data_complete': 'complete', 'url': None, 'league': 'TCL', 'year': '2025', 'split': 'Winter', 'playoffs': False, 'game_in_series': 1, 'patch': '15.02'}
{'game_id': 'LOLTMNT04_96190', 'team1_id': '5203ff881d5c82c5f720eb3a2f3b44c', 'team2_id': '4f19751f9f051533995772897da2d77', 'date': '2025-02-06 15:22:24', 'data_complete': 'complete', 'url': None, 'league': 'TCL', 'year': '2025', 'split': 'Winter', 'playoffs': False, 'game_in_series': 1, 'patch': '15.02'}
{'game_id': 'LOLTMNT04_96204', 'team1_id': 'd2c27cb51cedbbac1752f1ec81addc4', 'team2_id': '90938c428db11f6e372f5c6833b9743', 'date': '2025-02-06 17:04:42', 'data_complete': 'complete', 'url': None, 'league': 'LFL', 'year': '2025', 'split': 'Flash In', 'playoffs': False, 'game_in_series': 1, 'patch': '15.02'}
{'game_id': 'LOLTMNT04_96211', 'team1_id': '8891a0acf315ddb592027260300032f', 'team2_id': '91e745607dea86d98f6307553e0491d', 'date': '2025-02-06 17:10:06', 'data_complete': 'complete', 'url': None, 'league': 'NLC', 'year': '2025', 'split': 'Winter', 'playoffs': False, 'game_in_series': 1, 'patch': '15.02'}
{'game_id': 'LOLTMNT04_96229', 'team1_id': 'df045d28ec9b0b40ea9eb6ab50693ac', 'team2_id': '21903b00a2d96c19ca87cb0e4b28527', 'date': '2025-02-06 17:59:52', 'data_complete': 'complete', 'url': None, 'league': 'EBL', 'year': '2025', 'split': 'Winter', 'playoffs': False, 'game_in_series': 1, 'patch': '15.02'}
{'game_id': 'LOLTMNT04_96231', 'team1_id': '90938c428db11f6e372f5c6833b9743', 'team2_id': 'd2c27cb51cedbbac1752f1ec81addc4', 'date': '2025-02-06 17:59:51', 'data_complete': 'complete', 'url': None, 'league': 'LFL', 'year': '2025', 'split': 'Flash In', 'playoffs': False, 'game_in_series': 2, 'patch': '15.02'}
{'game_id': 'LOLTMNT04_96232', 'team1_id': 'a2e63aee03585f0b37ff4cad936e349', 'team2_id': 'd455b12f2d0ae8596211073fb17c14d', 'date': '2025-02-06 17:55:14', 'data_complete': 'complete', 'url': None, 'league': 'LIT', 'year': '2025', 'split': 'Winter', 'playoffs': False, 'game_in_series': 2, 'patch': '15.02'}
{'game_id': 'LOLTMNT04_96236', 'team1_id': 'd455b12f2d0ae8596211073fb17c14d', 'team2_id': 'a2e63aee03585f0b37ff4cad936e349', 'date': '2025-02-06 18:50:20', 'data_complete': 'complete', 'url': None, 'league': 'LIT', 'year': '2025', 'split': 'Winter', 'playoffs': False, 'game_in_series': 3, 'patch': '15.02'}
{'game_id': 'LOLTMNT04_96237', 'team1_id': 'd2c27cb51cedbbac1752f1ec81addc4', 'team2_id': '90938c428db11f6e372f5c6833b9743', 'date': '2025-02-06 18:58:23', 'data_complete': 'complete', 'url': None, 'league': 'LFL', 'year': '2025', 'split': 'Flash In', 'playoffs': False, 'game_in_series': 3, 'patch': '15.02'}
{'game_id': 'LOLTMNT04_96239', 'team1_id': '1b4462a50541e063fc148be4082fd0b', 'team2_id': '548579194cfbf70ae730c1f1c24a013', 'date': '2025-02-06 19:07:44', 'data_complete': 'complete', 'url': None, 'league': 'EBL', 'year': '2025', 'split': 'Winter', 'playoffs': False, 'game_in_series': 1, 'patch': '15.02'}
{'game_id': 'LOLTMNT04_96244', 'team1_id': '8891a0acf315ddb592027260300032f', 'team2_id': '91e745607dea86d98f6307553e0491d', 'date': '2025-02-06 19:26:58', 'data_complete': 'complete', 'url': None, 'league': 'NLC', 'year': '2025', 'split': 'Winter', 'playoffs': False, 'game_in_series': 3, 'patch': '15.02'}
{'game_id': 'LOLTMNT04_96246', 'team1_id': 'f4b807048502e27f01499f06b235a9a', 'team2_id': 'e42ade212c09777da0f54bffe481f6d', 'date': '2025-02-06 19:54:23', 'data_complete': 'complete', 'url': None, 'league': 'EBL', 'year': '2025', 'split': 'Winter', 'playoffs': False, 'game_in_series': 1, 'patch': '15.02'}
{'game_id': 'LOLTMNT04_96253', 'team1_id': 'e0143514c5de64f62eb418004ca2751', 'team2_id': '42bf6c1040db8f2221ff017fa4d34e4', 'date': '2025-02-06 21:43:46', 'data_complete': 'complete', 'url': None, 'league': 'LFL', 'year': '2025', 'split': 'Flash In', 'playoffs': False, 'game_in_series': 3, 'patch': '15.02'}
{'game_id': 'LOLTMNT04_96266', 'team1_id': '196ea640b81c54e20e32b6294ab9769', 'team2_id': '33ef9e523e6474ddd4833d4ad1bc8d7', 'date': '2025-02-07 14:27:20', 'data_complete': 'complete', 'url': None, 'league': 'TCL', 'year': '2025', 'split': 'Winter', 'playoffs': False, 'game_in_series': 1, 'patch': '15.02'}
{'game_id': 'LOLTMNT04_96287', 'team1_id': '859509efa5386fc9876164f85c5cd59', 'team2_id': '8d72ee9185fe0727bf453dd59e38cb2', 'date': '2025-02-07 17:09:08', 'data_complete': 'complete', 'url': None, 'league': 'LIT', 'year': '2025', 'split': 'Winter', 'playoffs': False, 'game_in_series': 1, 'patch': '15.02'}
{'game_id': 'LOLTMNT04_96289', 'team1_id': '829dfe12e8897e57883e53610867b8e', 'team2_id': 'db052729079b7bbe03274df413b2d1b', 'date': '2025-02-07 17:09:40', 'data_complete': 'complete', 'url': None, 'league': 'NLC', 'year': '2025', 'split': 'Winter', 'playoffs': False, 'game_in_series': 1, 'patch': '15.02'}
{'game_id': 'LOLTMNT04_96293', 'team1_id': '4f19751f9f051533995772897da2d77', 'team2_id': '257377cff6d20cc978872f83d3da049', 'date': '2025-02-07 17:36:23', 'data_complete': 'complete', 'url': None, 'league': 'TCL', 'year': '2025', 'split': 'Winter', 'playoffs': False, 'game_in_series': 1, 'patch': '15.02'}
{'game_id': 'LOLTMNT04_96296', 'team1_id': '1b4462a50541e063fc148be4082fd0b', 'team2_id': 'e42ade212c09777da0f54bffe481f6d', 'date': '2025-02-07 17:58:59', 'data_complete': 'complete', 'url': None, 'league': 'EBL', 'year': '2025', 'split': 'Winter', 'playoffs': False, 'game_in_series': 1, 'patch': '15.02'}
{'game_id': 'LOLTMNT04_96298', 'team1_id': '829dfe12e8897e57883e53610867b8e', 'team2_id': 'db052729079b7bbe03274df413b2d1b', 'date': '2025-02-07 18:04:28', 'data_complete': 'complete', 'url': None, 'league': 'NLC', 'year': '2025', 'split': 'Winter', 'playoffs': False, 'game_in_series': 2, 'patch': '15.02'}
{'game_id': 'LOLTMNT04_96315', 'team1_id': '8d72ee9185fe0727bf453dd59e38cb2', 'team2_id': '859509efa5386fc9876164f85c5cd59', 'date': '2025-02-07 19:33:33', 'data_complete': 'complete', 'url': None, 'league': 'LIT', 'year': '2025', 'split': 'Winter', 'playoffs': False, 'game_in_series': 3, 'patch': '15.02'}
{'game_id': 'LOLTMNT04_96344', 'team1_id': '343268a42863e8fc2767e02e4042de8', 'team2_id': '2799e04c7212d3c262467ef25427eda', 'date': '2025-02-09 11:59:43', 'data_complete': 'complete', 'url': None, 'league': 'LFL2', 'year': '2025', 'split': 'Winter', 'playoffs': False, 'game_in_series': 1, 'patch': '15.02'}
{'game_id': 'LOLTMNT04_96408', 'team1_id': 'ccd089bf173a5fff1063eb0576201a7', 'team2_id': 'e0143514c5de64f62eb418004ca2751', 'date': '2025-02-12 17:09:06', 'data_complete': 'complete', 'url': None, 'league': 'LFL', 'year': '2025', 'split': 'Flash In', 'playoffs': False, 'game_in_series': 1, 'patch': '15.02'}
{'game_id': 'LOLTMNT04_96410', 'team1_id': 'ccd089bf173a5fff1063eb0576201a7', 'team2_id': 'e0143514c5de64f62eb418004ca2751', 'date': '2025-02-12 18:05:12', 'data_complete': 'complete', 'url': None, 'league': 'LFL', 'year': '2025', 'split': 'Flash In', 'playoffs': False, 'game_in_series': 2, 'patch': '15.02'}
{'game_id': 'LOLTMNT04_96411', 'team1_id': 'd2c27cb51cedbbac1752f1ec81addc4', 'team2_id': '7380b73561abdd86c2391e9481acd4b', 'date': '2025-02-12 18:58:58', 'data_complete': 'complete', 'url': None, 'league': 'LFL', 'year': '2025', 'split': 'Flash In', 'playoffs': False, 'game_in_series': 1, 'patch': '15.02'}
{'game_id': 'LOLTMNT04_97015', 'team1_id': '42bf6c1040db8f2221ff017fa4d34e4', 'team2_id': '90938c428db11f6e372f5c6833b9743', 'date': '2025-02-13 19:51:28', 'data_complete': 'complete', 'url': None, 'league': 'LFL', 'year': '2025', 'split': 'Flash In', 'playoffs': False, 'game_in_series': 1, 'patch': '15.02'}
{'game_id': 'LOLTMNT04_97017', 'team1_id': '90938c428db11f6e372f5c6833b9743', 'team2_id': '42bf6c1040db8f2221ff017fa4d34e4', 'date': '2025-02-13 20:55:27', 'data_complete': 'complete', 'url': None, 'league': 'LFL', 'year': '2025', 'split': 'Flash In', 'playoffs': False, 'game_in_series': 2, 'patch': '15.02'}
{'game_id': 'LOLTMNT04_97022', 'team1_id': 'c40f6d0d20a7a718c60342e48c144a2', 'team2_id': '90938c428db11f6e372f5c6833b9743', 'date': '2025-02-14 17:06:13', 'data_complete': 'complete', 'url': None, 'league': 'LFL', 'year': '2025', 'split': 'Flash In', 'playoffs': False, 'game_in_series': 1, 'patch': '15.02'}
{'game_id': 'LOLTMNT04_97023', 'team1_id': 'c40f6d0d20a7a718c60342e48c144a2', 'team2_id': '90938c428db11f6e372f5c6833b9743', 'date': '2025-02-14 18:53:33', 'data_complete': 'complete', 'url': None, 'league': 'LFL', 'year': '2025', 'split': 'Flash In', 'playoffs': False, 'game_in_series': 3, 'patch': '15.02'}
{'game_id': 'LOLTMNT04_97025', 'team1_id': 'e0143514c5de64f62eb418004ca2751', 'team2_id': 'd2c27cb51cedbbac1752f1ec81addc4', 'date': '2025-02-14 19:58:28', 'data_complete': 'complete', 'url': None, 'league': 'LFL', 'year': '2025', 'split': 'Flash In', 'playoffs': False, 'game_in_series': 1, 'patch': '15.02'}
{'game_id': 'LOLTMNT04_97026', 'team1_id': 'd2c27cb51cedbbac1752f1ec81addc4', 'team2_id': 'e0143514c5de64f62eb418004ca2751', 'date': '2025-02-14 20:50:06', 'data_complete': 'complete', 'url': None, 'league': 'LFL', 'year': '2025', 'split': 'Flash In', 'playoffs': False, 'game_in_series': 2, 'patch': '15.02'}
{'game_id': 'LOLTMNT04_98001', 'team1_id': '90938c428db11f6e372f5c6833b9743', 'team2_id': 'c40f6d0d20a7a718c60342e48c144a2', 'date': '2025-02-14 18:09:55', 'data_complete': 'complete', 'url': None, 'league': 'LFL', 'year': '2025', 'split': 'Flash In', 'playoffs': False, 'game_in_series': 2, 'patch': '15.02'}
{'game_id': 'LOLTMNT05_109183', 'team1_id': '6a060bd74c9041bf0aa89adf9d15d12', 'team2_id': '26ff1a9f7fb8e976fbdcc5d2a8ac397', 'date': '2025-02-11 18:01:50', 'data_complete': 'complete', 'url': None, 'league': 'PRM', 'year': '2025', 'split': 'Winter', 'playoffs': False, 'game_in_series': 2, 'patch': '15.03'}
{'game_id': 'LOLTMNT05_109190', 'team1_id': '48199c3e87ac9d14cdf50169f8eaabc', 'team2_id': '980ab072663574c2e4fca71f275d302', 'date': '2025-02-11 19:00:40', 'data_complete': 'complete', 'url': None, 'league': 'PRM', 'year': '2025', 'split': 'Winter', 'playoffs': False, 'game_in_series': 1, 'patch': '15.03'}
{'game_id': 'LOLTMNT05_109324', 'team1_id': '105f13a20172b3dbd963c7738617873', 'team2_id': '4f19751f9f051533995772897da2d77', 'date': '2025-02-12 16:36:52', 'data_complete': 'complete', 'url': None, 'league': 'TCL', 'year': '2025', 'split': 'Winter', 'playoffs': False, 'game_in_series': 1, 'patch': '15.03'}
{'game_id': 'LOLTMNT05_109326', 'team1_id': '3de935df8f40fbb4d0e564d4a20e6cb', 'team2_id': 'e46f2dda10740009ffb0c01498dc5ce', 'date': '2025-02-12 17:05:11', 'data_complete': 'complete', 'url': None, 'league': 'PRM', 'year': '2025', 'split': 'Winter', 'playoffs': False, 'game_in_series': 1, 'patch': '15.03'}
{'game_id': 'LOLTMNT05_109352', 'team1_id': 'e46f2dda10740009ffb0c01498dc5ce', 'team2_id': '3de935df8f40fbb4d0e564d4a20e6cb', 'date': '2025-02-12 17:55:01', 'data_complete': 'complete', 'url': None, 'league': 'PRM', 'year': '2025', 'split': 'Winter', 'playoffs': False, 'game_in_series': 2, 'patch': '15.03'}
{'game_id': 'LOLTMNT05_109358', 'team1_id': '2b20d0fcdb72f7b490eb1dc468136cf', 'team2_id': '829dfe12e8897e57883e53610867b8e', 'date': '2025-02-12 18:35:19', 'data_complete': 'complete', 'url': None, 'league': 'NLC', 'year': '2025', 'split': 'Winter', 'playoffs': False, 'game_in_series': 2, 'patch': '15.03'}
{'game_id': 'LOLTMNT05_109372', 'team1_id': '829dfe12e8897e57883e53610867b8e', 'team2_id': '2b20d0fcdb72f7b490eb1dc468136cf', 'date': '2025-02-12 19:32:02', 'data_complete': 'complete', 'url': None, 'league': 'NLC', 'year': '2025', 'split': 'Winter', 'playoffs': False, 'game_in_series': 3, 'patch': '15.03'}
{'game_id': 'LOLTMNT05_109381', 'team1_id': '829dfe12e8897e57883e53610867b8e', 'team2_id': '2b20d0fcdb72f7b490eb1dc468136cf', 'date': '2025-02-12 20:43:10', 'data_complete': 'complete', 'url': None, 'league': 'NLC', 'year': '2025', 'split': 'Winter', 'playoffs': False, 'game_in_series': 4, 'patch': '15.03'}
{'game_id': 'LOLTMNT05_110286', 'team1_id': '6a060bd74c9041bf0aa89adf9d15d12', 'team2_id': '26ff1a9f7fb8e976fbdcc5d2a8ac397', 'date': '2025-02-11 17:04:26', 'data_complete': 'complete', 'url': None, 'league': 'PRM', 'year': '2025', 'split': 'Winter', 'playoffs': False, 'game_in_series': 1, 'patch': '15.03'}
{'game_id': 'LOLTMNT05_110303', 'team1_id': '980ab072663574c2e4fca71f275d302', 'team2_id': '48199c3e87ac9d14cdf50169f8eaabc', 'date': '2025-02-11 19:55:00', 'data_complete': 'complete', 'url': None, 'league': 'PRM', 'year': '2025', 'split': 'Winter', 'playoffs': False, 'game_in_series': 2, 'patch': '15.03'}
{'game_id': 'LOLTMNT05_110327', 'team1_id': '5203ff881d5c82c5f720eb3a2f3b44c', 'team2_id': '257377cff6d20cc978872f83d3da049', 'date': '2025-02-12 14:31:59', 'data_complete': 'complete', 'url': None, 'league': 'TCL', 'year': '2025', 'split': 'Winter', 'playoffs': False, 'game_in_series': 1, 'patch': '15.03'}
{'game_id': 'LOLTMNT05_110331', 'team1_id': '33ef9e523e6474ddd4833d4ad1bc8d7', 'team2_id': '331c852427c61f82050b618c2b442c4', 'date': '2025-02-12 15:37:29', 'data_complete': 'complete', 'url': None, 'league': 'TCL', 'year': '2025', 'split': 'Winter', 'playoffs': False, 'game_in_series': 1, 'patch': '15.03'}
{'game_id': 'LOLTMNT05_110346', 'team1_id': '829dfe12e8897e57883e53610867b8e', 'team2_id': '2b20d0fcdb72f7b490eb1dc468136cf', 'date': '2025-02-12 17:21:03', 'data_complete': 'complete', 'url': None, 'league': 'NLC', 'year': '2025', 'split': 'Winter', 'playoffs': False, 'game_in_series': 1, 'patch': '15.03'}
{'game_id': 'LOLTMNT05_110351', 'team1_id': '070a0f7f26241f1269bfa3e8f787920', 'team2_id': '196ea640b81c54e20e32b6294ab9769', 'date': '2025-02-12 17:36:13', 'data_complete': 'complete', 'url': None, 'league': 'TCL', 'year': '2025', 'split': 'Winter', 'playoffs': False, 'game_in_series': 1, 'patch': '15.03'}
{'game_id': 'LOLTMNT05_110356', 'team1_id': '1b4462a50541e063fc148be4082fd0b', 'team2_id': 'df045d28ec9b0b40ea9eb6ab50693ac', 'date': '2025-02-12 17:59:28', 'data_complete': 'complete', 'url': None, 'league': 'EBL', 'year': '2025', 'split': 'Winter', 'playoffs': False, 'game_in_series': 1, 'patch': '15.03'}
{'game_id': 'LOLTMNT05_110375', 'team1_id': '0410783728358f6e711de31a6f1e8f9', 'team2_id': 'a1934e3feca7db728021f9c61a6bc27', 'date': '2025-02-12 18:47:16', 'data_complete': 'complete', 'url': None, 'league': 'PRM', 'year': '2025', 'split': 'Winter', 'playoffs': False, 'game_in_series': 1, 'patch': '15.03'}
{'game_id': 'LOLTMNT05_110376', 'team1_id': '21903b00a2d96c19ca87cb0e4b28527', 'team2_id': 'f4b807048502e27f01499f06b235a9a', 'date': '2025-02-12 18:54:16', 'data_complete': 'complete', 'url': None, 'league': 'EBL', 'year': '2025', 'split': 'Winter', 'playoffs': False, 'game_in_series': 1, 'patch': '15.03'}
{'game_id': 'LOLTMNT05_110377', 'team1_id': 'a1934e3feca7db728021f9c61a6bc27', 'team2_id': '0410783728358f6e711de31a6f1e8f9', 'date': '2025-02-12 19:38:22', 'data_complete': 'complete', 'url': None, 'league': 'PRM', 'year': '2025', 'split': 'Winter', 'playoffs': False, 'game_in_series': 2, 'patch': '15.03'}
{'game_id': 'LOLTMNT05_110379', 'team1_id': 'e42ade212c09777da0f54bffe481f6d', 'team2_id': '548579194cfbf70ae730c1f1c24a013', 'date': '2025-02-12 20:20:13', 'data_complete': 'complete', 'url': None, 'league': 'EBL', 'year': '2025', 'split': 'Winter', 'playoffs': False, 'game_in_series': 1, 'patch': '15.03'}
{'game_id': 'LOLTMNT05_111072', 'team1_id': '196ea640b81c54e20e32b6294ab9769', 'team2_id': '331c852427c61f82050b618c2b442c4', 'date': '2025-02-13 16:13:00', 'data_complete': 'complete', 'url': None, 'league': 'TCL', 'year': '2025', 'split': 'Winter', 'playoffs': False, 'game_in_series': 1, 'patch': '15.03'}
{'game_id': 'LOLTMNT05_111092', 'team1_id': '2d096df29ab7e32950c86e0d72fc986', 'team2_id': '4ccccd4b7c3dba7d799d52c4b78634d', 'date': '2025-02-13 17:09:00', 'data_complete': 'complete', 'url': None, 'league': 'NLC', 'year': '2025', 'split': 'Winter', 'playoffs': False, 'game_in_series': 1, 'patch': '15.03'}
{'game_id': 'LOLTMNT05_111098', 'team1_id': 'd455b12f2d0ae8596211073fb17c14d', 'team2_id': 'e7121adad88546bce0ff2cc41c2d343', 'date': '2025-02-13 17:09:14', 'data_complete': 'complete', 'url': None, 'league': 'LIT', 'year': '2025', 'split': 'Winter', 'playoffs': False, 'game_in_series': 1, 'patch': '15.03'}
{'game_id': 'LOLTMNT05_111110', 'team1_id': '4ccccd4b7c3dba7d799d52c4b78634d', 'team2_id': '2d096df29ab7e32950c86e0d72fc986', 'date': '2025-02-13 17:58:18', 'data_complete': 'complete', 'url': None, 'league': 'NLC', 'year': '2025', 'split': 'Winter', 'playoffs': False, 'game_in_series': 2, 'patch': '15.03'}
{'game_id': 'LOLTMNT05_111122', 'team1_id': 'd455b12f2d0ae8596211073fb17c14d', 'team2_id': 'e7121adad88546bce0ff2cc41c2d343', 'date': '2025-02-13 18:17:14', 'data_complete': 'complete', 'url': None, 'league': 'LIT', 'year': '2025', 'split': 'Winter', 'playoffs': False, 'game_in_series': 2, 'patch': '15.03'}
{'game_id': 'LOLTMNT05_111133', 'team1_id': '6ef01b22224b92f917d70dd9f33568b', 'team2_id': 'b33646d7b7b14dd6da17a88f6ddb592', 'date': '2025-02-13 18:49:11', 'data_complete': 'complete', 'url': None, 'league': 'NLC', 'year': '2025', 'split': 'Winter', 'playoffs': False, 'game_in_series': 1, 'patch': '15.03'}
{'game_id': 'LOLTMNT05_111299', 'team1_id': '257377cff6d20cc978872f83d3da049', 'team2_id': '105f13a20172b3dbd963c7738617873', 'date': '2025-02-14 14:29:19', 'data_complete': 'complete', 'url': None, 'league': 'TCL', 'year': '2025', 'split': 'Winter', 'playoffs': False, 'game_in_series': 1, 'patch': '15.03'}
{'game_id': 'LOLTMNT05_111323', 'team1_id': '5203ff881d5c82c5f720eb3a2f3b44c', 'team2_id': '33ef9e523e6474ddd4833d4ad1bc8d7', 'date': '2025-02-14 15:37:52', 'data_complete': 'complete', 'url': None, 'league': 'TCL', 'year': '2025', 'split': 'Winter', 'playoffs': False, 'game_in_series': 1, 'patch': '15.03'}
{'game_id': 'LOLTMNT05_111350', 'team1_id': '6ef01b22224b92f917d70dd9f33568b', 'team2_id': '2d096df29ab7e32950c86e0d72fc986', 'date': '2025-02-14 17:09:37', 'data_complete': 'complete', 'url': None, 'league': 'NLC', 'year': '2025', 'split': 'Winter', 'playoffs': False, 'game_in_series': 1, 'patch': '15.03'}
{'game_id': 'LOLTMNT05_111360', 'team1_id': 'f2094ae60f9b1f3b6a17ad88ad75fc1', 'team2_id': 'c9d247506c051256fff4babbcfcab82', 'date': '2025-02-14 17:31:23', 'data_complete': 'complete', 'url': None, 'league': 'AL', 'year': '2025', 'split': 'Winter', 'playoffs': False, 'game_in_series': 2, 'patch': '15.03'}
{'game_id': 'LOLTMNT05_111362', 'team1_id': '86b46a299f5fb0b6af80a07785b2090', 'team2_id': '1ff3f5c94edd806e1fed4105fc48995', 'date': '2025-02-14 17:16:34', 'data_complete': 'complete', 'url': None, 'league': 'AL', 'year': '2025', 'split': 'Winter', 'playoffs': False, 'game_in_series': 2, 'patch': '15.03'}
{'game_id': 'LOLTMNT05_111371', 'team1_id': '6ef01b22224b92f917d70dd9f33568b', 'team2_id': '2d096df29ab7e32950c86e0d72fc986', 'date': '2025-02-14 18:11:45', 'data_complete': 'complete', 'url': None, 'league': 'NLC', 'year': '2025', 'split': 'Winter', 'playoffs': False, 'game_in_series': 2, 'patch': '15.03'}
{'game_id': 'LOLTMNT05_111376', 'team1_id': '04b0bb961538735de30f92ad6e7cc60', 'team2_id': 'b1a205489742f1e0600c6489b5d15a8', 'date': '2025-02-14 19:20:34', 'data_complete': 'complete', 'url': None, 'league': 'AL', 'year': '2025', 'split': 'Winter', 'playoffs': False, 'game_in_series': 1, 'patch': '15.03'}
{'game_id': 'LOLTMNT05_111396', 'team1_id': '2d096df29ab7e32950c86e0d72fc986', 'team2_id': '6ef01b22224b92f917d70dd9f33568b', 'date': '2025-02-14 20:01:41', 'data_complete': 'complete', 'url': None, 'league': 'NLC', 'year': '2025', 'split': 'Winter', 'playoffs': False, 'game_in_series': 4, 'patch': '15.03'}
{'game_id': 'LOLTMNT05_111398', 'team1_id': '8d72ee9185fe0727bf453dd59e38cb2', 'team2_id': 'e7121adad88546bce0ff2cc41c2d343', 'date': '2025-02-14 20:36:31', 'data_complete': 'complete', 'url': None, 'league': 'LIT', 'year': '2025', 'split': 'Winter', 'playoffs': False, 'game_in_series': 4, 'patch': '15.03'}
{'game_id': 'LOLTMNT05_111455', 'team1_id': 'df682d5adfed257780a68a85004ed27', 'team2_id': '71bd93fd1eab2c2f4ba60305ecabce2', 'date': '2025-02-15 11:59:45', 'data_complete': 'complete', 'url': None, 'league': 'LFL2', 'year': '2025', 'split': 'Winter', 'playoffs': False, 'game_in_series': 1, 'patch': '15.03'}
{'game_id': 'LOLTMNT05_111489', 'team1_id': 'f9d5cf621532c5ac51e0947d7098b7f', 'team2_id': '343268a42863e8fc2767e02e4042de8', 'date': '2025-02-15 14:13:55', 'data_complete': 'complete', 'url': None, 'league': 'LFL2', 'year': '2025', 'split': 'Winter', 'playoffs': False, 'game_in_series': 1, 'patch': '15.03'}
{'game_id': 'LOLTMNT05_111524', 'team1_id': '78f183fa5a7d8ecb22b9ad272c3abd7', 'team2_id': '1285e1c04d54de96502f12da4d49458', 'date': '2025-02-15 17:12:10', 'data_complete': 'complete', 'url': None, 'league': 'LEC', 'year': '2025', 'split': 'Winter', 'playoffs': True, 'game_in_series': 1, 'patch': '15.03'}
{'game_id': 'LOLTMNT05_111578', 'team1_id': 'df682d5adfed257780a68a85004ed27', 'team2_id': '343268a42863e8fc2767e02e4042de8', 'date': '2025-02-16 13:06:08', 'data_complete': 'complete', 'url': None, 'league': 'LFL2', 'year': '2025', 'split': 'Winter', 'playoffs': False, 'game_in_series': 1, 'patch': '15.03'}
{'game_id': 'LOLTMNT05_112082', 'team1_id': '257377cff6d20cc978872f83d3da049', 'team2_id': '070a0f7f26241f1269bfa3e8f787920', 'date': '2025-02-13 17:16:38', 'data_complete': 'complete', 'url': None, 'league': 'TCL', 'year': '2025', 'split': 'Winter', 'playoffs': False, 'game_in_series': 1, 'patch': '15.03'}
{'game_id': 'LOLTMNT05_112099', 'team1_id': '21903b00a2d96c19ca87cb0e4b28527', 'team2_id': '1b4462a50541e063fc148be4082fd0b', 'date': '2025-02-13 17:58:54', 'data_complete': 'complete', 'url': None, 'league': 'EBL', 'year': '2025', 'split': 'Winter', 'playoffs': False, 'game_in_series': 1, 'patch': '15.03'}
{'game_id': 'LOLTMNT05_112105', 'team1_id': '105f13a20172b3dbd963c7738617873', 'team2_id': '5203ff881d5c82c5f720eb3a2f3b44c', 'date': '2025-02-13 18:15:01', 'data_complete': 'complete', 'url': None, 'league': 'TCL', 'year': '2025', 'split': 'Winter', 'playoffs': False, 'game_in_series': 1, 'patch': '15.03'}
{'game_id': 'LOLTMNT05_112115', 'team1_id': 'e42ade212c09777da0f54bffe481f6d', 'team2_id': 'df045d28ec9b0b40ea9eb6ab50693ac', 'date': '2025-02-13 18:46:06', 'data_complete': 'complete', 'url': None, 'league': 'EBL', 'year': '2025', 'split': 'Winter', 'playoffs': False, 'game_in_series': 1, 'patch': '15.03'}
{'game_id': 'LOLTMNT05_112128', 'team1_id': 'd455b12f2d0ae8596211073fb17c14d', 'team2_id': 'e7121adad88546bce0ff2cc41c2d343', 'date': '2025-02-13 19:13:54', 'data_complete': 'complete', 'url': None, 'league': 'LIT', 'year': '2025', 'split': 'Winter', 'playoffs': False, 'game_in_series': 3, 'patch': '15.03'}
{'game_id': 'LOLTMNT05_112129', 'team1_id': '548579194cfbf70ae730c1f1c24a013', 'team2_id': 'f4b807048502e27f01499f06b235a9a', 'date': '2025-02-13 19:49:40', 'data_complete': 'complete', 'url': None, 'league': 'EBL', 'year': '2025', 'split': 'Winter', 'playoffs': False, 'game_in_series': 1, 'patch': '15.03'}
{'game_id': 'LOLTMNT05_112131', 'team1_id': 'b33646d7b7b14dd6da17a88f6ddb592', 'team2_id': '6ef01b22224b92f917d70dd9f33568b', 'date': '2025-02-13 19:46:31', 'data_complete': 'complete', 'url': None, 'league': 'NLC', 'year': '2025', 'split': 'Winter', 'playoffs': False, 'game_in_series': 2, 'patch': '15.03'}
{'game_id': 'LOLTMNT05_112137', 'team1_id': '6ef01b22224b92f917d70dd9f33568b', 'team2_id': 'b33646d7b7b14dd6da17a88f6ddb592', 'date': '2025-02-13 20:42:35', 'data_complete': 'complete', 'url': None, 'league': 'NLC', 'year': '2025', 'split': 'Winter', 'playoffs': False, 'game_in_series': 3, 'patch': '15.03'}
{'game_id': 'LOLTMNT05_112293', 'team1_id': 'c6aa23f2afcbe6fc281c7bb9b96c843', 'team2_id': 'ca663b1c89065ae6491db8e9cd5c305', 'date': '2025-02-14 16:24:30', 'data_complete': 'complete', 'url': None, 'league': 'AL', 'year': '2025', 'split': 'Winter', 'playoffs': False, 'game_in_series': 1, 'patch': '15.03'}
{'game_id': 'LOLTMNT05_112294', 'team1_id': '1ff3f5c94edd806e1fed4105fc48995', 'team2_id': '86b46a299f5fb0b6af80a07785b2090', 'date': '2025-02-14 16:28:44', 'data_complete': 'complete', 'url': None, 'league': 'AL', 'year': '2025', 'split': 'Winter', 'playoffs': False, 'game_in_series': 1, 'patch': '15.03'}
{'game_id': 'LOLTMNT05_112295', 'team1_id': 'c9d247506c051256fff4babbcfcab82', 'team2_id': 'f2094ae60f9b1f3b6a17ad88ad75fc1', 'date': '2025-02-14 16:16:00', 'data_complete': 'complete', 'url': None, 'league': 'AL', 'year': '2025', 'split': 'Winter', 'playoffs': False, 'game_in_series': 1, 'patch': '15.03'}
{'game_id': 'LOLTMNT05_112297', 'team1_id': '4f19751f9f051533995772897da2d77', 'team2_id': '196ea640b81c54e20e32b6294ab9769', 'date': '2025-02-14 16:44:31', 'data_complete': 'complete', 'url': None, 'league': 'TCL', 'year': '2025', 'split': 'Winter', 'playoffs': False, 'game_in_series': 1, 'patch': '15.03'}
{'game_id': 'LOLTMNT05_112301', 'team1_id': '8d72ee9185fe0727bf453dd59e38cb2', 'team2_id': 'e7121adad88546bce0ff2cc41c2d343', 'date': '2025-02-14 17:27:07', 'data_complete': 'complete', 'url': None, 'league': 'LIT', 'year': '2025', 'split': 'Winter', 'playoffs': False, 'game_in_series': 1, 'patch': '15.03'}
{'game_id': 'LOLTMNT05_112310', 'team1_id': 'c6aa23f2afcbe6fc281c7bb9b96c843', 'team2_id': 'ca663b1c89065ae6491db8e9cd5c305', 'date': '2025-02-14 17:23:23', 'data_complete': 'complete', 'url': None, 'league': 'AL', 'year': '2025', 'split': 'Winter', 'playoffs': False, 'game_in_series': 2, 'patch': '15.03'}
{'game_id': 'LOLTMNT05_112312', 'team1_id': '331c852427c61f82050b618c2b442c4', 'team2_id': '070a0f7f26241f1269bfa3e8f787920', 'date': '2025-02-14 17:45:20', 'data_complete': 'complete', 'url': None, 'league': 'TCL', 'year': '2025', 'split': 'Winter', 'playoffs': False, 'game_in_series': 1, 'patch': '15.03'}
{'game_id': 'LOLTMNT05_112320', 'team1_id': 'e7121adad88546bce0ff2cc41c2d343', 'team2_id': '8d72ee9185fe0727bf453dd59e38cb2', 'date': '2025-02-14 18:20:00', 'data_complete': 'complete', 'url': None, 'league': 'LIT', 'year': '2025', 'split': 'Winter', 'playoffs': False, 'game_in_series': 2, 'patch': '15.03'}
{'game_id': 'LOLTMNT05_112327', 'team1_id': '6ef01b22224b92f917d70dd9f33568b', 'team2_id': '2d096df29ab7e32950c86e0d72fc986', 'date': '2025-02-14 19:07:24', 'data_complete': 'complete', 'url': None, 'league': 'NLC', 'year': '2025', 'split': 'Winter', 'playoffs': False, 'game_in_series': 3, 'patch': '15.03'}
{'game_id': 'LOLTMNT05_112334', 'team1_id': 'e7121adad88546bce0ff2cc41c2d343', 'team2_id': '8d72ee9185fe0727bf453dd59e38cb2', 'date': '2025-02-14 19:15:03', 'data_complete': 'complete', 'url': None, 'league': 'LIT', 'year': '2025', 'split': 'Winter', 'playoffs': False, 'game_in_series': 3, 'patch': '15.03'}
{'game_id': 'LOLTMNT05_112342', 'team1_id': 'b1a205489742f1e0600c6489b5d15a8', 'team2_id': '04b0bb961538735de30f92ad6e7cc60', 'date': '2025-02-14 20:15:30', 'data_complete': 'complete', 'url': None, 'league': 'AL', 'year': '2025', 'split': 'Winter', 'playoffs': False, 'game_in_series': 2, 'patch': '15.03'}
{'game_id': 'LOLTMNT05_112346', 'team1_id': '04b0bb961538735de30f92ad6e7cc60', 'team2_id': 'b1a205489742f1e0600c6489b5d15a8', 'date': '2025-02-14 21:14:24', 'data_complete': 'complete', 'url': None, 'league': 'AL', 'year': '2025', 'split': 'Winter', 'playoffs': False, 'game_in_series': 3, 'patch': '15.03'}
{'game_id': 'LOLTMNT05_112361', 'team1_id': 'ad003d7f74930eeab29a6029c3b9f52', 'team2_id': 'b659295189ec2ddd1a30e39fd3a0bd8', 'date': '2025-02-15 11:05:00', 'data_complete': 'complete', 'url': None, 'league': 'LFL2', 'year': '2025', 'split': 'Winter', 'playoffs': False, 'game_in_series': 1, 'patch': '15.03'}
{'game_id': 'LOLTMNT05_112394', 'team1_id': '1285e1c04d54de96502f12da4d49458', 'team2_id': '78f183fa5a7d8ecb22b9ad272c3abd7', 'date': '2025-02-15 17:58:23', 'data_complete': 'complete', 'url': None, 'league': 'LEC', 'year': '2025', 'split': 'Winter', 'playoffs': True, 'game_in_series': 2, 'patch': '15.03'}
{'game_id': 'LOLTMNT05_112400', 'team1_id': '7d6673d3a9d00363c6bebc1a630da6e', 'team2_id': '6cd05f0ac20bfb965a59dc8bcc4f184', 'date': '2025-02-15 18:57:18', 'data_complete': 'complete', 'url': None, 'league': 'LEC', 'year': '2025', 'split': 'Winter', 'playoffs': True, 'game_in_series': 1, 'patch': '15.03'}
{'game_id': 'LOLTMNT05_112410', 'team1_id': '6cd05f0ac20bfb965a59dc8bcc4f184', 'team2_id': '7d6673d3a9d00363c6bebc1a630da6e', 'date': '2025-02-15 19:58:48', 'data_complete': 'complete', 'url': None, 'league': 'LEC', 'year': '2025', 'split': 'Winter', 'playoffs': True, 'game_in_series': 2, 'patch': '15.03'}
{'game_id': 'LOLTMNT05_112436', 'team1_id': '71bd93fd1eab2c2f4ba60305ecabce2', 'team2_id': 'b659295189ec2ddd1a30e39fd3a0bd8', 'date': '2025-02-16 11:13:08', 'data_complete': 'complete', 'url': None, 'league': 'LFL2', 'year': '2025', 'split': 'Winter', 'playoffs': False, 'game_in_series': 1, 'patch': '15.03'}
{'game_id': 'LOLTMNT05_112439', 'team1_id': '302fced4d92a9b83cb5784fd6f3b548', 'team2_id': 'ad003d7f74930eeab29a6029c3b9f52', 'date': '2025-02-16 12:03:07', 'data_complete': 'complete', 'url': None, 'league': 'LFL2', 'year': '2025', 'split': 'Winter', 'playoffs': False, 'game_in_series': 1, 'patch': '15.03'}
{'game_id': 'LOLTMNT05_112512', 'team1_id': '4acc40654379b4da680be1bd3129dfa', 'team2_id': '7338408a0fe0217451d2c9a567db999', 'date': '2025-02-16 17:07:42', 'data_complete': 'complete', 'url': None, 'league': 'LEC', 'year': '2025', 'split': 'Winter', 'playoffs': True, 'game_in_series': 1, 'patch': '15.03'}
{'game_id': 'LOLTMNT05_112514', 'team1_id': '7338408a0fe0217451d2c9a567db999', 'team2_id': '4acc40654379b4da680be1bd3129dfa', 'date': '2025-02-16 17:59:31', 'data_complete': 'complete', 'url': None, 'league': 'LEC', 'year': '2025', 'split': 'Winter', 'playoffs': True, 'game_in_series': 2, 'patch': '15.03'}
{'game_id': 'LOLTMNT05_112521', 'team1_id': 'f3aa9bbd924ce3af42ac53f8326bc7c', 'team2_id': 'e8d8ae992fe72acb7adc7bfcee31dbb', 'date': '2025-02-16 19:07:09', 'data_complete': 'complete', 'url': None, 'league': 'LEC', 'year': '2025', 'split': 'Winter', 'playoffs': True, 'game_in_series': 1, 'patch': '15.03'}
{'game_id': 'LOLTMNT06_95160', 'team1_id': '343268a42863e8fc2767e02e4042de8', 'team2_id': 'ad003d7f74930eeab29a6029c3b9f52', 'date': '2025-01-11 13:07:47', 'data_complete': 'complete', 'url': None, 'league': 'LFL2', 'year': '2025', 'split': 'Winter', 'playoffs': False, 'game_in_series': 1, 'patch': '15.01'}
{'game_id': 'LOLTMNT06_95187', 'team1_id': '2799e04c7212d3c262467ef25427eda', 'team2_id': 'b659295189ec2ddd1a30e39fd3a0bd8', 'date': '2025-01-12 11:59:05', 'data_complete': 'complete', 'url': None, 'league': 'LFL2', 'year': '2025', 'split': 'Winter', 'playoffs': False, 'game_in_series': 1, 'patch': '15.01'}
{'game_id': 'LOLTMNT06_95254', 'team1_id': '2d096df29ab7e32950c86e0d72fc986', 'team2_id': '6ef01b22224b92f917d70dd9f33568b', 'date': '2025-01-15 17:08:03', 'data_complete': 'complete', 'url': None, 'league': 'NLC', 'year': '2025', 'split': 'Winter', 'playoffs': False, 'game_in_series': 1, 'patch': '15.01'}
{'game_id': 'LOLTMNT06_95284', 'team1_id': '8891a0acf315ddb592027260300032f', 'team2_id': '2b20d0fcdb72f7b490eb1dc468136cf', 'date': '2025-01-16 17:15:00', 'data_complete': 'complete', 'url': None, 'league': 'NLC', 'year': '2025', 'split': 'Winter', 'playoffs': False, 'game_in_series': 1, 'patch': '15.01'}
{'game_id': 'LOLTMNT06_95291', 'team1_id': '147e28c0910250269fbc430f9f42010', 'team2_id': 'db052729079b7bbe03274df413b2d1b', 'date': '2025-01-16 18:12:45', 'data_complete': 'complete', 'url': None, 'league': 'NLC', 'year': '2025', 'split': 'Winter', 'playoffs': False, 'game_in_series': 1, 'patch': '15.01'}
{'game_id': 'LOLTMNT06_95294', 'team1_id': '8891a0acf315ddb592027260300032f', 'team2_id': '829dfe12e8897e57883e53610867b8e', 'date': '2025-01-16 19:08:47', 'data_complete': 'complete', 'url': None, 'league': 'NLC', 'year': '2025', 'split': 'Winter', 'playoffs': False, 'game_in_series': 1, 'patch': '15.01'}
{'game_id': 'LOLTMNT06_95295', 'team1_id': 'db052729079b7bbe03274df413b2d1b', 'team2_id': '2b20d0fcdb72f7b490eb1dc468136cf', 'date': '2025-01-16 20:00:47', 'data_complete': 'complete', 'url': None, 'league': 'NLC', 'year': '2025', 'split': 'Winter', 'playoffs': False, 'game_in_series': 1, 'patch': '15.01'}
{'game_id': 'LOLTMNT06_95297', 'team1_id': '829dfe12e8897e57883e53610867b8e', 'team2_id': '147e28c0910250269fbc430f9f42010', 'date': '2025-01-16 21:19:29', 'data_complete': 'complete', 'url': None, 'league': 'NLC', 'year': '2025', 'split': 'Winter', 'playoffs': False, 'game_in_series': 1, 'patch': '15.01'}
{'game_id': 'LOLTMNT06_95363', 'team1_id': '6cd05f0ac20bfb965a59dc8bcc4f184', 'team2_id': '75760dca486d4682426196b76bd1a54', 'date': '2025-01-18 19:05:05', 'data_complete': 'complete', 'url': None, 'league': 'LEC', 'year': '2025', 'split': 'Winter', 'playoffs': False, 'game_in_series': 1, 'patch': '15.01'}
{'game_id': 'LOLTMNT06_95385', 'team1_id': 'f3aa9bbd924ce3af42ac53f8326bc7c', 'team2_id': '7d6673d3a9d00363c6bebc1a630da6e', 'date': '2025-01-18 21:00:09', 'data_complete': 'complete', 'url': None, 'league': 'LEC', 'year': '2025', 'split': 'Winter', 'playoffs': False, 'game_in_series': 1, 'patch': '15.01'}
{'game_id': 'LOLTMNT06_95400', 'team1_id': '71bd93fd1eab2c2f4ba60305ecabce2', 'team2_id': 'df682d5adfed257780a68a85004ed27', 'date': '2025-01-19 12:20:04', 'data_complete': 'complete', 'url': None, 'league': 'LFL2', 'year': '2025', 'split': 'Winter', 'playoffs': False, 'game_in_series': 1, 'patch': '15.01'}
{'game_id': 'LOLTMNT06_95402', 'team1_id': '302fced4d92a9b83cb5784fd6f3b548', 'team2_id': '2799e04c7212d3c262467ef25427eda', 'date': '2025-01-19 13:11:52', 'data_complete': 'complete', 'url': None, 'league': 'LFL2', 'year': '2025', 'split': 'Winter', 'playoffs': False, 'game_in_series': 1, 'patch': '15.01'}
{'game_id': 'LOLTMNT06_95404', 'team1_id': '343268a42863e8fc2767e02e4042de8', 'team2_id': 'f9d5cf621532c5ac51e0947d7098b7f', 'date': '2025-01-19 14:09:32', 'data_complete': 'complete', 'url': None, 'league': 'LFL2', 'year': '2025', 'split': 'Winter', 'playoffs': False, 'game_in_series': 1, 'patch': '15.01'}
{'game_id': 'LOLTMNT06_95435', 'team1_id': 'cd62e47544f14f1d239afa659b9d243', 'team2_id': '6cd05f0ac20bfb965a59dc8bcc4f184', 'date': '2025-01-19 17:59:13', 'data_complete': 'complete', 'url': None, 'league': 'LEC', 'year': '2025', 'split': 'Winter', 'playoffs': False, 'game_in_series': 1, 'patch': '15.01'}
{'game_id': 'LOLTMNT06_95446', 'team1_id': '4acc40654379b4da680be1bd3129dfa', 'team2_id': 'f3aa9bbd924ce3af42ac53f8326bc7c', 'date': '2025-01-19 19:21:06', 'data_complete': 'complete', 'url': None, 'league': 'LEC', 'year': '2025', 'split': 'Winter', 'playoffs': False, 'game_in_series': 1, 'patch': '15.01'}
{'game_id': 'LOLTMNT06_95500', 'team1_id': '7338408a0fe0217451d2c9a567db999', 'team2_id': 'cd62e47544f14f1d239afa659b9d243', 'date': '2025-01-20 17:07:36', 'data_complete': 'complete', 'url': None, 'league': 'LEC', 'year': '2025', 'split': 'Winter', 'playoffs': False, 'game_in_series': 1, 'patch': '15.01'}
{'game_id': 'LOLTMNT06_95531', 'team1_id': '7d6673d3a9d00363c6bebc1a630da6e', 'team2_id': '75760dca486d4682426196b76bd1a54', 'date': '2025-01-20 19:48:37', 'data_complete': 'complete', 'url': None, 'league': 'LEC', 'year': '2025', 'split': 'Winter', 'playoffs': False, 'game_in_series': 1, 'patch': '15.01'}
{'game_id': 'LOLTMNT06_95563', 'team1_id': '48199c3e87ac9d14cdf50169f8eaabc', 'team2_id': 'a5db7fc71cdcb604a98e6ae9c505b0d', 'date': '2025-01-21 19:10:48', 'data_complete': 'complete', 'url': None, 'league': 'PRM', 'year': '2025', 'split': 'Winter', 'playoffs': False, 'game_in_series': 1, 'patch': '15.01'}
{'game_id': 'LOLTMNT06_95624', 'team1_id': 'c40f6d0d20a7a718c60342e48c144a2', 'team2_id': '9adc852fe2e027c5e4abd53ae8915ff', 'date': '2025-01-22 17:04:55', 'data_complete': 'complete', 'url': None, 'league': 'LFL', 'year': '2025', 'split': 'Flash In', 'playoffs': False, 'game_in_series': 1, 'patch': '15.01'}
{'game_id': 'LOLTMNT06_95625', 'team1_id': 'e6423e34fc74500296fbaa43fac025d', 'team2_id': '26ff1a9f7fb8e976fbdcc5d2a8ac397', 'date': '2025-01-22 17:07:10', 'data_complete': 'complete', 'url': None, 'league': 'PRM', 'year': '2025', 'split': 'Winter', 'playoffs': False, 'game_in_series': 1, 'patch': '15.01'}
{'game_id': 'LOLTMNT06_95658', 'team1_id': 'e6423e34fc74500296fbaa43fac025d', 'team2_id': '26ff1a9f7fb8e976fbdcc5d2a8ac397', 'date': '2025-01-22 17:58:34', 'data_complete': 'complete', 'url': None, 'league': 'PRM', 'year': '2025', 'split': 'Winter', 'playoffs': False, 'game_in_series': 2, 'patch': '15.01'}
{'game_id': 'LOLTMNT06_95660', 'team1_id': 'b33646d7b7b14dd6da17a88f6ddb592', 'team2_id': '91e745607dea86d98f6307553e0491d', 'date': '2025-01-22 18:10:29', 'data_complete': 'complete', 'url': None, 'league': 'NLC', 'year': '2025', 'split': 'Winter', 'playoffs': False, 'game_in_series': 1, 'patch': '15.01'}
{'game_id': 'LOLTMNT06_95665', 'team1_id': 'd2c27cb51cedbbac1752f1ec81addc4', 'team2_id': '312ee76ca74cbb5cb984d8b71ef4847', 'date': '2025-01-22 18:53:56', 'data_complete': 'complete', 'url': None, 'league': 'LFL', 'year': '2025', 'split': 'Flash In', 'playoffs': False, 'game_in_series': 1, 'patch': '15.01'}
{'game_id': 'LOLTMNT06_95676', 'team1_id': '26ff1a9f7fb8e976fbdcc5d2a8ac397', 'team2_id': 'e6423e34fc74500296fbaa43fac025d', 'date': '2025-01-22 19:11:07', 'data_complete': 'complete', 'url': None, 'league': 'PRM', 'year': '2025', 'split': 'Winter', 'playoffs': False, 'game_in_series': 3, 'patch': '15.01'}
{'game_id': 'LOLTMNT06_95678', 'team1_id': '6ef01b22224b92f917d70dd9f33568b', 'team2_id': '91e745607dea86d98f6307553e0491d', 'date': '2025-01-22 20:11:00', 'data_complete': 'complete', 'url': None, 'league': 'NLC', 'year': '2025', 'split': 'Winter', 'playoffs': False, 'game_in_series': 1, 'patch': '15.01'}
{'game_id': 'LOLTMNT06_95719', 'team1_id': '5203ff881d5c82c5f720eb3a2f3b44c', 'team2_id': '070a0f7f26241f1269bfa3e8f787920', 'date': '2025-01-23 14:32:07', 'data_complete': 'complete', 'url': None, 'league': 'TCL', 'year': '2025', 'split': 'Winter', 'playoffs': False, 'game_in_series': 1, 'patch': '15.01'}
{'game_id': 'LOLTMNT06_95723', 'team1_id': '257377cff6d20cc978872f83d3da049', 'team2_id': '4f19751f9f051533995772897da2d77', 'date': '2025-01-23 15:46:27', 'data_complete': 'complete', 'url': None, 'league': 'TCL', 'year': '2025', 'split': 'Winter', 'playoffs': False, 'game_in_series': 1, 'patch': '15.01'}
{'game_id': 'LOLTMNT06_95728', 'team1_id': '7d2c778dc03e3fe0db9e45a57895b88', 'team2_id': '9adc852fe2e027c5e4abd53ae8915ff', 'date': '2025-01-23 17:05:13', 'data_complete': 'complete', 'url': None, 'league': 'LFL', 'year': '2025', 'split': 'Flash In', 'playoffs': False, 'game_in_series': 1, 'patch': '15.01'}
{'game_id': 'LOLTMNT06_95741', 'team1_id': '2b20d0fcdb72f7b490eb1dc468136cf', 'team2_id': '147e28c0910250269fbc430f9f42010', 'date': '2025-01-23 17:15:45', 'data_complete': 'complete', 'url': None, 'league': 'NLC', 'year': '2025', 'split': 'Winter', 'playoffs': False, 'game_in_series': 1, 'patch': '15.01'}
{'game_id': 'LOLTMNT06_95755', 'team1_id': '33ef9e523e6474ddd4833d4ad1bc8d7', 'team2_id': '196ea640b81c54e20e32b6294ab9769', 'date': '2025-01-23 18:15:52', 'data_complete': 'complete', 'url': None, 'league': 'TCL', 'year': '2025', 'split': 'Winter', 'playoffs': False, 'game_in_series': 1, 'patch': '15.01'}
{'game_id': 'LOLTMNT06_95764', 'team1_id': '312ee76ca74cbb5cb984d8b71ef4847', 'team2_id': '7380b73561abdd86c2391e9481acd4b', 'date': '2025-01-23 18:51:25', 'data_complete': 'complete', 'url': None, 'league': 'LFL', 'year': '2025', 'split': 'Flash In', 'playoffs': False, 'game_in_series': 1, 'patch': '15.01'}
{'game_id': 'LOLTMNT06_95768', 'team1_id': '8d72ee9185fe0727bf453dd59e38cb2', 'team2_id': 'd455b12f2d0ae8596211073fb17c14d', 'date': '2025-01-23 19:02:19', 'data_complete': 'complete', 'url': None, 'league': 'LIT', 'year': '2025', 'split': 'Winter', 'playoffs': False, 'game_in_series': 1, 'patch': '15.01'}
{'game_id': 'LOLTMNT06_95772', 'team1_id': '829dfe12e8897e57883e53610867b8e', 'team2_id': '2b20d0fcdb72f7b490eb1dc468136cf', 'date': '2025-01-23 20:07:24', 'data_complete': 'complete', 'url': None, 'league': 'NLC', 'year': '2025', 'split': 'Winter', 'playoffs': False, 'game_in_series': 1, 'patch': '15.01'}
{'game_id': 'LOLTMNT06_95773', 'team1_id': '8891a0acf315ddb592027260300032f', 'team2_id': 'db052729079b7bbe03274df413b2d1b', 'date': '2025-01-23 21:05:35', 'data_complete': 'complete', 'url': None, 'league': 'NLC', 'year': '2025', 'split': 'Winter', 'playoffs': False, 'game_in_series': 1, 'patch': '15.01'}
{'game_id': 'LOLTMNT06_95782', 'team1_id': '196ea640b81c54e20e32b6294ab9769', 'team2_id': '070a0f7f26241f1269bfa3e8f787920', 'date': '2025-01-24 14:31:44', 'data_complete': 'complete', 'url': None, 'league': 'TCL', 'year': '2025', 'split': 'Winter', 'playoffs': False, 'game_in_series': 1, 'patch': '15.01'}
{'game_id': 'LOLTMNT06_95794', 'team1_id': '4f19751f9f051533995772897da2d77', 'team2_id': '105f13a20172b3dbd963c7738617873', 'date': '2025-01-24 16:27:38', 'data_complete': 'complete', 'url': None, 'league': 'TCL', 'year': '2025', 'split': 'Winter', 'playoffs': False, 'game_in_series': 1, 'patch': '15.01'}
{'game_id': 'LOLTMNT06_95802', 'team1_id': '01d50b1de5bdc717131b31c64378a5b', 'team2_id': 'e7121adad88546bce0ff2cc41c2d343', 'date': '2025-01-24 17:07:20', 'data_complete': 'complete', 'url': None, 'league': 'LIT', 'year': '2025', 'split': 'Winter', 'playoffs': False, 'game_in_series': 1, 'patch': '15.01'}
{'game_id': 'LOLTMNT06_95808', 'team1_id': '859509efa5386fc9876164f85c5cd59', 'team2_id': 'd455b12f2d0ae8596211073fb17c14d', 'date': '2025-01-24 18:10:45', 'data_complete': 'complete', 'url': None, 'league': 'LIT', 'year': '2025', 'split': 'Winter', 'playoffs': False, 'game_in_series': 1, 'patch': '15.01'}
{'game_id': 'LOLTMNT06_95811', 'team1_id': '4ccccd4b7c3dba7d799d52c4b78634d', 'team2_id': 'b33646d7b7b14dd6da17a88f6ddb592', 'date': '2025-01-24 19:11:38', 'data_complete': 'complete', 'url': None, 'league': 'NLC', 'year': '2025', 'split': 'Winter', 'playoffs': False, 'game_in_series': 1, 'patch': '15.01'}
{'game_id': 'LOLTMNT06_95831', 'team1_id': '2799e04c7212d3c262467ef25427eda', 'team2_id': 'f9d5cf621532c5ac51e0947d7098b7f', 'date': '2025-01-25 12:12:05', 'data_complete': 'complete', 'url': None, 'league': 'LFL2', 'year': '2025', 'split': 'Winter', 'playoffs': False, 'game_in_series': 1, 'patch': '15.01'}
{'game_id': 'LOLTMNT06_95832', 'team1_id': '71bd93fd1eab2c2f4ba60305ecabce2', 'team2_id': 'b659295189ec2ddd1a30e39fd3a0bd8', 'date': '2025-01-25 13:12:48', 'data_complete': 'complete', 'url': None, 'league': 'LFL2', 'year': '2025', 'split': 'Winter', 'playoffs': False, 'game_in_series': 1, 'patch': '15.01'}
{'game_id': 'LOLTMNT06_95858', 'team1_id': 'f9d5cf621532c5ac51e0947d7098b7f', 'team2_id': 'df682d5adfed257780a68a85004ed27', 'date': '2025-01-26 11:01:46', 'data_complete': 'complete', 'url': None, 'league': 'LFL2', 'year': '2025', 'split': 'Winter', 'playoffs': False, 'game_in_series': 1, 'patch': '15.01'}
{'game_id': 'LOLTMNT06_95862', 'team1_id': '343268a42863e8fc2767e02e4042de8', 'team2_id': 'b659295189ec2ddd1a30e39fd3a0bd8', 'date': '2025-01-26 12:04:05', 'data_complete': 'complete', 'url': None, 'league': 'LFL2', 'year': '2025', 'split': 'Winter', 'playoffs': False, 'game_in_series': 1, 'patch': '15.01'}
{'game_id': 'LOLTMNT06_95864', 'team1_id': '302fced4d92a9b83cb5784fd6f3b548', 'team2_id': '71bd93fd1eab2c2f4ba60305ecabce2', 'date': '2025-01-26 14:03:36', 'data_complete': 'complete', 'url': None, 'league': 'LFL2', 'year': '2025', 'split': 'Winter', 'playoffs': False, 'game_in_series': 1, 'patch': '15.01'}
{'game_id': 'LOLTMNT06_95937', 'team1_id': 'e0143514c5de64f62eb418004ca2751', 'team2_id': '9adc852fe2e027c5e4abd53ae8915ff', 'date': '2025-01-29 17:10:18', 'data_complete': 'complete', 'url': None, 'league': 'LFL', 'year': '2025', 'split': 'Flash In', 'playoffs': False, 'game_in_series': 1, 'patch': '15.01'}
{'game_id': 'LOLTMNT06_95948', 'team1_id': '312ee76ca74cbb5cb984d8b71ef4847', 'team2_id': 'ccd089bf173a5fff1063eb0576201a7', 'date': '2025-01-29 18:59:19', 'data_complete': 'complete', 'url': None, 'league': 'LFL', 'year': '2025', 'split': 'Flash In', 'playoffs': False, 'game_in_series': 1, 'patch': '15.01'}
{'game_id': 'LOLTMNT06_95950', 'team1_id': 'd2c27cb51cedbbac1752f1ec81addc4', 'team2_id': '7380b73561abdd86c2391e9481acd4b', 'date': '2025-01-29 20:09:43', 'data_complete': 'complete', 'url': None, 'league': 'LFL', 'year': '2025', 'split': 'Flash In', 'playoffs': False, 'game_in_series': 1, 'patch': '15.01'}
{'game_id': 'LOLTMNT06_95958', 'team1_id': '90938c428db11f6e372f5c6833b9743', 'team2_id': '7d2c778dc03e3fe0db9e45a57895b88', 'date': '2025-01-30 17:05:48', 'data_complete': 'complete', 'url': None, 'league': 'LFL', 'year': '2025', 'split': 'Flash In', 'playoffs': False, 'game_in_series': 1, 'patch': '15.01'}
{'game_id': 'LOLTMNT06_95964', 'team1_id': '42bf6c1040db8f2221ff017fa4d34e4', 'team2_id': 'd2c27cb51cedbbac1752f1ec81addc4', 'date': '2025-01-30 20:05:52', 'data_complete': 'complete', 'url': None, 'league': 'LFL', 'year': '2025', 'split': 'Flash In', 'playoffs': False, 'game_in_series': 1, 'patch': '15.01'}
{'game_id': 'LOLTMNT06_95974', 'team1_id': '42bf6c1040db8f2221ff017fa4d34e4', 'team2_id': '312ee76ca74cbb5cb984d8b71ef4847', 'date': '2025-01-31 17:08:13', 'data_complete': 'complete', 'url': None, 'league': 'LFL', 'year': '2025', 'split': 'Flash In', 'playoffs': False, 'game_in_series': 1, 'patch': '15.01'}
{'game_id': 'LOLTMNT06_95978', 'team1_id': '312ee76ca74cbb5cb984d8b71ef4847', 'team2_id': '7380b73561abdd86c2391e9481acd4b', 'date': '2025-01-31 17:56:45', 'data_complete': 'complete', 'url': None, 'league': 'LFL', 'year': '2025', 'split': 'Flash In', 'playoffs': False, 'game_in_series': 1, 'patch': '15.01'}
{'game_id': 'LOLTMNT06_95981', 'team1_id': '7380b73561abdd86c2391e9481acd4b', 'team2_id': '42bf6c1040db8f2221ff017fa4d34e4', 'date': '2025-01-31 18:54:02', 'data_complete': 'complete', 'url': None, 'league': 'LFL', 'year': '2025', 'split': 'Flash In', 'playoffs': False, 'game_in_series': 1, 'patch': '15.01'}
{'game_id': 'LOLTMNT06_96134', 'team1_id': 'df682d5adfed257780a68a85004ed27', 'team2_id': 'b659295189ec2ddd1a30e39fd3a0bd8', 'date': '2025-01-11 12:06:37', 'data_complete': 'complete', 'url': None, 'league': 'LFL2', 'year': '2025', 'split': 'Winter', 'playoffs': False, 'game_in_series': 1, 'patch': '15.01'}
{'game_id': 'LOLTMNT06_96169', 'team1_id': '71bd93fd1eab2c2f4ba60305ecabce2', 'team2_id': '343268a42863e8fc2767e02e4042de8', 'date': '2025-01-12 11:04:21', 'data_complete': 'complete', 'url': None, 'league': 'LFL2', 'year': '2025', 'split': 'Winter', 'playoffs': False, 'game_in_series': 1, 'patch': '15.01'}
{'game_id': 'LOLTMNT06_96178', 'team1_id': 'df682d5adfed257780a68a85004ed27', 'team2_id': '302fced4d92a9b83cb5784fd6f3b548', 'date': '2025-01-12 12:52:11', 'data_complete': 'complete', 'url': None, 'league': 'LFL2', 'year': '2025', 'split': 'Winter', 'playoffs': False, 'game_in_series': 1, 'patch': '15.01'}
{'game_id': 'LOLTMNT06_96180', 'team1_id': 'ad003d7f74930eeab29a6029c3b9f52', 'team2_id': 'f9d5cf621532c5ac51e0947d7098b7f', 'date': '2025-01-12 13:51:29', 'data_complete': 'complete', 'url': None, 'league': 'LFL2', 'year': '2025', 'split': 'Winter', 'playoffs': False, 'game_in_series': 1, 'patch': '15.01'}
{'game_id': 'LOLTMNT06_96247', 'team1_id': '4ccccd4b7c3dba7d799d52c4b78634d', 'team2_id': 'b33646d7b7b14dd6da17a88f6ddb592', 'date': '2025-01-15 18:15:31', 'data_complete': 'complete', 'url': None, 'league': 'NLC', 'year': '2025', 'split': 'Winter', 'playoffs': False, 'game_in_series': 1, 'patch': '15.01'}
{'game_id': 'LOLTMNT06_96258', 'team1_id': '91e745607dea86d98f6307553e0491d', 'team2_id': '2d096df29ab7e32950c86e0d72fc986', 'date': '2025-01-15 19:25:59', 'data_complete': 'complete', 'url': None, 'league': 'NLC', 'year': '2025', 'split': 'Winter', 'playoffs': False, 'game_in_series': 1, 'patch': '15.01'}
{'game_id': 'LOLTMNT06_96262', 'team1_id': 'b33646d7b7b14dd6da17a88f6ddb592', 'team2_id': '6ef01b22224b92f917d70dd9f33568b', 'date': '2025-01-15 20:25:34', 'data_complete': 'complete', 'url': None, 'league': 'NLC', 'year': '2025', 'split': 'Winter', 'playoffs': False, 'game_in_series': 1, 'patch': '15.01'}
{'game_id': 'LOLTMNT06_96264', 'team1_id': '4ccccd4b7c3dba7d799d52c4b78634d', 'team2_id': '91e745607dea86d98f6307553e0491d', 'date': '2025-01-15 21:38:26', 'data_complete': 'complete', 'url': None, 'league': 'NLC', 'year': '2025', 'split': 'Winter', 'playoffs': False, 'game_in_series': 1, 'patch': '15.01'}
{'game_id': 'LOLTMNT06_96308', 'team1_id': 'b659295189ec2ddd1a30e39fd3a0bd8', 'team2_id': '302fced4d92a9b83cb5784fd6f3b548', 'date': '2025-01-18 11:09:57', 'data_complete': 'complete', 'url': None, 'league': 'LFL2', 'year': '2025', 'split': 'Winter', 'playoffs': False, 'game_in_series': 1, 'patch': '15.01'}
{'game_id': 'LOLTMNT06_96309', 'team1_id': 'df682d5adfed257780a68a85004ed27', 'team2_id': 'ad003d7f74930eeab29a6029c3b9f52', 'date': '2025-01-18 12:07:40', 'data_complete': 'complete', 'url': None, 'league': 'LFL2', 'year': '2025', 'split': 'Winter', 'playoffs': False, 'game_in_series': 1, 'patch': '15.01'}
{'game_id': 'LOLTMNT06_96312', 'team1_id': '343268a42863e8fc2767e02e4042de8', 'team2_id': '2799e04c7212d3c262467ef25427eda', 'date': '2025-01-18 13:12:40', 'data_complete': 'complete', 'url': None, 'league': 'LFL2', 'year': '2025', 'split': 'Winter', 'playoffs': False, 'game_in_series': 1, 'patch': '15.01'}
{'game_id': 'LOLTMNT06_96315', 'team1_id': '71bd93fd1eab2c2f4ba60305ecabce2', 'team2_id': 'f9d5cf621532c5ac51e0947d7098b7f', 'date': '2025-01-18 14:24:51', 'data_complete': 'complete', 'url': None, 'league': 'LFL2', 'year': '2025', 'split': 'Winter', 'playoffs': False, 'game_in_series': 1, 'patch': '15.01'}
{'game_id': 'LOLTMNT06_96344', 'team1_id': '1285e1c04d54de96502f12da4d49458', 'team2_id': 'cd62e47544f14f1d239afa659b9d243', 'date': '2025-01-18 17:09:08', 'data_complete': 'complete', 'url': None, 'league': 'LEC', 'year': '2025', 'split': 'Winter', 'playoffs': False, 'game_in_series': 1, 'patch': '15.01'}
{'game_id': 'LOLTMNT06_96348', 'team1_id': 'e8d8ae992fe72acb7adc7bfcee31dbb', 'team2_id': '7338408a0fe0217451d2c9a567db999', 'date': '2025-01-18 18:10:05', 'data_complete': 'complete', 'url': None, 'league': 'LEC', 'year': '2025', 'split': 'Winter', 'playoffs': False, 'game_in_series': 1, 'patch': '15.01'}
{'game_id': 'LOLTMNT06_96368', 'team1_id': '4acc40654379b4da680be1bd3129dfa', 'team2_id': '78f183fa5a7d8ecb22b9ad272c3abd7', 'date': '2025-01-18 19:59:46', 'data_complete': 'complete', 'url': None, 'league': 'LEC', 'year': '2025', 'split': 'Winter', 'playoffs': False, 'game_in_series': 1, 'patch': '15.01'}
{'game_id': 'LOLTMNT06_96403', 'team1_id': 'b659295189ec2ddd1a30e39fd3a0bd8', 'team2_id': 'ad003d7f74930eeab29a6029c3b9f52', 'date': '2025-01-19 11:38:06', 'data_complete': 'complete', 'url': None, 'league': 'LFL2', 'year': '2025', 'split': 'Winter', 'playoffs': False, 'game_in_series': 1, 'patch': '15.01'}
{'game_id': 'LOLTMNT06_96430', 'team1_id': '1285e1c04d54de96502f12da4d49458', 'team2_id': '75760dca486d4682426196b76bd1a54', 'date': '2025-01-19 17:06:11', 'data_complete': 'complete', 'url': None, 'league': 'LEC', 'year': '2025', 'split': 'Winter', 'playoffs': False, 'game_in_series': 1, 'patch': '15.01'}
{'game_id': 'LOLTMNT06_96459', 'team1_id': '7d6673d3a9d00363c6bebc1a630da6e', 'team2_id': '7338408a0fe0217451d2c9a567db999', 'date': '2025-01-19 20:24:44', 'data_complete': 'complete', 'url': None, 'league': 'LEC', 'year': '2025', 'split': 'Winter', 'playoffs': False, 'game_in_series': 1, 'patch': '15.01'}
{'game_id': 'LOLTMNT06_96473', 'team1_id': '78f183fa5a7d8ecb22b9ad272c3abd7', 'team2_id': 'e8d8ae992fe72acb7adc7bfcee31dbb', 'date': '2025-01-19 21:18:52', 'data_complete': 'complete', 'url': None, 'league': 'LEC', 'year': '2025', 'split': 'Winter', 'playoffs': False, 'game_in_series': 1, 'patch': '15.01'}
{'game_id': 'LOLTMNT06_96516', 'team1_id': '1285e1c04d54de96502f12da4d49458', 'team2_id': '78f183fa5a7d8ecb22b9ad272c3abd7', 'date': '2025-01-20 18:05:02', 'data_complete': 'complete', 'url': None, 'league': 'LEC', 'year': '2025', 'split': 'Winter', 'playoffs': False, 'game_in_series': 1, 'patch': '15.01'}
{'game_id': 'LOLTMNT06_96529', 'team1_id': '4acc40654379b4da680be1bd3129dfa', 'team2_id': 'e8d8ae992fe72acb7adc7bfcee31dbb', 'date': '2025-01-20 18:52:10', 'data_complete': 'complete', 'url': None, 'league': 'LEC', 'year': '2025', 'split': 'Winter', 'playoffs': False, 'game_in_series': 1, 'patch': '15.01'}
{'game_id': 'LOLTMNT06_96548', 'team1_id': '6cd05f0ac20bfb965a59dc8bcc4f184', 'team2_id': 'f3aa9bbd924ce3af42ac53f8326bc7c', 'date': '2025-01-20 20:43:00', 'data_complete': 'complete', 'url': None, 'league': 'LEC', 'year': '2025', 'split': 'Winter', 'playoffs': False, 'game_in_series': 1, 'patch': '15.01'}
{'game_id': 'LOLTMNT06_96575', 'team1_id': '3de935df8f40fbb4d0e564d4a20e6cb', 'team2_id': '6a060bd74c9041bf0aa89adf9d15d12', 'date': '2025-01-21 18:10:12', 'data_complete': 'complete', 'url': None, 'league': 'PRM', 'year': '2025', 'split': 'Winter', 'playoffs': False, 'game_in_series': 2, 'patch': '15.01'}
{'game_id': 'LOLTMNT06_96666', 'team1_id': '4ccccd4b7c3dba7d799d52c4b78634d', 'team2_id': '6ef01b22224b92f917d70dd9f33568b', 'date': '2025-01-22 17:12:23', 'data_complete': 'complete', 'url': None, 'league': 'NLC', 'year': '2025', 'split': 'Winter', 'playoffs': False, 'game_in_series': 1, 'patch': '15.01'}
{'game_id': 'LOLTMNT06_96669', 'team1_id': '01d50b1de5bdc717131b31c64378a5b', 'team2_id': '8d72ee9185fe0727bf453dd59e38cb2', 'date': '2025-01-22 17:18:53', 'data_complete': 'complete', 'url': None, 'league': 'LIT', 'year': '2025', 'split': 'Winter', 'playoffs': False, 'game_in_series': 1, 'patch': '15.01'}
{'game_id': 'LOLTMNT06_96685', 'team1_id': 'e0143514c5de64f62eb418004ca2751', 'team2_id': '7d2c778dc03e3fe0db9e45a57895b88', 'date': '2025-01-22 17:58:26', 'data_complete': 'complete', 'url': None, 'league': 'LFL', 'year': '2025', 'split': 'Flash In', 'playoffs': False, 'game_in_series': 1, 'patch': '15.01'}
{'game_id': 'LOLTMNT06_96689', 'team1_id': 'e7121adad88546bce0ff2cc41c2d343', 'team2_id': 'a2e63aee03585f0b37ff4cad936e349', 'date': '2025-01-22 18:01:29', 'data_complete': 'complete', 'url': None, 'league': 'LIT', 'year': '2025', 'split': 'Winter', 'playoffs': False, 'game_in_series': 1, 'patch': '15.01'}
{'game_id': 'LOLTMNT06_96697', 'team1_id': '859509efa5386fc9876164f85c5cd59', 'team2_id': 'd455b12f2d0ae8596211073fb17c14d', 'date': '2025-01-22 18:51:25', 'data_complete': 'complete', 'url': None, 'league': 'LIT', 'year': '2025', 'split': 'Winter', 'playoffs': False, 'game_in_series': 1, 'patch': '15.01'}
{'game_id': 'LOLTMNT06_96709', 'team1_id': '2d096df29ab7e32950c86e0d72fc986', 'team2_id': '4ccccd4b7c3dba7d799d52c4b78634d', 'date': '2025-01-22 19:14:59', 'data_complete': 'complete', 'url': None, 'league': 'NLC', 'year': '2025', 'split': 'Winter', 'playoffs': False, 'game_in_series': 1, 'patch': '15.01'}
{'game_id': 'LOLTMNT06_96715', 'team1_id': '42bf6c1040db8f2221ff017fa4d34e4', 'team2_id': '7380b73561abdd86c2391e9481acd4b', 'date': '2025-01-22 20:01:11', 'data_complete': 'complete', 'url': None, 'league': 'LFL', 'year': '2025', 'split': 'Flash In', 'playoffs': False, 'game_in_series': 1, 'patch': '15.01'}
{'game_id': 'LOLTMNT06_96717', 'team1_id': 'b33646d7b7b14dd6da17a88f6ddb592', 'team2_id': '2d096df29ab7e32950c86e0d72fc986', 'date': '2025-01-22 21:03:55', 'data_complete': 'complete', 'url': None, 'league': 'NLC', 'year': '2025', 'split': 'Winter', 'playoffs': False, 'game_in_series': 1, 'patch': '15.01'}
{'game_id': 'LOLTMNT06_96747', 'team1_id': 'e7121adad88546bce0ff2cc41c2d343', 'team2_id': '859509efa5386fc9876164f85c5cd59', 'date': '2025-01-23 17:10:27', 'data_complete': 'complete', 'url': None, 'league': 'LIT', 'year': '2025', 'split': 'Winter', 'playoffs': False, 'game_in_series': 1, 'patch': '15.01'}
{'game_id': 'LOLTMNT06_96750', 'team1_id': '105f13a20172b3dbd963c7738617873', 'team2_id': '331c852427c61f82050b618c2b442c4', 'date': '2025-01-23 17:02:42', 'data_complete': 'complete', 'url': None, 'league': 'TCL', 'year': '2025', 'split': 'Winter', 'playoffs': False, 'game_in_series': 1, 'patch': '15.01'}
{'game_id': 'LOLTMNT06_96768', 'team1_id': 'e0143514c5de64f62eb418004ca2751', 'team2_id': '90938c428db11f6e372f5c6833b9743', 'date': '2025-01-23 17:50:17', 'data_complete': 'complete', 'url': None, 'league': 'LFL', 'year': '2025', 'split': 'Flash In', 'playoffs': False, 'game_in_series': 1, 'patch': '15.01'}
{'game_id': 'LOLTMNT06_96773', 'team1_id': 'db052729079b7bbe03274df413b2d1b', 'team2_id': '829dfe12e8897e57883e53610867b8e', 'date': '2025-01-23 18:09:34', 'data_complete': 'complete', 'url': None, 'league': 'NLC', 'year': '2025', 'split': 'Winter', 'playoffs': False, 'game_in_series': 1, 'patch': '15.01'}
{'game_id': 'LOLTMNT06_96775', 'team1_id': 'a2e63aee03585f0b37ff4cad936e349', 'team2_id': '01d50b1de5bdc717131b31c64378a5b', 'date': '2025-01-23 18:14:45', 'data_complete': 'complete', 'url': None, 'league': 'LIT', 'year': '2025', 'split': 'Winter', 'playoffs': False, 'game_in_series': 1, 'patch': '15.01'}
{'game_id': 'LOLTMNT06_96792', 'team1_id': '8891a0acf315ddb592027260300032f', 'team2_id': '147e28c0910250269fbc430f9f42010', 'date': '2025-01-23 19:13:20', 'data_complete': 'complete', 'url': None, 'league': 'NLC', 'year': '2025', 'split': 'Winter', 'playoffs': False, 'game_in_series': 1, 'patch': '15.01'}
{'game_id': 'LOLTMNT06_96794', 'team1_id': '42bf6c1040db8f2221ff017fa4d34e4', 'team2_id': 'ccd089bf173a5fff1063eb0576201a7', 'date': '2025-01-23 19:46:23', 'data_complete': 'complete', 'url': None, 'league': 'LFL', 'year': '2025', 'split': 'Flash In', 'playoffs': False, 'game_in_series': 1, 'patch': '15.01'}
{'game_id': 'LOLTMNT06_96811', 'team1_id': '331c852427c61f82050b618c2b442c4', 'team2_id': '33ef9e523e6474ddd4833d4ad1bc8d7', 'date': '2025-01-24 15:33:02', 'data_complete': 'complete', 'url': None, 'league': 'TCL', 'year': '2025', 'split': 'Winter', 'playoffs': False, 'game_in_series': 1, 'patch': '15.01'}
{'game_id': 'LOLTMNT06_96823', 'team1_id': '7d2c778dc03e3fe0db9e45a57895b88', 'team2_id': 'c40f6d0d20a7a718c60342e48c144a2', 'date': '2025-01-24 17:05:09', 'data_complete': 'complete', 'url': None, 'league': 'LFL', 'year': '2025', 'split': 'Flash In', 'playoffs': False, 'game_in_series': 1, 'patch': '15.01'}
{'game_id': 'LOLTMNT06_96829', 'team1_id': '4ccccd4b7c3dba7d799d52c4b78634d', 'team2_id': '91e745607dea86d98f6307553e0491d', 'date': '2025-01-24 17:08:48', 'data_complete': 'complete', 'url': None, 'league': 'NLC', 'year': '2025', 'split': 'Winter', 'playoffs': False, 'game_in_series': 1, 'patch': '15.01'}
{'game_id': 'LOLTMNT06_96834', 'team1_id': '257377cff6d20cc978872f83d3da049', 'team2_id': '5203ff881d5c82c5f720eb3a2f3b44c', 'date': '2025-01-24 17:33:57', 'data_complete': 'complete', 'url': None, 'league': 'TCL', 'year': '2025', 'split': 'Winter', 'playoffs': False, 'game_in_series': 1, 'patch': '15.01'}
{'game_id': 'LOLTMNT06_96840', 'team1_id': '90938c428db11f6e372f5c6833b9743', 'team2_id': '9adc852fe2e027c5e4abd53ae8915ff', 'date': '2025-01-24 18:11:40', 'data_complete': 'complete', 'url': None, 'league': 'LFL', 'year': '2025', 'split': 'Flash In', 'playoffs': False, 'game_in_series': 1, 'patch': '15.01'}
{'game_id': 'LOLTMNT06_96841', 'team1_id': 'b33646d7b7b14dd6da17a88f6ddb592', 'team2_id': '91e745607dea86d98f6307553e0491d', 'date': '2025-01-24 18:14:59', 'data_complete': 'complete', 'url': None, 'league': 'NLC', 'year': '2025', 'split': 'Winter', 'playoffs': False, 'game_in_series': 1, 'patch': '15.01'}
{'game_id': 'LOLTMNT06_96848', 'team1_id': 'a2e63aee03585f0b37ff4cad936e349', 'team2_id': '8d72ee9185fe0727bf453dd59e38cb2', 'date': '2025-01-24 18:58:20', 'data_complete': 'complete', 'url': None, 'league': 'LIT', 'year': '2025', 'split': 'Winter', 'playoffs': False, 'game_in_series': 1, 'patch': '15.01'}
{'game_id': 'LOLTMNT06_96849', 'team1_id': '312ee76ca74cbb5cb984d8b71ef4847', 'team2_id': '42bf6c1040db8f2221ff017fa4d34e4', 'date': '2025-01-24 19:09:24', 'data_complete': 'complete', 'url': None, 'league': 'LFL', 'year': '2025', 'split': 'Flash In', 'playoffs': False, 'game_in_series': 1, 'patch': '15.01'}
{'game_id': 'LOLTMNT06_96854', 'team1_id': 'd2c27cb51cedbbac1752f1ec81addc4', 'team2_id': 'ccd089bf173a5fff1063eb0576201a7', 'date': '2025-01-24 20:25:13', 'data_complete': 'complete', 'url': None, 'league': 'LFL', 'year': '2025', 'split': 'Flash In', 'playoffs': False, 'game_in_series': 1, 'patch': '15.01'}
{'game_id': 'LOLTMNT06_96867', 'team1_id': '302fced4d92a9b83cb5784fd6f3b548', 'team2_id': 'ad003d7f74930eeab29a6029c3b9f52', 'date': '2025-01-25 11:17:26', 'data_complete': 'complete', 'url': None, 'league': 'LFL2', 'year': '2025', 'split': 'Winter', 'playoffs': False, 'game_in_series': 1, 'patch': '15.01'}
{'game_id': 'LOLTMNT06_96870', 'team1_id': '343268a42863e8fc2767e02e4042de8', 'team2_id': 'df682d5adfed257780a68a85004ed27', 'date': '2025-01-25 14:02:51', 'data_complete': 'complete', 'url': None, 'league': 'LFL2', 'year': '2025', 'split': 'Winter', 'playoffs': False, 'game_in_series': 1, 'patch': '15.01'}
{'game_id': 'LOLTMNT06_96906', 'team1_id': '2799e04c7212d3c262467ef25427eda', 'team2_id': 'ad003d7f74930eeab29a6029c3b9f52', 'date': '2025-01-26 13:01:47', 'data_complete': 'complete', 'url': None, 'league': 'LFL2', 'year': '2025', 'split': 'Winter', 'playoffs': False, 'game_in_series': 1, 'patch': '15.01'}
{'game_id': 'LOLTMNT06_96972', 'team1_id': '90938c428db11f6e372f5c6833b9743', 'team2_id': 'c40f6d0d20a7a718c60342e48c144a2', 'date': '2025-01-29 18:02:24', 'data_complete': 'complete', 'url': None, 'league': 'LFL', 'year': '2025', 'split': 'Flash In', 'playoffs': False, 'game_in_series': 1, 'patch': '15.01'}
{'game_id': 'LOLTMNT06_96989', 'team1_id': 'c40f6d0d20a7a718c60342e48c144a2', 'team2_id': 'e0143514c5de64f62eb418004ca2751', 'date': '2025-01-30 18:11:10', 'data_complete': 'complete', 'url': None, 'league': 'LFL', 'year': '2025', 'split': 'Flash In', 'playoffs': False, 'game_in_series': 1, 'patch': '15.01'}
{'game_id': 'LOLTMNT06_96993', 'team1_id': '7380b73561abdd86c2391e9481acd4b', 'team2_id': 'ccd089bf173a5fff1063eb0576201a7', 'date': '2025-01-30 19:11:27', 'data_complete': 'complete', 'url': None, 'league': 'LFL', 'year': '2025', 'split': 'Flash In', 'playoffs': False, 'game_in_series': 1, 'patch': '15.01'}
